Archive member included to satisfy reference by file (symbol)

../libcan2040.a(can2040.c.o)  CMakeFiles/lab8.dir/babbling.c.o (can2040_pio_irq_handler)
/Applications/ArmGNUToolchain/14.3.rel1/arm-none-eabi/bin/../lib/gcc/arm-none-eabi/14.3.1/thumb/v6-m/nofp/libgcc.a(_dvmd_tls.o)
                              CMakeFiles/lab8.dir/Users/stein/pico-sdk/src/rp2_common/pico_divider/divider_hardware.S.o (__aeabi_idiv0)
/Applications/ArmGNUToolchain/14.3.rel1/arm-none-eabi/bin/../lib/gcc/arm-none-eabi/14.3.1/../../../../arm-none-eabi/lib/thumb/v6-m/nofp/libg.a(libc_a-calloc.o)
                              CMakeFiles/lab8.dir/Users/stein/pico-sdk/src/rp2_common/pico_malloc/malloc.c.o (calloc)
/Applications/ArmGNUToolchain/14.3.rel1/arm-none-eabi/bin/../lib/gcc/arm-none-eabi/14.3.1/../../../../arm-none-eabi/lib/thumb/v6-m/nofp/libg.a(libc_a-callocr.o)
                              /Applications/ArmGNUToolchain/14.3.rel1/arm-none-eabi/bin/../lib/gcc/arm-none-eabi/14.3.1/../../../../arm-none-eabi/lib/thumb/v6-m/nofp/libg.a(libc_a-calloc.o) (_calloc_r)
/Applications/ArmGNUToolchain/14.3.rel1/arm-none-eabi/bin/../lib/gcc/arm-none-eabi/14.3.1/../../../../arm-none-eabi/lib/thumb/v6-m/nofp/libg.a(libc_a-malloc.o)
                              CMakeFiles/lab8.dir/Users/stein/pico-sdk/src/rp2_common/pico_malloc/malloc.c.o (malloc)
/Applications/ArmGNUToolchain/14.3.rel1/arm-none-eabi/bin/../lib/gcc/arm-none-eabi/14.3.1/../../../../arm-none-eabi/lib/thumb/v6-m/nofp/libg.a(libc_a-mallocr.o)
                              /Applications/ArmGNUToolchain/14.3.rel1/arm-none-eabi/bin/../lib/gcc/arm-none-eabi/14.3.1/../../../../arm-none-eabi/lib/thumb/v6-m/nofp/libg.a(libc_a-callocr.o) (_malloc_r)
/Applications/ArmGNUToolchain/14.3.rel1/arm-none-eabi/bin/../lib/gcc/arm-none-eabi/14.3.1/../../../../arm-none-eabi/lib/thumb/v6-m/nofp/libg.a(libc_a-mlock.o)
                              /Applications/ArmGNUToolchain/14.3.rel1/arm-none-eabi/bin/../lib/gcc/arm-none-eabi/14.3.1/../../../../arm-none-eabi/lib/thumb/v6-m/nofp/libg.a(libc_a-mallocr.o) (__malloc_lock)
/Applications/ArmGNUToolchain/14.3.rel1/arm-none-eabi/bin/../lib/gcc/arm-none-eabi/14.3.1/../../../../arm-none-eabi/lib/thumb/v6-m/nofp/libg.a(libc_a-realloc.o)
                              CMakeFiles/lab8.dir/Users/stein/pico-sdk/src/rp2_common/pico_malloc/malloc.c.o (realloc)
/Applications/ArmGNUToolchain/14.3.rel1/arm-none-eabi/bin/../lib/gcc/arm-none-eabi/14.3.1/../../../../arm-none-eabi/lib/thumb/v6-m/nofp/libg.a(libc_a-reallocr.o)
                              /Applications/ArmGNUToolchain/14.3.rel1/arm-none-eabi/bin/../lib/gcc/arm-none-eabi/14.3.1/../../../../arm-none-eabi/lib/thumb/v6-m/nofp/libg.a(libc_a-realloc.o) (_realloc_r)
/Applications/ArmGNUToolchain/14.3.rel1/arm-none-eabi/bin/../lib/gcc/arm-none-eabi/14.3.1/../../../../arm-none-eabi/lib/thumb/v6-m/nofp/libg.a(libc_a-memcmp.o)
                              CMakeFiles/lab8.dir/Users/stein/pico-sdk/src/rp2_common/pico_atomic/atomic.c.o (memcmp)
/Applications/ArmGNUToolchain/14.3.rel1/arm-none-eabi/bin/../lib/gcc/arm-none-eabi/14.3.1/../../../../arm-none-eabi/lib/thumb/v6-m/nofp/libg.a(libc_a-memmove.o)
                              CMakeFiles/lab8.dir/Users/stein/pico-sdk/lib/cyw43-driver/src/cyw43_ll.c.o (memmove)
/Applications/ArmGNUToolchain/14.3.rel1/arm-none-eabi/bin/../lib/gcc/arm-none-eabi/14.3.1/../../../../arm-none-eabi/lib/thumb/v6-m/nofp/libg.a(libc_a-strncmp.o)
                              CMakeFiles/lab8.dir/Users/stein/pico-sdk/lib/cyw43-driver/src/cyw43_ll.c.o (strncmp)
/Applications/ArmGNUToolchain/14.3.rel1/arm-none-eabi/bin/../lib/gcc/arm-none-eabi/14.3.1/../../../../arm-none-eabi/lib/thumb/v6-m/nofp/libg.a(libc_a-lcltime_r.o)
                              CMakeFiles/lab8.dir/Users/stein/pico-sdk/src/common/pico_util/datetime.c.o (localtime_r)
/Applications/ArmGNUToolchain/14.3.rel1/arm-none-eabi/bin/../lib/gcc/arm-none-eabi/14.3.1/../../../../arm-none-eabi/lib/thumb/v6-m/nofp/libg.a(libc_a-mktime.o)
                              CMakeFiles/lab8.dir/Users/stein/pico-sdk/src/common/pico_util/datetime.c.o (mktime)
/Applications/ArmGNUToolchain/14.3.rel1/arm-none-eabi/bin/../lib/gcc/arm-none-eabi/14.3.1/../../../../arm-none-eabi/lib/thumb/v6-m/nofp/libg.a(libc_a-month_lengths.o)
                              /Applications/ArmGNUToolchain/14.3.rel1/arm-none-eabi/bin/../lib/gcc/arm-none-eabi/14.3.1/../../../../arm-none-eabi/lib/thumb/v6-m/nofp/libg.a(libc_a-lcltime_r.o) (__month_lengths)
/Applications/ArmGNUToolchain/14.3.rel1/arm-none-eabi/bin/../lib/gcc/arm-none-eabi/14.3.1/../../../../arm-none-eabi/lib/thumb/v6-m/nofp/libg.a(libc_a-tzcalc_limits.o)
                              /Applications/ArmGNUToolchain/14.3.rel1/arm-none-eabi/bin/../lib/gcc/arm-none-eabi/14.3.1/../../../../arm-none-eabi/lib/thumb/v6-m/nofp/libg.a(libc_a-lcltime_r.o) (__tzcalc_limits)
[...]
Memory Configuration

Name             Origin             Length             Attributes
FLASH            0x10000000         0x00200000         xr
RAM              0x20000000         0x00040000         xrw
SCRATCH_X        0x20040000         0x00001000         xrw
SCRATCH_Y        0x20041000         0x00001000         xrw
*default*        0x00000000         0xffffffff

Linker script and memory map

LOAD /Applications/ArmGNUToolchain/14.3.rel1/arm-none-eabi/bin/../lib/gcc/arm-none-eabi/14.3.1/thumb/v6-m/nofp/crti.o
LOAD /Applications/ArmGNUToolchain/14.3.rel1/arm-none-eabi/bin/../lib/gcc/arm-none-eabi/14.3.1/thumb/v6-m/nofp/crtbegin.o
LOAD /Applications/ArmGNUToolchain/14.3.rel1/arm-none-eabi/bin/../lib/gcc/arm-none-eabi/14.3.1/../../../../arm-none-eabi/lib/thumb/v6-m/nofp/crt0.o

.flash_begin    0x10000000        0x0
                0x10000000                        __flash_binary_start = .

.boot2          0x10000000      0x100
                0x10000000                        __boot2_start__ = .
 *(.boot2)
 .boot2         0x10000000      0x100 ../pico-sdk/src/rp2040/boot_stage2/CMakeFiles/bs2_default_library.dir/bs2_default_padded_checksummed.S.o
                0x10000100                        __boot2_end__ = .
                0x00000001                        ASSERT (((__boot2_end__ - __boot2_start__) == 0x100), ERROR: Pico second stage bootloader must be 256 bytes in size)

.text           0x10000100     0x9950
                0x10000100                        __logical_binary_start = .
 *(.vectors)
 .vectors       0x10000100       0xd4 CMakeFiles/lab8.dir/Users/stein/pico-sdk/src/rp2_common/pico_crt0/crt0.S.o
                0x10000100                __VECTOR_TABLE
                0x10000100                __vectors
                0x100001c0                isr_irq13
                0x100001c0                isr_irq27
                0x100001c0                isr_irq31
                0x100001c0                isr_irq5
                0x100001c0                isr_irq11
                0x100001c0                isr_irq23
                0x100001c0                isr_irq18
                0x100001c0                isr_irq9
                0x100001c0                __unhandled_user_irq
                0x100001c0                isr_irq25
                0x100001c0                isr_irq4
                0x100001c0                isr_irq16
                0x100001c0                isr_irq29
                0x100001c0                isr_irq26
                0x100001c0                isr_irq3
                0x100001c0                isr_irq12
                0x100001c0                isr_irq30
                0x100001c0                isr_irq28
                0x100001c0                isr_irq19
                0x100001c0                isr_irq0
                0x100001c0                isr_irq6
                0x100001c0                isr_irq22
                0x100001c0                isr_irq17
                0x100001c0                isr_irq14
                0x100001c0                __vectors_end
                0x100001c0                __default_isrs_start
                0x100001c0                isr_irq2
                0x100001c0                isr_irq10
                0x100001c0                isr_irq8
                0x100001c0                isr_irq24
                0x100001c0                isr_irq1
                0x100001c0                isr_irq7
                0x100001c0                isr_irq21
                0x100001c0                isr_irq20
                0x100001c0                isr_irq15
                0x100001c6                unhandled_user_irq_num_in_r0
                0x100001c8                isr_invalid
                0x100001ca                isr_nmi
                0x100001cc                isr_hardfault
                0x100001ce                isr_svcall
                0x100001d0                isr_pendsv
                0x100001d2                isr_systick
                0x100001d4                __default_isrs_end
 *(.binary_info_header)
 .binary_info_header
                0x100001d4       0x14 CMakeFiles/lab8.dir/Users/stein/pico-sdk/src/rp2_common/pico_crt0/crt0.S.o
                0x100001e8                        __binary_info_header_end = .
 *(.embedded_block)
                0x100001e8                        __embedded_block_end = .
 *(.reset)
 .reset         0x100001e8       0x9c CMakeFiles/lab8.dir/Users/stein/pico-sdk/src/rp2_common/pico_crt0/crt0.S.o
                0x100001e8                _entry_point
 *(.init)
 .init          0x10000284        0x4 /Applications/ArmGNUToolchain/14.3.rel1/arm-none-eabi/bin/../lib/gcc/arm-none-eabi/14.3.1/thumb/v6-m/nofp/crti.o
                0x10000284                _init
 *(EXCLUDE_FILE(*libm.a: *libc.a:*lib_a-mem*.o *libgcc.a:) .text*)
 .text.register_tm_clones
                0x10000288       0x28 /Applications/ArmGNUToolchain/14.3.rel1/arm-none-eabi/bin/../lib/gcc/arm-none-eabi/14.3.1/thumb/v6-m/nofp/crtbegin.o
 .text.frame_dummy
                0x100002b0       0x24 /Applications/ArmGNUToolchain/14.3.rel1/arm-none-eabi/bin/../lib/gcc/arm-none-eabi/14.3.1/thumb/v6-m/nofp/crtbegin.o
 .text.PIOx_IRQHandler
                0x100002d4       0x10 CMakeFiles/lab8.dir/babbling.c.o
 .text.CanTransmitTask
                0x100002e4       0x64 CMakeFiles/lab8.dir/babbling.c.o
                0x100002e4                CanTransmitTask
 .text.CanReceiveTask
                0x10000348       0x60 CMakeFiles/lab8.dir/babbling.c.o
                0x10000348                CanReceiveTask
 .text.can2040_cb
                0x100003a8       0x20 CMakeFiles/lab8.dir/babbling.c.o
 .text.canbus_setup
                0x100003c8       0x58 CMakeFiles/lab8.dir/babbling.c.o
                0x100003c8                canbus_setup
 .text.startup.main
                0x10000420       0x6c CMakeFiles/lab8.dir/babbling.c.o
                0x10000420                main
 .text.rp2040_chip_version
                0x1000048c        0xc CMakeFiles/lab8.dir/Users/stein/pico-sdk/src/rp2040/pico_platform/platform.c.o
                0x1000048c                rp2040_chip_version
 .text.panic    0x10000498       0x30 CMakeFiles/lab8.dir/Users/stein/pico-sdk/src/rp2_common/pico_platform_panic/panic.c.o
                0x10000498                panic
 .text.panic_unsupported
                0x100004c8        0xc CMakeFiles/lab8.dir/Users/stein/pico-sdk/src/rp2_common/pico_platform_panic/panic.c.o
                0x100004c8                panic_unsupported
 .text.hw_claim_or_assert
                0x100004d4       0x44 CMakeFiles/lab8.dir/Users/stein/pico-sdk/src/common/hardware_claim/claim.c.o
                0x100004d4                hw_claim_or_assert
 .text.hw_claim_unused_from_range
                0x10000518       0x88 CMakeFiles/lab8.dir/Users/stein/pico-sdk/src/common/hardware_claim/claim.c.o
                0x10000518                hw_claim_unused_from_range
 .text.next_striped_spin_lock_num
                0x100005a0       0x18 CMakeFiles/lab8.dir/Users/stein/pico-sdk/src/rp2_common/hardware_sync/sync.c.o
                0x100005a0                next_striped_spin_lock_num
 .text.spin_lock_claim_unused
                0x100005b8       0x24 CMakeFiles/lab8.dir/Users/stein/pico-sdk/src/rp2_common/hardware_sync/sync.c.o
                0x100005b8                spin_lock_claim_unused
 .text.spin_locks_reset
                0x100005dc       0x1c CMakeFiles/lab8.dir/Users/stein/pico-sdk/src/rp2_common/hardware_sync_spin_lock/sync_spin_lock.c.o
                0x100005dc                spin_locks_reset
 .text.runtime_init_per_core_irq_priorities
                0x100005f8       0x24 CMakeFiles/lab8.dir/Users/stein/pico-sdk/src/rp2_common/hardware_irq/irq.c.o
                0x100005f8                runtime_init_per_core_irq_priorities
 .text.irq_set_enabled
                0x1000061c       0x24 CMakeFiles/lab8.dir/Users/stein/pico-sdk/src/rp2_common/hardware_irq/irq.c.o
                0x1000061c                irq_set_enabled
 .text.irq_is_enabled
                0x10000640       0x18 CMakeFiles/lab8.dir/Users/stein/pico-sdk/src/rp2_common/hardware_irq/irq.c.o
                0x10000640                irq_is_enabled
 .text.irq_set_pending
                0x10000658       0x10 CMakeFiles/lab8.dir/Users/stein/pico-sdk/src/rp2_common/hardware_irq/irq.c.o
                0x10000658                irq_set_pending
 .text.irq_has_shared_handler
                0x10000668       0x24 CMakeFiles/lab8.dir/Users/stein/pico-sdk/src/rp2_common/hardware_irq/irq.c.o
                0x10000668                irq_has_shared_handler
 .text.irq_set_exclusive_handler
                0x1000068c       0x54 CMakeFiles/lab8.dir/Users/stein/pico-sdk/src/rp2_common/hardware_irq/irq.c.o
                0x1000068c                irq_set_exclusive_handler
 .text.irq_add_shared_handler
                0x100006e0      0x1f4 CMakeFiles/lab8.dir/Users/stein/pico-sdk/src/rp2_common/hardware_irq/irq.c.o
                0x100006e0                irq_add_shared_handler
 .text.irq_set_priority
                0x100008d4       0x28 CMakeFiles/lab8.dir/Users/stein/pico-sdk/src/rp2_common/hardware_irq/irq.c.o
                0x100008d4                irq_set_priority
 .text.irq_add_tail_to_free_list
                0x100008fc       0xb4 CMakeFiles/lab8.dir/Users/stein/pico-sdk/src/rp2_common/hardware_irq/irq.c.o
                0x100008fc                irq_add_tail_to_free_list
 .text.user_irq_claim_unused
                0x100009b0       0x2c CMakeFiles/lab8.dir/Users/stein/pico-sdk/src/rp2_common/hardware_irq/irq.c.o
                0x100009b0                user_irq_claim_unused
 .text.lock_init
                0x100009dc       0x10 CMakeFiles/lab8.dir/Users/stein/pico-sdk/src/common/pico_sync/lock_core.c.o
                0x100009dc                lock_init
 .text.runtime_init_mutex
                0x100009ec       0x54 CMakeFiles/lab8.dir/Users/stein/pico-sdk/src/common/pico_sync/mutex.c.o
                0x100009ec                runtime_init_mutex
 .text.mutex_init
                0x10000a40       0x1c CMakeFiles/lab8.dir/Users/stein/pico-sdk/src/common/pico_sync/mutex.c.o
                0x10000a40                mutex_init
 .text.critical_section_init
                0x10000a5c       0x1c CMakeFiles/lab8.dir/Users/stein/pico-sdk/src/common/pico_sync/critical_section.c.o
                0x10000a5c                critical_section_init
 .text.critical_section_init_with_lock_num
                0x10000a78       0x14 CMakeFiles/lab8.dir/Users/stein/pico-sdk/src/common/pico_sync/critical_section.c.o
                0x10000a78                critical_section_init_with_lock_num
 .text.alarm_pool_irq_handler
                0x10000a8c      0x2f8 CMakeFiles/lab8.dir/Users/stein/pico-sdk/src/common/pico_time/time.c.o
 .text.sleep_until_callback
                0x10000d84       0x24 CMakeFiles/lab8.dir/Users/stein/pico-sdk/src/common/pico_time/time.c.o
 .text.runtime_init_default_alarm_pool
                0x10000da8       0xdc CMakeFiles/lab8.dir/Users/stein/pico-sdk/src/common/pico_time/time.c.o
                0x10000da8                runtime_init_default_alarm_pool
 .text.alarm_pool_get_default
                0x10000e84        0x8 CMakeFiles/lab8.dir/Users/stein/pico-sdk/src/common/pico_time/time.c.o
                0x10000e84                alarm_pool_get_default
 .text.alarm_pool_add_alarm_at
                0x10000e8c       0xd0 CMakeFiles/lab8.dir/Users/stein/pico-sdk/src/common/pico_time/time.c.o
                0x10000e8c                alarm_pool_add_alarm_at
 .text.alarm_pool_add_alarm_at_force_in_context
                0x10000f5c       0xb0 CMakeFiles/lab8.dir/Users/stein/pico-sdk/src/common/pico_time/time.c.o
                0x10000f5c                alarm_pool_add_alarm_at_force_in_context
 .text.alarm_pool_cancel_alarm
                0x1000100c       0x74 CMakeFiles/lab8.dir/Users/stein/pico-sdk/src/common/pico_time/time.c.o
                0x1000100c                alarm_pool_cancel_alarm
 .text.alarm_pool_core_num
                0x10001080        0x4 CMakeFiles/lab8.dir/Users/stein/pico-sdk/src/common/pico_time/time.c.o
                0x10001080                alarm_pool_core_num
 .text.sleep_ms
                0x10001084       0xf8 CMakeFiles/lab8.dir/Users/stein/pico-sdk/src/common/pico_time/time.c.o
                0x10001084                sleep_ms
 .text.best_effort_wfe_or_timeout
                0x1000117c      0x10c CMakeFiles/lab8.dir/Users/stein/pico-sdk/src/common/pico_time/time.c.o
                0x1000117c                best_effort_wfe_or_timeout
 .text.timer_hardware_alarm_claim
                0x10001288       0x14 CMakeFiles/lab8.dir/Users/stein/pico-sdk/src/rp2_common/hardware_timer/timer.c.o
                0x10001288                timer_hardware_alarm_claim
 .text.timer_time_us_64
                0x1000129c       0x10 CMakeFiles/lab8.dir/Users/stein/pico-sdk/src/rp2_common/hardware_timer/timer.c.o
                0x1000129c                timer_time_us_64
 .text.time_us_64
                0x100012ac       0x14 CMakeFiles/lab8.dir/Users/stein/pico-sdk/src/rp2_common/hardware_timer/timer.c.o
                0x100012ac                time_us_64
 .text.busy_wait_until
                0x100012c0       0x20 CMakeFiles/lab8.dir/Users/stein/pico-sdk/src/rp2_common/hardware_timer/timer.c.o
                0x100012c0                busy_wait_until
 .text.clock_configure_int_divider
                0x100012e0       0xf4 CMakeFiles/lab8.dir/Users/stein/pico-sdk/src/rp2_common/hardware_clocks/clocks.c.o
                0x100012e0                clock_configure_int_divider
 .text.clock_configure_undivided
                0x100013d4       0xe8 CMakeFiles/lab8.dir/Users/stein/pico-sdk/src/rp2_common/hardware_clocks/clocks.c.o
                0x100013d4                clock_configure_undivided
 .text.clock_get_hz
                0x100014bc        0xc CMakeFiles/lab8.dir/Users/stein/pico-sdk/src/rp2_common/hardware_clocks/clocks.c.o
                0x100014bc                clock_get_hz
 .text.pll_init
                0x100014c8       0xa4 CMakeFiles/lab8.dir/Users/stein/pico-sdk/src/rp2_common/hardware_pll/pll.c.o
                0x100014c8                pll_init
 .text.watchdog_reboot
                0x1000156c       0x9c CMakeFiles/lab8.dir/Users/stein/pico-sdk/src/rp2_common/hardware_watchdog/watchdog.c.o
                0x1000156c                watchdog_reboot
 .text.tick_start
                0x10001608       0x10 CMakeFiles/lab8.dir/Users/stein/pico-sdk/src/rp2_common/hardware_ticks/ticks.c.o
                0x10001608                tick_start
 .text.rom_func_lookup
                0x10001618       0x10 CMakeFiles/lab8.dir/Users/stein/pico-sdk/src/rp2_common/pico_bootrom/bootrom.c.o
                0x10001618                rom_func_lookup
 .text.rom_data_lookup
                0x10001628       0x10 CMakeFiles/lab8.dir/Users/stein/pico-sdk/src/rp2_common/pico_bootrom/bootrom.c.o
                0x10001628                rom_data_lookup
 .text.rom_funcs_lookup
                0x10001638       0x44 CMakeFiles/lab8.dir/Users/stein/pico-sdk/src/rp2_common/pico_bootrom/bootrom.c.o
                0x10001638                rom_funcs_lookup
 .text.rom_reset_usb_boot
                0x1000167c       0x1c CMakeFiles/lab8.dir/Users/stein/pico-sdk/src/rp2_common/pico_bootrom/bootrom.c.o
                0x1000167c                rom_reset_usb_boot
 .text.rom_reset_usb_boot_extra
                0x10001698       0x24 CMakeFiles/lab8.dir/Users/stein/pico-sdk/src/rp2_common/pico_bootrom/bootrom.c.o
                0x10001698                rom_reset_usb_boot_extra
 .text.xosc_init
                0x100016bc       0x28 CMakeFiles/lab8.dir/Users/stein/pico-sdk/src/rp2_common/hardware_xosc/xosc.c.o
                0x100016bc                xosc_init
 .text.first_per_core_initializer
                0x100016e4        0x4 CMakeFiles/lab8.dir/Users/stein/pico-sdk/src/rp2_common/pico_runtime/runtime.c.o
 .text.hard_assertion_failure
                0x100016e8        0xc CMakeFiles/lab8.dir/Users/stein/pico-sdk/src/rp2_common/pico_runtime/runtime.c.o
                0x100016e8                hard_assertion_failure
 .text.runtime_run_initializers
                0x100016f4       0x28 CMakeFiles/lab8.dir/Users/stein/pico-sdk/src/rp2_common/pico_runtime/runtime.c.o
                0x100016f4                runtime_run_initializers
 .text.runtime_init_early_resets
                0x1000171c       0x2c CMakeFiles/lab8.dir/Users/stein/pico-sdk/src/rp2_common/pico_runtime_init/runtime_init.c.o
                0x1000171c                runtime_init_early_resets
 .text.runtime_init_usb_power_down
                0x10001748       0x1c CMakeFiles/lab8.dir/Users/stein/pico-sdk/src/rp2_common/pico_runtime_init/runtime_init.c.o
                0x10001748                runtime_init_usb_power_down
 .text.runtime_init_post_clock_resets
                0x10001764       0x20 CMakeFiles/lab8.dir/Users/stein/pico-sdk/src/rp2_common/pico_runtime_init/runtime_init.c.o
                0x10001764                runtime_init_post_clock_resets
 .text.runtime_init_rp2040_gpio_ie_disable
                0x10001784       0x14 CMakeFiles/lab8.dir/Users/stein/pico-sdk/src/rp2_common/pico_runtime_init/runtime_init.c.o
                0x10001784                runtime_init_rp2040_gpio_ie_disable
 .text.runtime_init_spin_locks_reset
                0x10001798        0x8 CMakeFiles/lab8.dir/Users/stein/pico-sdk/src/rp2_common/pico_runtime_init/runtime_init.c.o
                0x10001798                runtime_init_spin_locks_reset
 .text.runtime_init_install_ram_vector_table
                0x100017a0       0xb4 CMakeFiles/lab8.dir/Users/stein/pico-sdk/src/rp2_common/pico_runtime_init/runtime_init.c.o
                0x100017a0                runtime_init_install_ram_vector_table
 .text.runtime_init_clocks
                0x10001854       0xd8 CMakeFiles/lab8.dir/Users/stein/pico-sdk/src/rp2_common/pico_runtime_init/runtime_init_clocks.c.o
                0x10001854                runtime_init_clocks
 .text          0x1000192c       0x10 CMakeFiles/lab8.dir/Users/stein/pico-sdk/src/rp2_common/pico_bit_ops/bit_ops_aeabi.S.o
 .text.__wrap___aeabi_idiv
                0x1000193c       0x50 CMakeFiles/lab8.dir/Users/stein/pico-sdk/src/rp2_common/pico_divider/divider_hardware.S.o
                0x1000193c                __wrap___aeabi_idivmod
                0x1000193c                divmod_s32s32
                0x1000193c                div_s32s32
                0x1000193c                __wrap___aeabi_idiv
                0x10001944                divmod_s32s32_unsafe
                0x10001970                divmod_s32s32_savestate
 .text.__wrap___aeabi_uidiv
                0x1000198c       0x4c CMakeFiles/lab8.dir/Users/stein/pico-sdk/src/rp2_common/pico_divider/divider_hardware.S.o
                0x1000198c                __wrap___aeabi_uidiv
                0x1000198c                __wrap___aeabi_uidivmod
                0x1000198c                div_u32u32
                0x1000198c                divmod_u32u32
                0x10001994                divmod_u32u32_unsafe
                0x100019bc                divmod_u32u32_savestate
 .text.__wrap___aeabi_ldiv
                0x100019d8      0x424 CMakeFiles/lab8.dir/Users/stein/pico-sdk/src/rp2_common/pico_divider/divider_hardware.S.o
                0x100019d8                __wrap___aeabi_ldivmod
                0x100019d8                div_s64s64
                0x100019d8                divmod_s64s64
                0x10001a08                divmod_u64u64
                0x10001a08                div_u64u64
                0x10001a08                __wrap___aeabi_uldivmod
                0x10001a18                divmod_u64u64_savestate
                0x10001a38                divmod_s64s64_unsafe
                0x10001ac0                divmod_u64u64_unsafe
 .text.__wrap___aeabi_darithmetic
                0x10001dfc       0x60 CMakeFiles/lab8.dir/Users/stein/pico-sdk/src/rp2_common/pico_double/double_aeabi_rp2040.S.o
                0x10001dfc                __wrap___aeabi_drsub
                0x10001e02                __wrap___aeabi_dsub
                0x10001e0c                __wrap___aeabi_dadd
                0x10001e16                __wrap___aeabi_ddiv
                0x10001e4a                __wrap___aeabi_dmul
 .text.__wrap___aeabi_cdcmple
                0x10001e5c       0x6c CMakeFiles/lab8.dir/Users/stein/pico-sdk/src/rp2_common/pico_double/double_aeabi_rp2040.S.o
                0x10001e5c                __wrap___aeabi_cdrcmple
                0x10001e6c                __wrap___aeabi_cdcmple
                0x10001e6c                __wrap___aeabi_cdcmpeq
 .text.__wrap___aeabi_dcmplt
                0x10001ec8        0xc CMakeFiles/lab8.dir/Users/stein/pico-sdk/src/rp2_common/pico_double/double_aeabi_rp2040.S.o
                0x10001ec8                __wrap___aeabi_dcmplt
 .text.__wrap___aeabi_dcmple
                0x10001ed4       0x10 CMakeFiles/lab8.dir/Users/stein/pico-sdk/src/rp2_common/pico_double/double_aeabi_rp2040.S.o
                0x10001ed4                __wrap___aeabi_dcmple
 .text.__wrap___aeabi_dcmpge
                0x10001ee4       0x10 CMakeFiles/lab8.dir/Users/stein/pico-sdk/src/rp2_common/pico_double/double_aeabi_rp2040.S.o
                0x10001ee4                __wrap___aeabi_dcmpge
 .text.__wrap___aeabi_dcmpgt
                0x10001ef4        0xa CMakeFiles/lab8.dir/Users/stein/pico-sdk/src/rp2_common/pico_double/double_aeabi_rp2040.S.o
                0x10001ef4                __wrap___aeabi_dcmpgt
 .text.__wrap___aeabi_dcmpun
                0x10001efe       0x18 CMakeFiles/lab8.dir/Users/stein/pico-sdk/src/rp2_common/pico_double/double_aeabi_rp2040.S.o
                0x10001efe                __wrap___aeabi_dcmpun
 *fill*         0x10001f16        0x2 
 .text.__wrap___aeabi_i2d
                0x10001f18       0x38 CMakeFiles/lab8.dir/Users/stein/pico-sdk/src/rp2_common/pico_double/double_aeabi_rp2040.S.o
                0x10001f18                __wrap___aeabi_ui2d
                0x10001f18                uint2double
                0x10001f20                __wrap___aeabi_i2d
                0x10001f20                int2double
 .text.__wrap___aeabi_d2iz
                0x10001f50       0x48 CMakeFiles/lab8.dir/Users/stein/pico-sdk/src/rp2_common/pico_double/double_aeabi_rp2040.S.o
                0x10001f50                __wrap___aeabi_d2iz
                0x10001f50                double2int_z
 .text.__wrap___aeabi_d2uiz
                0x10001f98       0x10 CMakeFiles/lab8.dir/Users/stein/pico-sdk/src/rp2_common/pico_double/double_aeabi_rp2040.S.o
                0x10001f98                double2uint_z
                0x10001f98                double2uint
                0x10001f98                __wrap___aeabi_d2uiz
 .text.missing_double_func_shim
                0x10001fa8        0xc CMakeFiles/lab8.dir/Users/stein/pico-sdk/src/rp2_common/pico_double/double_init_rom_rp2040.c.o
 .text.__aeabi_double_init
                0x10001fb4       0xa0 CMakeFiles/lab8.dir/Users/stein/pico-sdk/src/rp2_common/pico_double/double_init_rom_rp2040.c.o
                0x10001fb4                __aeabi_double_init
 .text.double_table_shim_on_use_helper
                0x10002054       0x2c CMakeFiles/lab8.dir/Users/stein/pico-sdk/src/rp2_common/pico_double/double_v1_rom_shim_rp2040.S.o
                0x10002054                double_table_shim_on_use_helper
 .text.__aeabi_lmul
                0x10002080       0x32 CMakeFiles/lab8.dir/Users/stein/pico-sdk/src/rp2_common/pico_int64_ops/pico_int64_ops_aeabi.S.o
                0x10002080                __wrap___aeabi_lmul
 *fill*         0x100020b2        0x2 
 .text.missing_float_func_shim
                0x100020b4        0xc CMakeFiles/lab8.dir/Users/stein/pico-sdk/src/rp2_common/pico_float/float_init_rom_rp2040.c.o
 .text.__aeabi_float_init
                0x100020c0       0x5c CMakeFiles/lab8.dir/Users/stein/pico-sdk/src/rp2_common/pico_float/float_init_rom_rp2040.c.o
                0x100020c0                __aeabi_float_init
 .text          0x1000211c       0x10 CMakeFiles/lab8.dir/Users/stein/pico-sdk/src/rp2_common/pico_mem_ops/mem_ops_aeabi.S.o
                0x1000211c                __aeabi_mem_init
 .text.memset   0x1000212c        0xc CMakeFiles/lab8.dir/Users/stein/pico-sdk/src/rp2_common/pico_mem_ops/mem_ops_aeabi.S.o
                0x1000212c                __wrap_memset
 .text.memcpy   0x10002138        0xc CMakeFiles/lab8.dir/Users/stein/pico-sdk/src/rp2_common/pico_mem_ops/mem_ops_aeabi.S.o
                0x10002138                __wrap___aeabi_memcpy
                0x10002138                __wrap_memcpy
 .text._out_null
                0x10002144        0x4 CMakeFiles/lab8.dir/Users/stein/pico-sdk/src/rp2_common/pico_printf/printf.c.o
 .text._out_rev
                0x10002148       0xac CMakeFiles/lab8.dir/Users/stein/pico-sdk/src/rp2_common/pico_printf/printf.c.o
 .text._ntoa_format
                0x100021f4      0x1cc CMakeFiles/lab8.dir/Users/stein/pico-sdk/src/rp2_common/pico_printf/printf.c.o
 .text._out_char
                0x100023c0       0x10 CMakeFiles/lab8.dir/Users/stein/pico-sdk/src/rp2_common/pico_printf/printf.c.o
 .text._out_fct
                0x100023d0       0x10 CMakeFiles/lab8.dir/Users/stein/pico-sdk/src/rp2_common/pico_printf/printf.c.o
 .text._ftoa    0x100023e0      0x4a8 CMakeFiles/lab8.dir/Users/stein/pico-sdk/src/rp2_common/pico_printf/printf.c.o
 .text._etoa    0x10002888      0x57c CMakeFiles/lab8.dir/Users/stein/pico-sdk/src/rp2_common/pico_printf/printf.c.o
 .text._vsnprintf
                0x10002e04      0xbe0 CMakeFiles/lab8.dir/Users/stein/pico-sdk/src/rp2_common/pico_printf/printf.c.o
 .text.vfctprintf
                0x100039e4       0x24 CMakeFiles/lab8.dir/Users/stein/pico-sdk/src/rp2_common/pico_printf/printf.c.o
                0x100039e4                vfctprintf
 .text.weak_raw_vprintf
                0x10003a08       0x30 CMakeFiles/lab8.dir/Users/stein/pico-sdk/src/rp2_common/pico_printf/printf.c.o
                0x10003a08                weak_raw_vprintf
 .text._exit    0x10003a38        0xc CMakeFiles/lab8.dir/Users/stein/pico-sdk/src/rp2_common/pico_clib_interface/newlib_interface.c.o
                0x10003a38                _exit
 .text.exit     0x10003a44        0x8 CMakeFiles/lab8.dir/Users/stein/pico-sdk/src/rp2_common/pico_clib_interface/newlib_interface.c.o
                0x10003a44                exit
 .text.runtime_init
                0x10003a4c       0x2c CMakeFiles/lab8.dir/Users/stein/pico-sdk/src/rp2_common/pico_clib_interface/newlib_interface.c.o
                0x10003a4c                runtime_init
 .text.stdio_out_chars_no_crlf
                0x10003a78       0x10 CMakeFiles/lab8.dir/Users/stein/pico-sdk/src/rp2_common/pico_stdio/stdio.c.o
 .text.stdio_out_chars_crlf
                0x10003a88       0xb0 CMakeFiles/lab8.dir/Users/stein/pico-sdk/src/rp2_common/pico_stdio/stdio.c.o
 .text.stdio_buffered_printer
                0x10003b38       0x64 CMakeFiles/lab8.dir/Users/stein/pico-sdk/src/rp2_common/pico_stdio/stdio.c.o
 .text.stdio_put_string
                0x10003b9c       0xfc CMakeFiles/lab8.dir/Users/stein/pico-sdk/src/rp2_common/pico_stdio/stdio.c.o
                0x10003b9c                stdio_put_string
 .text.stdio_set_driver_enabled
                0x10003c98       0x30 CMakeFiles/lab8.dir/Users/stein/pico-sdk/src/rp2_common/pico_stdio/stdio.c.o
                0x10003c98                stdio_set_driver_enabled
 .text.stdio_init_all
                0x10003cc8        0x8 CMakeFiles/lab8.dir/Users/stein/pico-sdk/src/rp2_common/pico_stdio/stdio.c.o
                0x10003cc8                stdio_init_all
 .text.__wrap_putchar
                0x10003cd0       0x94 CMakeFiles/lab8.dir/Users/stein/pico-sdk/src/rp2_common/pico_stdio/stdio.c.o
                0x10003cd0                stdio_putchar
                0x10003cd0                __wrap_putchar
 .text.__wrap_puts
                0x10003d64       0x3c CMakeFiles/lab8.dir/Users/stein/pico-sdk/src/rp2_common/pico_stdio/stdio.c.o
                0x10003d64                __wrap_puts
                0x10003d64                stdio_puts
 .text.__wrap_vprintf
                0x10003da0       0xcc CMakeFiles/lab8.dir/Users/stein/pico-sdk/src/rp2_common/pico_stdio/stdio.c.o
                0x10003da0                __wrap_vprintf
                0x10003da0                stdio_vprintf
 .text.__wrap_printf
                0x10003e6c       0x18 CMakeFiles/lab8.dir/Users/stein/pico-sdk/src/rp2_common/pico_stdio/stdio.c.o
                0x10003e6c                stdio_printf
                0x10003e6c                __wrap_printf
 .text.resetd_init
                0x10003e84        0x4 CMakeFiles/lab8.dir/Users/stein/pico-sdk/src/rp2_common/pico_stdio_usb/reset_interface.c.o
 .text.resetd_reset
                0x10003e88        0xc CMakeFiles/lab8.dir/Users/stein/pico-sdk/src/rp2_common/pico_stdio_usb/reset_interface.c.o
 .text.resetd_open
                0x10003e94       0x28 CMakeFiles/lab8.dir/Users/stein/pico-sdk/src/rp2_common/pico_stdio_usb/reset_interface.c.o
 .text.resetd_xfer_cb
                0x10003ebc        0x4 CMakeFiles/lab8.dir/Users/stein/pico-sdk/src/rp2_common/pico_stdio_usb/reset_interface.c.o
 .text.resetd_control_xfer_cb
                0x10003ec0       0x54 CMakeFiles/lab8.dir/Users/stein/pico-sdk/src/rp2_common/pico_stdio_usb/reset_interface.c.o
 .text.tud_descriptor_bos_cb
                0x10003f14        0x8 CMakeFiles/lab8.dir/Users/stein/pico-sdk/src/rp2_common/pico_stdio_usb/reset_interface.c.o
                0x10003f14                tud_descriptor_bos_cb
 .text.tud_vendor_control_xfer_cb
                0x10003f1c       0x34 CMakeFiles/lab8.dir/Users/stein/pico-sdk/src/rp2_common/pico_stdio_usb/reset_interface.c.o
                0x10003f1c                tud_vendor_control_xfer_cb
 .text.usbd_app_driver_get_cb
                0x10003f50        0xc CMakeFiles/lab8.dir/Users/stein/pico-sdk/src/rp2_common/pico_stdio_usb/reset_interface.c.o
                0x10003f50                usbd_app_driver_get_cb
 .text.tud_cdc_line_coding_cb
                0x10003f5c       0x2c CMakeFiles/lab8.dir/Users/stein/pico-sdk/src/rp2_common/pico_stdio_usb/reset_interface.c.o
                0x10003f5c                tud_cdc_line_coding_cb
 .text.stdio_usb_set_chars_available_callback
                0x10003f88       0x14 CMakeFiles/lab8.dir/Users/stein/pico-sdk/src/rp2_common/pico_stdio_usb/stdio_usb.c.o
                0x10003f88                stdio_usb_set_chars_available_callback
 .text.usb_irq  0x10003f9c       0x10 CMakeFiles/lab8.dir/Users/stein/pico-sdk/src/rp2_common/pico_stdio_usb/stdio_usb.c.o
 .text.timer_task
                0x10003fac       0x64 CMakeFiles/lab8.dir/Users/stein/pico-sdk/src/rp2_common/pico_stdio_usb/stdio_usb.c.o
 .text.stdio_usb_in_chars
                0x10004010       0x8c CMakeFiles/lab8.dir/Users/stein/pico-sdk/src/rp2_common/pico_stdio_usb/stdio_usb.c.o
                0x10004010                stdio_usb_in_chars
 .text.stdio_usb_out_flush
                0x1000409c       0x4c CMakeFiles/lab8.dir/Users/stein/pico-sdk/src/rp2_common/pico_stdio_usb/stdio_usb.c.o
 .text.stdio_usb_out_chars
                0x100040e8      0x100 CMakeFiles/lab8.dir/Users/stein/pico-sdk/src/rp2_common/pico_stdio_usb/stdio_usb.c.o
 .text.low_priority_worker_irq
                0x100041e8       0xc8 CMakeFiles/lab8.dir/Users/stein/pico-sdk/src/rp2_common/pico_stdio_usb/stdio_usb.c.o
 .text.stdio_usb_init
                0x100042b0       0xe8 CMakeFiles/lab8.dir/Users/stein/pico-sdk/src/rp2_common/pico_stdio_usb/stdio_usb.c.o
                0x100042b0                stdio_usb_init
 .text.tud_descriptor_device_cb
                0x10004398        0x8 CMakeFiles/lab8.dir/Users/stein/pico-sdk/src/rp2_common/pico_stdio_usb/stdio_usb_descriptors.c.o
                0x10004398                tud_descriptor_device_cb
 .text.tud_descriptor_configuration_cb
                0x100043a0        0x8 CMakeFiles/lab8.dir/Users/stein/pico-sdk/src/rp2_common/pico_stdio_usb/stdio_usb_descriptors.c.o
                0x100043a0                tud_descriptor_configuration_cb
 .text.tud_descriptor_string_cb
                0x100043a8       0x78 CMakeFiles/lab8.dir/Users/stein/pico-sdk/src/rp2_common/pico_stdio_usb/stdio_usb_descriptors.c.o
                0x100043a8                tud_descriptor_string_cb
 .text.startup._retrieve_unique_id_on_boot
                0x10004420       0x10 CMakeFiles/lab8.dir/Users/stein/pico-sdk/src/rp2_common/pico_unique_id/unique_id.c.o
 .text.pico_get_unique_board_id_string
                0x10004430      0x1a8 CMakeFiles/lab8.dir/Users/stein/pico-sdk/src/rp2_common/pico_unique_id/unique_id.c.o
                0x10004430                pico_get_unique_board_id_string
 .text.flash_get_unique_id
                0x100045d8       0x3c CMakeFiles/lab8.dir/Users/stein/pico-sdk/src/rp2_common/hardware_flash/flash.c.o
                0x100045d8                flash_get_unique_id
 .text.dcd_init
                0x10004614       0x90 CMakeFiles/lab8.dir/Users/stein/pico-sdk/lib/tinyusb/src/portable/raspberrypi/rp2040/dcd_rp2040.c.o
                0x10004614                dcd_init
 .text.dcd_int_enable
                0x100046a4        0xc CMakeFiles/lab8.dir/Users/stein/pico-sdk/lib/tinyusb/src/portable/raspberrypi/rp2040/dcd_rp2040.c.o
                0x100046a4                dcd_int_enable
 .text.dcd_set_address
                0x100046b0       0x14 CMakeFiles/lab8.dir/Users/stein/pico-sdk/lib/tinyusb/src/portable/raspberrypi/rp2040/dcd_rp2040.c.o
                0x100046b0                dcd_set_address
 .text.dcd_sof_enable
                0x100046c4       0x1c CMakeFiles/lab8.dir/Users/stein/pico-sdk/lib/tinyusb/src/portable/raspberrypi/rp2040/dcd_rp2040.c.o
                0x100046c4                dcd_sof_enable
 .text.dcd_edpt0_status_complete
                0x100046e0       0x1c CMakeFiles/lab8.dir/Users/stein/pico-sdk/lib/tinyusb/src/portable/raspberrypi/rp2040/dcd_rp2040.c.o
                0x100046e0                dcd_edpt0_status_complete
 .text.dcd_edpt_open
                0x100046fc      0x114 CMakeFiles/lab8.dir/Users/stein/pico-sdk/lib/tinyusb/src/portable/raspberrypi/rp2040/dcd_rp2040.c.o
                0x100046fc                dcd_edpt_open
 .text.dcd_edpt_close_all
                0x10004810        0x8 CMakeFiles/lab8.dir/Users/stein/pico-sdk/lib/tinyusb/src/portable/raspberrypi/rp2040/dcd_rp2040.c.o
                0x10004810                dcd_edpt_close_all
 .text.dcd_edpt_xfer
                0x10004818       0x24 CMakeFiles/lab8.dir/Users/stein/pico-sdk/lib/tinyusb/src/portable/raspberrypi/rp2040/dcd_rp2040.c.o
                0x10004818                dcd_edpt_xfer
 .text.dcd_edpt_stall
                0x1000483c       0x3c CMakeFiles/lab8.dir/Users/stein/pico-sdk/lib/tinyusb/src/portable/raspberrypi/rp2040/dcd_rp2040.c.o
                0x1000483c                dcd_edpt_stall
 .text.dcd_edpt_clear_stall
                0x10004878       0x30 CMakeFiles/lab8.dir/Users/stein/pico-sdk/lib/tinyusb/src/portable/raspberrypi/rp2040/dcd_rp2040.c.o
                0x10004878                dcd_edpt_clear_stall
 .text.rp2040_usb_init
                0x100048a8       0x40 CMakeFiles/lab8.dir/Users/stein/pico-sdk/lib/tinyusb/src/portable/raspberrypi/rp2040/rp2040_usb.c.o
                0x100048a8                rp2040_usb_init
 .text.hw_endpoint_xfer_start
                0x100048e8       0x40 CMakeFiles/lab8.dir/Users/stein/pico-sdk/lib/tinyusb/src/portable/raspberrypi/rp2040/rp2040_usb.c.o
                0x100048e8                hw_endpoint_xfer_start
 .text.tud_event_hook_cb
                0x10004928        0x4 CMakeFiles/lab8.dir/Users/stein/pico-sdk/lib/tinyusb/src/device/usbd.c.o
                0x10004928                tud_event_hook_cb
 .text.tud_sof_cb
                0x1000492c        0x4 CMakeFiles/lab8.dir/Users/stein/pico-sdk/lib/tinyusb/src/device/usbd.c.o
                0x1000492c                tud_sof_cb
 .text.tud_descriptor_device_qualifier_cb
                0x10004930        0x4 CMakeFiles/lab8.dir/Users/stein/pico-sdk/lib/tinyusb/src/device/usbd.c.o
                0x10004930                tud_descriptor_device_qualifier_cb
 .text.tud_descriptor_other_speed_configuration_cb
                0x10004934        0x4 CMakeFiles/lab8.dir/Users/stein/pico-sdk/lib/tinyusb/src/device/usbd.c.o
                0x10004934                tud_descriptor_other_speed_configuration_cb
 .text.tud_mount_cb
                0x10004938        0x4 CMakeFiles/lab8.dir/Users/stein/pico-sdk/lib/tinyusb/src/device/usbd.c.o
                0x10004938                tud_mount_cb
 .text.tud_umount_cb
                0x1000493c        0x4 CMakeFiles/lab8.dir/Users/stein/pico-sdk/lib/tinyusb/src/device/usbd.c.o
                0x1000493c                tud_umount_cb
 .text.tud_suspend_cb
                0x10004940        0x4 CMakeFiles/lab8.dir/Users/stein/pico-sdk/lib/tinyusb/src/device/usbd.c.o
                0x10004940                tud_suspend_cb
 .text.tud_resume_cb
                0x10004944        0x4 CMakeFiles/lab8.dir/Users/stein/pico-sdk/lib/tinyusb/src/device/usbd.c.o
                0x10004944                tud_resume_cb
 .text.tud_mounted
                0x10004948       0x10 CMakeFiles/lab8.dir/Users/stein/pico-sdk/lib/tinyusb/src/device/usbd.c.o
                0x10004948                tud_mounted
 .text.tud_suspended
                0x10004958       0x10 CMakeFiles/lab8.dir/Users/stein/pico-sdk/lib/tinyusb/src/device/usbd.c.o
                0x10004958                tud_suspended
 .text.tud_rhport_init
                0x10004968       0xf4 CMakeFiles/lab8.dir/Users/stein/pico-sdk/lib/tinyusb/src/device/usbd.c.o
                0x10004968                tud_rhport_init
 .text.tud_task_ext
                0x10004a5c      0x800 CMakeFiles/lab8.dir/Users/stein/pico-sdk/lib/tinyusb/src/device/usbd.c.o
                0x10004a5c                tud_task_ext
 .text.usbd_open_edpt_pair
                0x1000525c       0x9c CMakeFiles/lab8.dir/Users/stein/pico-sdk/lib/tinyusb/src/device/usbd.c.o
                0x1000525c                usbd_open_edpt_pair
 .text.usbd_edpt_open
                0x100052f8       0x34 CMakeFiles/lab8.dir/Users/stein/pico-sdk/lib/tinyusb/src/device/usbd.c.o
                0x100052f8                usbd_edpt_open
 .text.usbd_edpt_claim
                0x1000532c       0x28 CMakeFiles/lab8.dir/Users/stein/pico-sdk/lib/tinyusb/src/device/usbd.c.o
                0x1000532c                usbd_edpt_claim
 .text.usbd_edpt_release
                0x10005354       0x28 CMakeFiles/lab8.dir/Users/stein/pico-sdk/lib/tinyusb/src/device/usbd.c.o
                0x10005354                usbd_edpt_release
 .text.usbd_edpt_xfer
                0x1000537c       0x4c CMakeFiles/lab8.dir/Users/stein/pico-sdk/lib/tinyusb/src/device/usbd.c.o
                0x1000537c                usbd_edpt_xfer
 .text.tud_control_status
                0x100053c8       0x2c CMakeFiles/lab8.dir/Users/stein/pico-sdk/lib/tinyusb/src/device/usbd_control.c.o
                0x100053c8                tud_control_status
 .text.tud_control_xfer
                0x100053f4       0xa8 CMakeFiles/lab8.dir/Users/stein/pico-sdk/lib/tinyusb/src/device/usbd_control.c.o
                0x100053f4                tud_control_xfer
 .text.usbd_control_reset
                0x1000549c       0x14 CMakeFiles/lab8.dir/Users/stein/pico-sdk/lib/tinyusb/src/device/usbd_control.c.o
                0x1000549c                usbd_control_reset
 .text.usbd_control_set_complete_callback
                0x100054b0        0xc CMakeFiles/lab8.dir/Users/stein/pico-sdk/lib/tinyusb/src/device/usbd_control.c.o
                0x100054b0                usbd_control_set_complete_callback
 .text.usbd_control_set_request
                0x100054bc       0x1c CMakeFiles/lab8.dir/Users/stein/pico-sdk/lib/tinyusb/src/device/usbd_control.c.o
                0x100054bc                usbd_control_set_request
 .text.usbd_control_xfer_cb
                0x100054d8       0xec CMakeFiles/lab8.dir/Users/stein/pico-sdk/lib/tinyusb/src/device/usbd_control.c.o
                0x100054d8                usbd_control_xfer_cb
 .text._prep_out_transaction.isra.0
                0x100055c4       0x6c CMakeFiles/lab8.dir/Users/stein/pico-sdk/lib/tinyusb/src/class/cdc/cdc_device.c.o
 .text.tud_cdc_n_connected
                0x10005630       0x2c CMakeFiles/lab8.dir/Users/stein/pico-sdk/lib/tinyusb/src/class/cdc/cdc_device.c.o
                0x10005630                tud_cdc_n_connected
 .text.tud_cdc_n_available
                0x1000565c       0x14 CMakeFiles/lab8.dir/Users/stein/pico-sdk/lib/tinyusb/src/class/cdc/cdc_device.c.o
                0x1000565c                tud_cdc_n_available
 .text.tud_cdc_n_read
                0x10005670       0x88 CMakeFiles/lab8.dir/Users/stein/pico-sdk/lib/tinyusb/src/class/cdc/cdc_device.c.o
                0x10005670                tud_cdc_n_read
 .text.tud_cdc_n_write_flush
                0x100056f8       0x74 CMakeFiles/lab8.dir/Users/stein/pico-sdk/lib/tinyusb/src/class/cdc/cdc_device.c.o
                0x100056f8                tud_cdc_n_write_flush
 .text.tud_cdc_n_write
                0x1000576c       0x40 CMakeFiles/lab8.dir/Users/stein/pico-sdk/lib/tinyusb/src/class/cdc/cdc_device.c.o
                0x1000576c                tud_cdc_n_write
 .text.tud_cdc_n_write_available
                0x100057ac       0x14 CMakeFiles/lab8.dir/Users/stein/pico-sdk/lib/tinyusb/src/class/cdc/cdc_device.c.o
                0x100057ac                tud_cdc_n_write_available
 .text.cdcd_init
                0x100057c0       0x70 CMakeFiles/lab8.dir/Users/stein/pico-sdk/lib/tinyusb/src/class/cdc/cdc_device.c.o
                0x100057c0                cdcd_init
 .text.cdcd_deinit
                0x10005830       0x30 CMakeFiles/lab8.dir/Users/stein/pico-sdk/lib/tinyusb/src/class/cdc/cdc_device.c.o
                0x10005830                cdcd_deinit
 .text.cdcd_reset
                0x10005860       0x4c CMakeFiles/lab8.dir/Users/stein/pico-sdk/lib/tinyusb/src/class/cdc/cdc_device.c.o
                0x10005860                cdcd_reset
 .text.cdcd_open
                0x100058ac       0xa4 CMakeFiles/lab8.dir/Users/stein/pico-sdk/lib/tinyusb/src/class/cdc/cdc_device.c.o
                0x100058ac                cdcd_open
 .text.cdcd_control_xfer_cb
                0x10005950       0xe8 CMakeFiles/lab8.dir/Users/stein/pico-sdk/lib/tinyusb/src/class/cdc/cdc_device.c.o
                0x10005950                cdcd_control_xfer_cb
 .text.cdcd_xfer_cb
                0x10005a38      0x100 CMakeFiles/lab8.dir/Users/stein/pico-sdk/lib/tinyusb/src/class/cdc/cdc_device.c.o
                0x10005a38                cdcd_xfer_cb
 .text.vendord_init
                0x10005b38       0x5c CMakeFiles/lab8.dir/Users/stein/pico-sdk/lib/tinyusb/src/class/vendor/vendor_device.c.o
                0x10005b38                vendord_init
 .text.vendord_deinit
                0x10005b94       0x1c CMakeFiles/lab8.dir/Users/stein/pico-sdk/lib/tinyusb/src/class/vendor/vendor_device.c.o
                0x10005b94                vendord_deinit
 .text.vendord_reset
                0x10005bb0       0x28 CMakeFiles/lab8.dir/Users/stein/pico-sdk/lib/tinyusb/src/class/vendor/vendor_device.c.o
                0x10005bb0                vendord_reset
 .text.vendord_open
                0x10005bd8      0x120 CMakeFiles/lab8.dir/Users/stein/pico-sdk/lib/tinyusb/src/class/vendor/vendor_device.c.o
                0x10005bd8                vendord_open
 .text.vendord_xfer_cb
                0x10005cf8       0x9c CMakeFiles/lab8.dir/Users/stein/pico-sdk/lib/tinyusb/src/class/vendor/vendor_device.c.o
                0x10005cf8                vendord_xfer_cb
 .text.tusb_rhport_init
                0x10005d94       0x4c CMakeFiles/lab8.dir/Users/stein/pico-sdk/lib/tinyusb/src/tusb.c.o
                0x10005d94                tusb_rhport_init
 .text.tu_edpt_claim
                0x10005de0       0x50 CMakeFiles/lab8.dir/Users/stein/pico-sdk/lib/tinyusb/src/tusb.c.o
                0x10005de0                tu_edpt_claim
 .text.tu_edpt_release
                0x10005e30       0x38 CMakeFiles/lab8.dir/Users/stein/pico-sdk/lib/tinyusb/src/tusb.c.o
                0x10005e30                tu_edpt_release
 .text.tu_edpt_validate
                0x10005e68       0x7c CMakeFiles/lab8.dir/Users/stein/pico-sdk/lib/tinyusb/src/tusb.c.o
                0x10005e68                tu_edpt_validate
 .text.tu_edpt_bind_driver
                0x10005ee4       0x34 CMakeFiles/lab8.dir/Users/stein/pico-sdk/lib/tinyusb/src/tusb.c.o
                0x10005ee4                tu_edpt_bind_driver
 .text.tu_edpt_stream_init
                0x10005f18       0x6c CMakeFiles/lab8.dir/Users/stein/pico-sdk/lib/tinyusb/src/tusb.c.o
                0x10005f18                tu_edpt_stream_init
 .text.tu_edpt_stream_deinit
                0x10005f84        0x4 CMakeFiles/lab8.dir/Users/stein/pico-sdk/lib/tinyusb/src/tusb.c.o
                0x10005f84                tu_edpt_stream_deinit
 .text.tu_edpt_stream_write_zlp_if_needed
                0x10005f88       0x68 CMakeFiles/lab8.dir/Users/stein/pico-sdk/lib/tinyusb/src/tusb.c.o
                0x10005f88                tu_edpt_stream_write_zlp_if_needed
 .text.tu_edpt_stream_write_xfer
                0x10005ff0       0x68 CMakeFiles/lab8.dir/Users/stein/pico-sdk/lib/tinyusb/src/tusb.c.o
                0x10005ff0                tu_edpt_stream_write_xfer
 .text.tu_edpt_stream_read_xfer
                0x10006058       0xd8 CMakeFiles/lab8.dir/Users/stein/pico-sdk/lib/tinyusb/src/tusb.c.o
                0x10006058                tu_edpt_stream_read_xfer
 .text.tu_fifo_config
                0x10006130       0x6c CMakeFiles/lab8.dir/Users/stein/pico-sdk/lib/tinyusb/src/common/tusb_fifo.c.o
                0x10006130                tu_fifo_config
 .text.tu_fifo_count
                0x1000619c       0x2c CMakeFiles/lab8.dir/Users/stein/pico-sdk/lib/tinyusb/src/common/tusb_fifo.c.o
                0x1000619c                tu_fifo_count
 .text.tu_fifo_empty
                0x100061c8       0x10 CMakeFiles/lab8.dir/Users/stein/pico-sdk/lib/tinyusb/src/common/tusb_fifo.c.o
                0x100061c8                tu_fifo_empty
 .text.tu_fifo_remaining
                0x100061d8       0x2c CMakeFiles/lab8.dir/Users/stein/pico-sdk/lib/tinyusb/src/common/tusb_fifo.c.o
                0x100061d8                tu_fifo_remaining
 .text.tu_fifo_read
                0x10006204       0x9c CMakeFiles/lab8.dir/Users/stein/pico-sdk/lib/tinyusb/src/common/tusb_fifo.c.o
                0x10006204                tu_fifo_read
 .text.tu_fifo_read_n
                0x100062a0       0xe8 CMakeFiles/lab8.dir/Users/stein/pico-sdk/lib/tinyusb/src/common/tusb_fifo.c.o
                0x100062a0                tu_fifo_read_n
 .text.tu_fifo_write
                0x10006388       0xa4 CMakeFiles/lab8.dir/Users/stein/pico-sdk/lib/tinyusb/src/common/tusb_fifo.c.o
                0x10006388                tu_fifo_write
 .text.tu_fifo_write_n
                0x1000642c      0x168 CMakeFiles/lab8.dir/Users/stein/pico-sdk/lib/tinyusb/src/common/tusb_fifo.c.o
                0x1000642c                tu_fifo_write_n
 .text.tu_fifo_clear
                0x10006594       0x40 CMakeFiles/lab8.dir/Users/stein/pico-sdk/lib/tinyusb/src/common/tusb_fifo.c.o
                0x10006594                tu_fifo_clear
 .text.tu_fifo_set_overwritable
                0x100065d4       0x48 CMakeFiles/lab8.dir/Users/stein/pico-sdk/lib/tinyusb/src/common/tusb_fifo.c.o
                0x100065d4                tu_fifo_set_overwritable
 .text.pvPortMalloc
                0x1000661c      0x124 CMakeFiles/lab8.dir/Users/stein/FreeRTOS/FreeRTOS/Source/portable/MemMang/heap_4.c.o
                0x1000661c                pvPortMalloc
 .text.vPortFree
                0x10006740       0x98 CMakeFiles/lab8.dir/Users/stein/FreeRTOS/FreeRTOS/Source/portable/MemMang/heap_4.c.o
                0x10006740                vPortFree
 *fill*         0x100067d8        0x8 
 .text.vPortStartFirstTask
                0x100067e0       0x34 CMakeFiles/lab8.dir/Users/stein/FreeRTOS/FreeRTOS/Source/portable/ThirdParty/GCC/RP2040/port.c.o
 *fill*         0x10006814        0xc 
 .text.xPortPendSVHandler
                0x10006820       0x64 CMakeFiles/lab8.dir/Users/stein/FreeRTOS/FreeRTOS/Source/portable/ThirdParty/GCC/RP2040/port.c.o
                0x10006820                xPortPendSVHandler
 .text.prvTaskExitError
                0x10006884        0x8 CMakeFiles/lab8.dir/Users/stein/FreeRTOS/FreeRTOS/Source/portable/ThirdParty/GCC/RP2040/port.c.o
 .text.prvFIFOInterruptHandler
                0x1000688c       0x78 CMakeFiles/lab8.dir/Users/stein/FreeRTOS/FreeRTOS/Source/portable/ThirdParty/GCC/RP2040/port.c.o
 .text.vPortSVCHandler
                0x10006904        0x4 CMakeFiles/lab8.dir/Users/stein/FreeRTOS/FreeRTOS/Source/portable/ThirdParty/GCC/RP2040/port.c.o
                0x10006904                vPortSVCHandler
 .text.pxPortInitialiseStack
                0x10006908       0x20 CMakeFiles/lab8.dir/Users/stein/FreeRTOS/FreeRTOS/Source/portable/ThirdParty/GCC/RP2040/port.c.o
                0x10006908                pxPortInitialiseStack
 .text.vPortYield
                0x10006928       0x18 CMakeFiles/lab8.dir/Users/stein/FreeRTOS/FreeRTOS/Source/portable/ThirdParty/GCC/RP2040/port.c.o
                0x10006928                vPortYield
 .text.vPortEnterCritical
                0x10006940       0x18 CMakeFiles/lab8.dir/Users/stein/FreeRTOS/FreeRTOS/Source/portable/ThirdParty/GCC/RP2040/port.c.o
                0x10006940                vPortEnterCritical
 .text.vPortExitCritical
                0x10006958       0x14 CMakeFiles/lab8.dir/Users/stein/FreeRTOS/FreeRTOS/Source/portable/ThirdParty/GCC/RP2040/port.c.o
                0x10006958                vPortExitCritical
 .text.ulSetInterruptMaskFromISR
                0x1000696c        0x8 CMakeFiles/lab8.dir/Users/stein/FreeRTOS/FreeRTOS/Source/portable/ThirdParty/GCC/RP2040/port.c.o
                0x1000696c                ulSetInterruptMaskFromISR
 .text.vClearInterruptMaskFromISR
                0x10006974        0x8 CMakeFiles/lab8.dir/Users/stein/FreeRTOS/FreeRTOS/Source/portable/ThirdParty/GCC/RP2040/port.c.o
                0x10006974                vClearInterruptMaskFromISR
 .text.xPortSysTickHandler
                0x1000697c       0x24 CMakeFiles/lab8.dir/Users/stein/FreeRTOS/FreeRTOS/Source/portable/ThirdParty/GCC/RP2040/port.c.o
                0x1000697c                xPortSysTickHandler
 .text.vPortSetupTimerInterrupt
                0x100069a0       0x34 CMakeFiles/lab8.dir/Users/stein/FreeRTOS/FreeRTOS/Source/portable/ThirdParty/GCC/RP2040/port.c.o
                0x100069a0                vPortSetupTimerInterrupt
 .text.xPortStartScheduler
                0x100069d4       0x9c CMakeFiles/lab8.dir/Users/stein/FreeRTOS/FreeRTOS/Source/portable/ThirdParty/GCC/RP2040/port.c.o
                0x100069d4                xPortStartScheduler
 .text.ulPortLockGetCurrentOwnerId
                0x10006a70       0x2c CMakeFiles/lab8.dir/Users/stein/FreeRTOS/FreeRTOS/Source/portable/ThirdParty/GCC/RP2040/port.c.o
                0x10006a70                ulPortLockGetCurrentOwnerId
 .text.vPortLockInternalSpinUnlockWithWait
                0x10006a9c       0x68 CMakeFiles/lab8.dir/Users/stein/FreeRTOS/FreeRTOS/Source/portable/ThirdParty/GCC/RP2040/port.c.o
                0x10006a9c                vPortLockInternalSpinUnlockWithWait
 .text.vPortLockInternalSpinUnlockWithNotify
                0x10006b04       0xc8 CMakeFiles/lab8.dir/Users/stein/FreeRTOS/FreeRTOS/Source/portable/ThirdParty/GCC/RP2040/port.c.o
                0x10006b04                vPortLockInternalSpinUnlockWithNotify
 .text.xPortLockInternalSpinUnlockWithBestEffortWaitOrTimeout
                0x10006bcc       0xf4 CMakeFiles/lab8.dir/Users/stein/FreeRTOS/FreeRTOS/Source/portable/ThirdParty/GCC/RP2040/port.c.o
                0x10006bcc                xPortLockInternalSpinUnlockWithBestEffortWaitOrTimeout
 .text.startup.prvRuntimeInitializer
                0x10006cc0       0x28 CMakeFiles/lab8.dir/Users/stein/FreeRTOS/FreeRTOS/Source/portable/ThirdParty/GCC/RP2040/port.c.o
 .text.vEventGroupSetBitsCallback
                0x10006ce8       0x98 CMakeFiles/lab8.dir/Users/stein/FreeRTOS/FreeRTOS/Source/event_groups.c.o
                0x10006ce8                vEventGroupSetBitsCallback
 .text.xEventGroupCreate
                0x10006d80       0x18 CMakeFiles/lab8.dir/Users/stein/FreeRTOS/FreeRTOS/Source/event_groups.c.o
                0x10006d80                xEventGroupCreate
 .text.xEventGroupWaitBits
                0x10006d98       0xb8 CMakeFiles/lab8.dir/Users/stein/FreeRTOS/FreeRTOS/Source/event_groups.c.o
                0x10006d98                xEventGroupWaitBits
 .text.xEventGroupSetBits
                0x10006e50       0xa8 CMakeFiles/lab8.dir/Users/stein/FreeRTOS/FreeRTOS/Source/event_groups.c.o
                0x10006e50                xEventGroupSetBits
 .text.xEventGroupSetBitsFromISR
                0x10006ef8       0x18 CMakeFiles/lab8.dir/Users/stein/FreeRTOS/FreeRTOS/Source/event_groups.c.o
                0x10006ef8                xEventGroupSetBitsFromISR
 .text.vListInitialise
                0x10006f10       0x18 CMakeFiles/lab8.dir/Users/stein/FreeRTOS/FreeRTOS/Source/list.c.o
                0x10006f10                vListInitialise
 .text.vListInitialiseItem
                0x10006f28        0x8 CMakeFiles/lab8.dir/Users/stein/FreeRTOS/FreeRTOS/Source/list.c.o
                0x10006f28                vListInitialiseItem
 .text.vListInsert
                0x10006f30       0x30 CMakeFiles/lab8.dir/Users/stein/FreeRTOS/FreeRTOS/Source/list.c.o
                0x10006f30                vListInsert
 .text.uxListRemove
                0x10006f60       0x20 CMakeFiles/lab8.dir/Users/stein/FreeRTOS/FreeRTOS/Source/list.c.o
                0x10006f60                uxListRemove
 .text.prvUnlockQueue
                0x10006f80      0x17c CMakeFiles/lab8.dir/Users/stein/FreeRTOS/FreeRTOS/Source/queue.c.o
 .text.prvNotifyQueueSetContainer
                0x100070fc       0x90 CMakeFiles/lab8.dir/Users/stein/FreeRTOS/FreeRTOS/Source/queue.c.o
 .text.xQueueGenericCreate
                0x1000718c       0xa4 CMakeFiles/lab8.dir/Users/stein/FreeRTOS/FreeRTOS/Source/queue.c.o
                0x1000718c                xQueueGenericCreate
 .text.xQueueGenericSendFromISR
                0x10007230      0x150 CMakeFiles/lab8.dir/Users/stein/FreeRTOS/FreeRTOS/Source/queue.c.o
                0x10007230                xQueueGenericSendFromISR
 .text.xQueueReceive
                0x10007380      0x11c CMakeFiles/lab8.dir/Users/stein/FreeRTOS/FreeRTOS/Source/queue.c.o
                0x10007380                xQueueReceive
 .text.vQueueAddToRegistry
                0x1000749c      0x118 CMakeFiles/lab8.dir/Users/stein/FreeRTOS/FreeRTOS/Source/queue.c.o
                0x1000749c                vQueueAddToRegistry
 .text.vQueueWaitForMessageRestricted
                0x100075b4       0x48 CMakeFiles/lab8.dir/Users/stein/FreeRTOS/FreeRTOS/Source/queue.c.o
                0x100075b4                vQueueWaitForMessageRestricted
 .text.prvAddNewTaskToReadyList
                0x100075fc      0x124 CMakeFiles/lab8.dir/Users/stein/FreeRTOS/FreeRTOS/Source/tasks.c.o
 .text.prvCreateTask
                0x10007720      0x130 CMakeFiles/lab8.dir/Users/stein/FreeRTOS/FreeRTOS/Source/tasks.c.o
 .text.prvIdleTask
                0x10007850       0x60 CMakeFiles/lab8.dir/Users/stein/FreeRTOS/FreeRTOS/Source/tasks.c.o
 .text.xTaskIncrementTick.part.0
                0x100078b0      0x1a0 CMakeFiles/lab8.dir/Users/stein/FreeRTOS/FreeRTOS/Source/tasks.c.o
 .text.xTaskCreate
                0x10007a50       0x24 CMakeFiles/lab8.dir/Users/stein/FreeRTOS/FreeRTOS/Source/tasks.c.o
                0x10007a50                xTaskCreate
 .text.vTaskStartScheduler
                0x10007a74       0x74 CMakeFiles/lab8.dir/Users/stein/FreeRTOS/FreeRTOS/Source/tasks.c.o
                0x10007a74                vTaskStartScheduler
 .text.vTaskSuspendAll
                0x10007ae8       0x10 CMakeFiles/lab8.dir/Users/stein/FreeRTOS/FreeRTOS/Source/tasks.c.o
                0x10007ae8                vTaskSuspendAll
 .text.xTaskResumeAll
                0x10007af8      0x18c CMakeFiles/lab8.dir/Users/stein/FreeRTOS/FreeRTOS/Source/tasks.c.o
                0x10007af8                xTaskResumeAll
 .text.xTaskGetTickCount
                0x10007c84        0xc CMakeFiles/lab8.dir/Users/stein/FreeRTOS/FreeRTOS/Source/tasks.c.o
                0x10007c84                xTaskGetTickCount
 .text.uxTaskGetNumberOfTasks
                0x10007c90        0xc CMakeFiles/lab8.dir/Users/stein/FreeRTOS/FreeRTOS/Source/tasks.c.o
                0x10007c90                uxTaskGetNumberOfTasks
 .text.xTaskIncrementTick
                0x10007c9c       0x24 CMakeFiles/lab8.dir/Users/stein/FreeRTOS/FreeRTOS/Source/tasks.c.o
                0x10007c9c                xTaskIncrementTick
 .text.vTaskSwitchContext
                0x10007cc0       0x7c CMakeFiles/lab8.dir/Users/stein/FreeRTOS/FreeRTOS/Source/tasks.c.o
                0x10007cc0                vTaskSwitchContext
 .text.vTaskPlaceOnEventList
                0x10007d3c       0xa0 CMakeFiles/lab8.dir/Users/stein/FreeRTOS/FreeRTOS/Source/tasks.c.o
                0x10007d3c                vTaskPlaceOnEventList
 .text.vTaskPlaceOnUnorderedEventList
                0x10007ddc       0xc4 CMakeFiles/lab8.dir/Users/stein/FreeRTOS/FreeRTOS/Source/tasks.c.o
                0x10007ddc                vTaskPlaceOnUnorderedEventList
 .text.vTaskPlaceOnEventListRestricted
                0x10007ea0       0xf4 CMakeFiles/lab8.dir/Users/stein/FreeRTOS/FreeRTOS/Source/tasks.c.o
                0x10007ea0                vTaskPlaceOnEventListRestricted
 .text.xTaskRemoveFromEventList
                0x10007f94       0xd8 CMakeFiles/lab8.dir/Users/stein/FreeRTOS/FreeRTOS/Source/tasks.c.o
                0x10007f94                xTaskRemoveFromEventList
 .text.vTaskRemoveFromUnorderedEventList
                0x1000806c       0x98 CMakeFiles/lab8.dir/Users/stein/FreeRTOS/FreeRTOS/Source/tasks.c.o
                0x1000806c                vTaskRemoveFromUnorderedEventList
 .text.vTaskInternalSetTimeOutState
                0x10008104       0x18 CMakeFiles/lab8.dir/Users/stein/FreeRTOS/FreeRTOS/Source/tasks.c.o
                0x10008104                vTaskInternalSetTimeOutState
 .text.xTaskCheckForTimeOut
                0x1000811c       0x74 CMakeFiles/lab8.dir/Users/stein/FreeRTOS/FreeRTOS/Source/tasks.c.o
                0x1000811c                xTaskCheckForTimeOut
 .text.vTaskMissedYield
                0x10008190        0xc CMakeFiles/lab8.dir/Users/stein/FreeRTOS/FreeRTOS/Source/tasks.c.o
                0x10008190                vTaskMissedYield
 .text.xTaskGetCurrentTaskHandle
                0x1000819c        0xc CMakeFiles/lab8.dir/Users/stein/FreeRTOS/FreeRTOS/Source/tasks.c.o
                0x1000819c                xTaskGetCurrentTaskHandle
 .text.xTaskPriorityDisinherit
                0x100081a8       0x64 CMakeFiles/lab8.dir/Users/stein/FreeRTOS/FreeRTOS/Source/tasks.c.o
                0x100081a8                xTaskPriorityDisinherit
 .text.uxTaskResetEventItemValue
                0x1000820c       0x18 CMakeFiles/lab8.dir/Users/stein/FreeRTOS/FreeRTOS/Source/tasks.c.o
                0x1000820c                uxTaskResetEventItemValue
 .text.prvTimerTask
                0x10008224      0x39c CMakeFiles/lab8.dir/Users/stein/FreeRTOS/FreeRTOS/Source/timers.c.o
 .text.xTimerCreateTimerTask
                0x100085c0       0x8c CMakeFiles/lab8.dir/Users/stein/FreeRTOS/FreeRTOS/Source/timers.c.o
                0x100085c0                xTimerCreateTimerTask
 .text.xTimerPendFunctionCallFromISR
                0x1000864c       0x2c CMakeFiles/lab8.dir/Users/stein/FreeRTOS/FreeRTOS/Source/timers.c.o
                0x1000864c                xTimerPendFunctionCallFromISR
 .text.exception_set_exclusive_handler
                0x10008678       0x48 CMakeFiles/lab8.dir/Users/stein/pico-sdk/src/rp2_common/hardware_exception/exception.c.o
                0x10008678                exception_set_exclusive_handler
 .text.pio_sm_setup
                0x100086c0       0xfc ../libcan2040.a(can2040.c.o)
 .text.bitstuff_rp2040
                0x100087bc       0x84 ../libcan2040.a(can2040.c.o)
 .text.data_state_go_discard
                0x10008840       0x64 ../libcan2040.a(can2040.c.o)
 .text.tx_schedule_transmit
                0x100088a4       0xdc ../libcan2040.a(can2040.c.o)
 .text.data_state_go_crc
                0x10008980      0x10c ../libcan2040.a(can2040.c.o)
 .text.can2040_pio_irq_handler
                0x10008a8c      0x968 ../libcan2040.a(can2040.c.o)
                0x10008a8c                can2040_pio_irq_handler
 .text.can2040_transmit
                0x100093f4      0x3bc ../libcan2040.a(can2040.c.o)
                0x100093f4                can2040_transmit
 .text.can2040_setup
                0x100097b0       0x30 ../libcan2040.a(can2040.c.o)
                0x100097b0                can2040_setup
 .text.can2040_callback_config
                0x100097e0        0x4 ../libcan2040.a(can2040.c.o)
                0x100097e0                can2040_callback_config
 .text.can2040_start
                0x100097e4      0x100 ../libcan2040.a(can2040.c.o)
                0x100097e4                can2040_start
 .text.strlen   0x100098e4       0x5c /Applications/ArmGNUToolchain/14.3.rel1/arm-none-eabi/bin/../lib/gcc/arm-none-eabi/14.3.1/../../../../arm-none-eabi/lib/thumb/v6-m/nofp/libg.a(libc_a-strlen-stub.o)
                0x100098e4                strlen
 *(.fini)
 .fini          0x10009940        0x4 /Applications/ArmGNUToolchain/14.3.rel1/arm-none-eabi/bin/../lib/gcc/arm-none-eabi/14.3.1/thumb/v6-m/nofp/crti.o
                0x10009940                _fini
 *fill*         0x10009944        0x4 
 .fini.__stub   0x10009948       0xc0 linker stubs
 *crtbegin.o(.ctors)
 *crtbegin?.o(.ctors)
 *(EXCLUDE_FILE(*crtend.o *crtend?.o) .ctors)
 *(SORT_BY_NAME(.ctors.*))
 *(.ctors)
 *crtbegin.o(.dtors)
 *crtbegin?.o(.dtors)
 *(EXCLUDE_FILE(*crtend.o *crtend?.o) .dtors)
 *(SORT_BY_NAME(.dtors.*))
 *(.dtors)
                0x10009a08                        . = ALIGN (0x4)
                0x10009a08                        PROVIDE (__preinit_array_start = .)
 *(SORT_BY_NAME(.preinit_array.*))
 .preinit_array.00100
                0x10009a08        0x4 CMakeFiles/lab8.dir/Users/stein/pico-sdk/src/rp2_common/pico_runtime_init/runtime_init.c.o
                0x10009a08                __pre_init_runtime_init_early_resets
 .preinit_array.00101
                0x10009a0c        0x4 CMakeFiles/lab8.dir/Users/stein/pico-sdk/src/rp2_common/pico_runtime_init/runtime_init.c.o
                0x10009a0c                __pre_init_runtime_init_usb_power_down
 .preinit_array.00275
                0x10009a10        0x4 CMakeFiles/lab8.dir/Users/stein/pico-sdk/src/rp2_common/pico_bit_ops/bit_ops_aeabi.S.o
 .preinit_array.00300
                0x10009a14        0x4 CMakeFiles/lab8.dir/Users/stein/pico-sdk/src/rp2_common/pico_mem_ops/mem_ops_aeabi.S.o
 .preinit_array.00350
                0x10009a18        0x4 CMakeFiles/lab8.dir/Users/stein/pico-sdk/src/rp2_common/pico_double/double_aeabi_rp2040.S.o
 .preinit_array.00350
                0x10009a1c        0x4 CMakeFiles/lab8.dir/Users/stein/pico-sdk/src/rp2_common/pico_float/float_aeabi_rp2040.S.o
 .preinit_array.00500
                0x10009a20        0x4 CMakeFiles/lab8.dir/Users/stein/pico-sdk/src/rp2_common/pico_runtime_init/runtime_init.c.o
                0x10009a20                __pre_init_runtime_init_clocks
 .preinit_array.00600
                0x10009a24        0x4 CMakeFiles/lab8.dir/Users/stein/pico-sdk/src/rp2_common/pico_runtime_init/runtime_init.c.o
                0x10009a24                __pre_init_runtime_init_post_clock_resets
 .preinit_array.00700
                0x10009a28        0x4 CMakeFiles/lab8.dir/Users/stein/pico-sdk/src/rp2_common/pico_runtime_init/runtime_init.c.o
                0x10009a28                __pre_init_runtime_init_rp2040_gpio_ie_disable
 .preinit_array.01000
                0x10009a2c        0x4 CMakeFiles/lab8.dir/Users/stein/pico-sdk/src/rp2_common/pico_runtime_init/runtime_init.c.o
                0x10009a2c                __pre_init_runtime_init_spin_locks_reset
 .preinit_array.01100
                0x10009a30        0x4 CMakeFiles/lab8.dir/Users/stein/pico-sdk/src/common/pico_sync/mutex.c.o
                0x10009a30                __pre_init_runtime_init_mutex
 .preinit_array.10080
                0x10009a34        0x4 CMakeFiles/lab8.dir/Users/stein/pico-sdk/src/rp2_common/pico_runtime_init/runtime_init.c.o
                0x10009a34                __pre_init_runtime_init_install_ram_vector_table
 .preinit_array.11000
                0x10009a38        0x4 CMakeFiles/lab8.dir/Users/stein/pico-sdk/src/common/pico_time/time.c.o
                0x10009a38                __pre_init_runtime_init_default_alarm_pool
 .preinit_array.YYYYY
                0x10009a3c        0x4 CMakeFiles/lab8.dir/Users/stein/pico-sdk/src/rp2_common/pico_runtime/runtime.c.o
                0x10009a3c                __pre_init_first_per_core_initializer
 .preinit_array.ZZZZZ.01200
                0x10009a40        0x4 CMakeFiles/lab8.dir/Users/stein/pico-sdk/src/rp2_common/hardware_irq/irq.c.o
                0x10009a40                __pre_init_runtime_init_per_core_irq_priorities
 *(.preinit_array)
                0x10009a44                        PROVIDE (__preinit_array_end = .)
                0x10009a44                        . = ALIGN (0x4)
                0x10009a44                        PROVIDE (__init_array_start = .)
 *(SORT_BY_NAME(.init_array.*))
 .init_array.01000
                0x10009a44        0x4 CMakeFiles/lab8.dir/Users/stein/pico-sdk/src/rp2_common/pico_unique_id/unique_id.c.o
 *(.init_array)
 .init_array    0x10009a48        0x4 /Applications/ArmGNUToolchain/14.3.rel1/arm-none-eabi/bin/../lib/gcc/arm-none-eabi/14.3.1/thumb/v6-m/nofp/crtbegin.o
 .init_array    0x10009a4c        0x4 CMakeFiles/lab8.dir/Users/stein/FreeRTOS/FreeRTOS/Source/portable/ThirdParty/GCC/RP2040/port.c.o
                0x10009a50                        PROVIDE (__init_array_end = .)
                0x10009a50                        . = ALIGN (0x4)
                [!provide]                        PROVIDE (__fini_array_start = .)
 *(SORT_BY_NAME(.fini_array.*))
 *(.fini_array)
                [!provide]                        PROVIDE (__fini_array_end = .)
 *(.eh_frame*)
 .eh_frame      0x10009a50        0x0 /Applications/ArmGNUToolchain/14.3.rel1/arm-none-eabi/bin/../lib/gcc/arm-none-eabi/14.3.1/thumb/v6-m/nofp/crtbegin.o
                0x10009a50                        . = ALIGN (0x4)

.glue_7         0x10009a50        0x0
 .glue_7        0x10009a50        0x0 linker stubs

.glue_7t        0x10009a50        0x0
 .glue_7t       0x10009a50        0x0 linker stubs

.vfp11_veneer   0x10009a50        0x0
 .vfp11_veneer  0x10009a50        0x0 linker stubs

.v4_bx          0x10009a50        0x0
 .v4_bx         0x10009a50        0x0 linker stubs

.iplt           0x10009a50        0x0
 .iplt          0x10009a50        0x0 /Applications/ArmGNUToolchain/14.3.rel1/arm-none-eabi/bin/../lib/gcc/arm-none-eabi/14.3.1/thumb/v6-m/nofp/crtbegin.o

.rodata         0x10009a50      0x950
 *(EXCLUDE_FILE(*libm.a: *libc.a:*lib_a-mem*.o *libgcc.a:) .rodata*)
 .rodata.CanTransmitTask.str1.4
                0x10009a50      0x20c CMakeFiles/lab8.dir/babbling.c.o
                                 0x26 (size before relaxing)
 .rodata.CanReceiveTask.str1.4
                0x10009c5c       0x1e CMakeFiles/lab8.dir/babbling.c.o
 .rodata.main.str1.4
                0x10009c5c       0x20 CMakeFiles/lab8.dir/babbling.c.o
 .rodata.panic.str1.4
                0x10009c5c       0x12 CMakeFiles/lab8.dir/Users/stein/pico-sdk/src/rp2_common/pico_platform_panic/panic.c.o
 .rodata.panic_unsupported.str1.4
                0x10009c5c        0xe CMakeFiles/lab8.dir/Users/stein/pico-sdk/src/rp2_common/pico_platform_panic/panic.c.o
 .rodata.spin_lock_claim_unused.str1.4
                0x10009c5c       0x1b CMakeFiles/lab8.dir/Users/stein/pico-sdk/src/rp2_common/hardware_sync/sync.c.o
 .rodata.user_irq_claim_unused.str1.4
                0x10009c5c       0x1b CMakeFiles/lab8.dir/Users/stein/pico-sdk/src/rp2_common/hardware_irq/irq.c.o
 .rodata.timer_hardware_alarm_claim.str1.4
                0x10009c5c       0x22 CMakeFiles/lab8.dir/Users/stein/pico-sdk/src/rp2_common/hardware_timer/timer.c.o
 .rodata.hard_assertion_failure.str1.4
                0x10009c5c        0xc CMakeFiles/lab8.dir/Users/stein/pico-sdk/src/rp2_common/pico_runtime/runtime.c.o
 .rodata.missing_double_func_shim.str1.4
                0x10009c5c       0x18 CMakeFiles/lab8.dir/Users/stein/pico-sdk/src/rp2_common/pico_double/double_init_rom_rp2040.c.o
 .rodata.missing_float_func_shim.str1.4
                0x10009c5c        0x1 CMakeFiles/lab8.dir/Users/stein/pico-sdk/src/rp2_common/pico_float/float_init_rom_rp2040.c.o
 .rodata.str1.4
                0x10009c5c       0x40 CMakeFiles/lab8.dir/Users/stein/pico-sdk/src/rp2_common/pico_standard_binary_info/standard_binary_info.c.o
 .rodata.__bi_84
                0x10009c5c        0xc CMakeFiles/lab8.dir/Users/stein/pico-sdk/src/rp2_common/pico_standard_binary_info/standard_binary_info.c.o
 .rodata.__bi_78
                0x10009c68        0xc CMakeFiles/lab8.dir/Users/stein/pico-sdk/src/rp2_common/pico_standard_binary_info/standard_binary_info.c.o
 .rodata.__bi_60
                0x10009c74        0xc CMakeFiles/lab8.dir/Users/stein/pico-sdk/src/rp2_common/pico_standard_binary_info/standard_binary_info.c.o
 .rodata.__bi_54
                0x10009c80        0xc CMakeFiles/lab8.dir/Users/stein/pico-sdk/src/rp2_common/pico_standard_binary_info/standard_binary_info.c.o
 .rodata.__bi_48
                0x10009c8c        0xc CMakeFiles/lab8.dir/Users/stein/pico-sdk/src/rp2_common/pico_standard_binary_info/standard_binary_info.c.o
 .rodata.__bi_42
                0x10009c98        0xc CMakeFiles/lab8.dir/Users/stein/pico-sdk/src/rp2_common/pico_standard_binary_info/standard_binary_info.c.o
 .rodata.__bi_34
                0x10009ca4        0xc CMakeFiles/lab8.dir/Users/stein/pico-sdk/src/rp2_common/pico_standard_binary_info/standard_binary_info.c.o
 .rodata.__bi_26
                0x10009cb0        0xc CMakeFiles/lab8.dir/Users/stein/pico-sdk/src/rp2_common/pico_standard_binary_info/standard_binary_info.c.o
 .rodata._ftoa.str1.4
                0x10009cbc       0x15 CMakeFiles/lab8.dir/Users/stein/pico-sdk/src/rp2_common/pico_printf/printf.c.o
 .rodata._vsnprintf
                0x10009cbc      0x19c CMakeFiles/lab8.dir/Users/stein/pico-sdk/src/rp2_common/pico_printf/printf.c.o
 .rodata.pow10.0
                0x10009e58       0x50 CMakeFiles/lab8.dir/Users/stein/pico-sdk/src/rp2_common/pico_printf/printf.c.o
 .rodata.crlf_str.0
                0x10009ea8        0x2 CMakeFiles/lab8.dir/Users/stein/pico-sdk/src/rp2_common/pico_stdio/stdio.c.o
 *fill*         0x10009eaa        0x2 
 .rodata._resetd_driver
                0x10009eac       0x20 CMakeFiles/lab8.dir/Users/stein/pico-sdk/src/rp2_common/pico_stdio_usb/reset_interface.c.o
 .rodata.desc_ms_os_20
                0x10009ecc       0xa6 CMakeFiles/lab8.dir/Users/stein/pico-sdk/src/rp2_common/pico_stdio_usb/reset_interface.c.o
 *fill*         0x10009f72        0x2 
 .rodata.desc_bos
                0x10009f74       0x21 CMakeFiles/lab8.dir/Users/stein/pico-sdk/src/rp2_common/pico_stdio_usb/reset_interface.c.o
                0x10009f74                desc_bos
 .rodata.str1.4
                0x10009f95       0x13 CMakeFiles/lab8.dir/Users/stein/pico-sdk/src/rp2_common/pico_stdio_usb/stdio_usb.c.o
 *fill*         0x10009f95        0x3 
 .rodata.__bi_202.0
                0x10009f98        0xc CMakeFiles/lab8.dir/Users/stein/pico-sdk/src/rp2_common/pico_stdio_usb/stdio_usb.c.o
 .rodata.str1.4
                0x10009fa4       0x2a CMakeFiles/lab8.dir/Users/stein/pico-sdk/src/rp2_common/pico_stdio_usb/stdio_usb_descriptors.c.o
 .rodata.usbd_desc_str
                0x10009fa4       0x18 CMakeFiles/lab8.dir/Users/stein/pico-sdk/src/rp2_common/pico_stdio_usb/stdio_usb_descriptors.c.o
 .rodata.usbd_desc_cfg
                0x10009fbc       0x54 CMakeFiles/lab8.dir/Users/stein/pico-sdk/src/rp2_common/pico_stdio_usb/stdio_usb_descriptors.c.o
 .rodata.usbd_desc_device
                0x1000a010       0x12 CMakeFiles/lab8.dir/Users/stein/pico-sdk/src/rp2_common/pico_stdio_usb/stdio_usb_descriptors.c.o
 .rodata.str1.4
                0x1000a022       0x14 CMakeFiles/lab8.dir/Users/stein/pico-sdk/lib/tinyusb/src/portable/raspberrypi/rp2040/dcd_rp2040.c.o
 .rodata.str1.4
                0x1000a022       0x48 CMakeFiles/lab8.dir/Users/stein/pico-sdk/lib/tinyusb/src/portable/raspberrypi/rp2040/rp2040_usb.c.o
 *fill*         0x1000a022        0x2 
 .rodata.tud_task_ext
                0x1000a024       0x8c CMakeFiles/lab8.dir/Users/stein/pico-sdk/lib/tinyusb/src/device/usbd.c.o
 .rodata        0x1000a0b0       0x1c CMakeFiles/lab8.dir/Users/stein/pico-sdk/lib/tinyusb/src/device/usbd.c.o
 .rodata._usbd_driver
                0x1000a0cc       0x40 CMakeFiles/lab8.dir/Users/stein/pico-sdk/lib/tinyusb/src/device/usbd.c.o
 .rodata.uxTopUsedPriority
                0x1000a10c        0x4 CMakeFiles/lab8.dir/Users/stein/FreeRTOS/FreeRTOS/Source/tasks.c.o
 .rodata.prvTimerTask
                0x1000a110       0x28 CMakeFiles/lab8.dir/Users/stein/FreeRTOS/FreeRTOS/Source/timers.c.o
 .rodata.xTimerCreateTimerTask.str1.4
                0x1000a138       0x10 CMakeFiles/lab8.dir/Users/stein/FreeRTOS/FreeRTOS/Source/timers.c.o
 .rodata.can2040_pio_irq_handler
                0x1000a138       0x28 ../libcan2040.a(can2040.c.o)
 .rodata.crc_table
                0x1000a160      0x200 ../libcan2040.a(can2040.c.o)
 .rodata.can2040_program_instructions
                0x1000a360       0x40 ../libcan2040.a(can2040.c.o)
                0x1000a3a0                        . = ALIGN (0x4)
 *(SORT_BY_ALIGNMENT(SORT_BY_NAME(.flashdata*)))
                0x1000a3a0                        . = ALIGN (0x4)

.ARM.extab
 *(.ARM.extab* .gnu.linkonce.armextab.*)
                0x1000a3a0                        __exidx_start = .

.ARM.exidx
 *(.ARM.exidx* .gnu.linkonce.armexidx.*)
                0x1000a3a0                        __exidx_end = .
                0x1000a3a0                        . = ALIGN (0x4)
                0x1000a3a0                        __binary_info_start = .

.binary_info    0x1000a3a0       0x24
 *(.binary_info.keep.*)
 .binary_info.keep.__bi_ptr84
                0x1000a3a0        0x4 CMakeFiles/lab8.dir/Users/stein/pico-sdk/src/rp2_common/pico_standard_binary_info/standard_binary_info.c.o
 .binary_info.keep.__bi_ptr78
                0x1000a3a4        0x4 CMakeFiles/lab8.dir/Users/stein/pico-sdk/src/rp2_common/pico_standard_binary_info/standard_binary_info.c.o
 .binary_info.keep.__bi_ptr60
                0x1000a3a8        0x4 CMakeFiles/lab8.dir/Users/stein/pico-sdk/src/rp2_common/pico_standard_binary_info/standard_binary_info.c.o
 .binary_info.keep.__bi_ptr54
                0x1000a3ac        0x4 CMakeFiles/lab8.dir/Users/stein/pico-sdk/src/rp2_common/pico_standard_binary_info/standard_binary_info.c.o
 .binary_info.keep.__bi_ptr48
                0x1000a3b0        0x4 CMakeFiles/lab8.dir/Users/stein/pico-sdk/src/rp2_common/pico_standard_binary_info/standard_binary_info.c.o
 .binary_info.keep.__bi_ptr42
                0x1000a3b4        0x4 CMakeFiles/lab8.dir/Users/stein/pico-sdk/src/rp2_common/pico_standard_binary_info/standard_binary_info.c.o
 .binary_info.keep.__bi_ptr34
                0x1000a3b8        0x4 CMakeFiles/lab8.dir/Users/stein/pico-sdk/src/rp2_common/pico_standard_binary_info/standard_binary_info.c.o
 .binary_info.keep.__bi_ptr26
                0x1000a3bc        0x4 CMakeFiles/lab8.dir/Users/stein/pico-sdk/src/rp2_common/pico_standard_binary_info/standard_binary_info.c.o
 *(.binary_info.*)
 .binary_info.__bi_ptr202
                0x1000a3c0        0x4 CMakeFiles/lab8.dir/Users/stein/pico-sdk/src/rp2_common/pico_stdio_usb/stdio_usb.c.o
                0x1000a3c4                        __binary_info_end = .
                0x1000a3c4                        . = ALIGN (0x4)

.ram_vector_table
                0x20000000       0xc0
 *(.ram_vector_table)
 .ram_vector_table
                0x20000000       0xc0 CMakeFiles/lab8.dir/Users/stein/pico-sdk/src/rp2_common/pico_runtime_init/runtime_init.c.o
                0x20000000                ram_vector_table

.uninitialized_data
                0x200000c0        0x0
                0x200000c0                        . = ALIGN (0x4)
 *(.uninitialized_data*)

.data           0x200000c0      0xff8 load address 0x1000a3c4
                0x200000c0                        __data_start__ = .
 *(vtable)
 *(.time_critical*)
 .time_critical.mutex_try_enter
                0x200000c0       0x40 CMakeFiles/lab8.dir/Users/stein/pico-sdk/src/common/pico_sync/mutex.c.o
                0x200000c0                mutex_try_enter
 .time_critical.mutex_try_enter_block_until
                0x20000100       0xa0 CMakeFiles/lab8.dir/Users/stein/pico-sdk/src/common/pico_sync/mutex.c.o
                0x20000100                mutex_try_enter_block_until
 .time_critical.mutex_enter_timeout_ms
                0x200001a0       0x74 CMakeFiles/lab8.dir/Users/stein/pico-sdk/src/common/pico_sync/mutex.c.o
                0x200001a0                mutex_enter_timeout_ms
 .time_critical.mutex_exit
                0x20000214       0x20 CMakeFiles/lab8.dir/Users/stein/pico-sdk/src/common/pico_sync/mutex.c.o
                0x20000214                mutex_exit
 .time_critical.flash_init_boot2_copyout
                0x20000234       0x30 CMakeFiles/lab8.dir/Users/stein/pico-sdk/src/rp2_common/hardware_flash/flash.c.o
 .time_critical.flash_enable_xip_via_boot2
                0x20000264        0xc CMakeFiles/lab8.dir/Users/stein/pico-sdk/src/rp2_common/hardware_flash/flash.c.o
 .time_critical.flash_save_hardware_state
                0x20000270       0x20 CMakeFiles/lab8.dir/Users/stein/pico-sdk/src/rp2_common/hardware_flash/flash.c.o
 .time_critical.flash_restore_hardware_state
                0x20000290       0x20 CMakeFiles/lab8.dir/Users/stein/pico-sdk/src/rp2_common/hardware_flash/flash.c.o
 .time_critical.flash_cs_force
                0x200002b0       0x38 CMakeFiles/lab8.dir/Users/stein/pico-sdk/src/rp2_common/hardware_flash/flash.c.o
 .time_critical.flash_do_cmd
                0x200002e8      0x13c CMakeFiles/lab8.dir/Users/stein/pico-sdk/src/rp2_common/hardware_flash/flash.c.o
                0x200002e8                flash_do_cmd
 .time_critical.reset_non_control_endpoints
                0x20000424       0x68 CMakeFiles/lab8.dir/Users/stein/pico-sdk/lib/tinyusb/src/portable/raspberrypi/rp2040/dcd_rp2040.c.o
 .time_critical.hw_handle_buff_status
                0x2000048c       0xa0 CMakeFiles/lab8.dir/Users/stein/pico-sdk/lib/tinyusb/src/portable/raspberrypi/rp2040/dcd_rp2040.c.o
 .time_critical.dcd_rp2040_irq
                0x2000052c      0x548 CMakeFiles/lab8.dir/Users/stein/pico-sdk/lib/tinyusb/src/portable/raspberrypi/rp2040/dcd_rp2040.c.o
 .time_critical.prepare_ep_buffer
                0x20000a74       0xc8 CMakeFiles/lab8.dir/Users/stein/pico-sdk/lib/tinyusb/src/portable/raspberrypi/rp2040/rp2040_usb.c.o
 .time_critical.sync_ep_buffer
                0x20000b3c       0x9c CMakeFiles/lab8.dir/Users/stein/pico-sdk/lib/tinyusb/src/portable/raspberrypi/rp2040/rp2040_usb.c.o
 .time_critical._hw_endpoint_xfer_sync
                0x20000bd8       0x28 CMakeFiles/lab8.dir/Users/stein/pico-sdk/lib/tinyusb/src/portable/raspberrypi/rp2040/rp2040_usb.c.o
 .time_critical.e15_is_bulkin_ep
                0x20000c00       0x28 CMakeFiles/lab8.dir/Users/stein/pico-sdk/lib/tinyusb/src/portable/raspberrypi/rp2040/rp2040_usb.c.o
 .time_critical.e15_is_critical_frame_period
                0x20000c28       0x34 CMakeFiles/lab8.dir/Users/stein/pico-sdk/lib/tinyusb/src/portable/raspberrypi/rp2040/rp2040_usb.c.o
 .time_critical.hw_endpoint_reset_transfer
                0x20000c5c        0xc CMakeFiles/lab8.dir/Users/stein/pico-sdk/lib/tinyusb/src/portable/raspberrypi/rp2040/rp2040_usb.c.o
                0x20000c5c                hw_endpoint_reset_transfer
 .time_critical._hw_endpoint_buffer_control_update32
                0x20000c68       0x50 CMakeFiles/lab8.dir/Users/stein/pico-sdk/lib/tinyusb/src/portable/raspberrypi/rp2040/rp2040_usb.c.o
                0x20000c68                _hw_endpoint_buffer_control_update32
 .time_critical.hw_endpoint_start_next_buffer
                0x20000cb8       0x68 CMakeFiles/lab8.dir/Users/stein/pico-sdk/lib/tinyusb/src/portable/raspberrypi/rp2040/rp2040_usb.c.o
                0x20000cb8                hw_endpoint_start_next_buffer
 .time_critical.hw_endpoint_xfer_continue
                0x20000d20       0x40 CMakeFiles/lab8.dir/Users/stein/pico-sdk/lib/tinyusb/src/portable/raspberrypi/rp2040/rp2040_usb.c.o
                0x20000d20                hw_endpoint_xfer_continue
 .time_critical.tinyusb
                0x20000d60      0x1e4 CMakeFiles/lab8.dir/Users/stein/pico-sdk/lib/tinyusb/src/device/usbd.c.o
                0x20000d60                dcd_event_handler
 *(.text*)
 .text          0x20000f44        0x4 /Applications/ArmGNUToolchain/14.3.rel1/arm-none-eabi/bin/../lib/gcc/arm-none-eabi/14.3.1/thumb/v6-m/nofp/libgcc.a(_dvmd_tls.o)
                0x20000f44                __aeabi_ldiv0
                0x20000f44                __aeabi_idiv0
 .text.__stub   0x20000f48       0xa0 linker stubs
                0x20000fe8                        . = ALIGN (0x4)
 *(.rodata*)
                0x20000fe8                        . = ALIGN (0x4)
 *(.data*)
 .data.striped_spin_lock_num
                0x20000fe8        0x1 CMakeFiles/lab8.dir/Users/stein/pico-sdk/src/rp2_common/hardware_sync/sync.c.o
 *fill*         0x20000fe9        0x3 
 .data          0x20000fec       0x48 CMakeFiles/lab8.dir/Users/stein/pico-sdk/src/rp2_common/hardware_irq/irq_handler_chain.S.o
                0x20000fec                irq_handler_chain_slots
                0x2000101c                irq_handler_chain_first_slot
                0x20001026                irq_handler_chain_remove_tail
 .data.default_alarm_pool
                0x20001034       0x18 CMakeFiles/lab8.dir/Users/stein/pico-sdk/src/common/pico_time/time.c.o
 *fill*         0x2000104c        0x4 
 .data.aeabi_bits_funcs
                0x20001050       0x10 CMakeFiles/lab8.dir/Users/stein/pico-sdk/src/rp2_common/pico_bit_ops/bit_ops_aeabi.S.o
                0x20001050                aeabi_bits_funcs
                0x20001060                aeabi_bits_funcs_end
 .data.aeabi_mem_funcs
                0x20001060       0x10 CMakeFiles/lab8.dir/Users/stein/pico-sdk/src/rp2_common/pico_mem_ops/mem_ops_aeabi.S.o
                0x20001060                aeabi_mem_funcs
                0x20001070                aeabi_mem_funcs_end
 .data.stdio_usb
                0x20001070       0x18 CMakeFiles/lab8.dir/Users/stein/pico-sdk/src/rp2_common/pico_stdio_usb/stdio_usb.c.o
                0x20001070                stdio_usb
 .data._usbd_qdef
                0x20001088       0x1c CMakeFiles/lab8.dir/Users/stein/pico-sdk/lib/tinyusb/src/device/usbd.c.o
                0x20001088                _usbd_qdef
 .data._usbd_rhport
                0x200010a4        0x1 CMakeFiles/lab8.dir/Users/stein/pico-sdk/lib/tinyusb/src/device/usbd.c.o
 .data.ucPrimaryCoreNum
                0x200010a5        0x1 CMakeFiles/lab8.dir/Users/stein/FreeRTOS/FreeRTOS/Source/portable/ThirdParty/GCC/RP2040/port.c.o
                0x200010a8                        . = ALIGN (0x4)
 *fill*         0x200010a6        0x2 
 *(.after_data.*)
                0x200010a8                        . = ALIGN (0x4)
                0x200010a8                        PROVIDE (__mutex_array_start = .)
 *(SORT_BY_NAME(.mutex_array.*))
 *(.mutex_array)
 .mutex_array   0x200010a8        0x8 CMakeFiles/lab8.dir/Users/stein/pico-sdk/src/rp2_common/pico_malloc/malloc.c.o
 .mutex_array   0x200010b0        0x8 CMakeFiles/lab8.dir/Users/stein/pico-sdk/src/rp2_common/pico_stdio/stdio.c.o
                0x200010b8                        PROVIDE (__mutex_array_end = .)
                0x200010b8                        . = ALIGN (0x4)
 *(.jcr)
                0x200010b8                        . = ALIGN (0x4)

.tm_clone_table
                0x200010b8        0x0 load address 0x1000b3bc
 .tm_clone_table
                0x200010b8        0x0 /Applications/ArmGNUToolchain/14.3.rel1/arm-none-eabi/bin/../lib/gcc/arm-none-eabi/14.3.1/thumb/v6-m/nofp/crtbegin.o
 .tm_clone_table
                0x200010b8        0x0 /Applications/ArmGNUToolchain/14.3.rel1/arm-none-eabi/bin/../lib/gcc/arm-none-eabi/14.3.1/thumb/v6-m/nofp/crtend.o

.igot.plt       0x200010b8        0x0 load address 0x1000b3bc
 .igot.plt      0x200010b8        0x0 /Applications/ArmGNUToolchain/14.3.rel1/arm-none-eabi/bin/../lib/gcc/arm-none-eabi/14.3.1/thumb/v6-m/nofp/crtbegin.o

.tdata          0x200010b8        0x0 load address 0x1000b3bc
                0x200010b8                        . = ALIGN (0x4)
 *(.tdata .tdata.* .gnu.linkonce.td.*)
                0x200010b8                        __tdata_end = .
                0x200010b8                        PROVIDE (__data_end__ = .)
                0x1000a3c4                        __etext = LOADADDR (.data)

.tbss           0x200010b8        0x0 load address 0x1000b3bc
                0x200010b8                        . = ALIGN (0x4)
                0x200010b8                        __bss_start__ = .
                0x200010b8                        __tls_base = .
 *(.tbss .tbss.* .gnu.linkonce.tb.*)
 *(.tcommon)
                0x200010b8                        __tls_end = .

.bss            0x200010b8    0x213e4 load address 0x1000b3bc
                0x200010b8                        . = ALIGN (0x4)
                0x200010b8                        __tbss_end = .
 *(SORT_BY_ALIGNMENT(SORT_BY_NAME(.bss*)))
 .bss.default_alarm_pool_entries
                0x200010b8      0x180 CMakeFiles/lab8.dir/Users/stein/pico-sdk/src/common/pico_time/time.c.o
 .bss.last_avail_time.1
                0x20001238        0x8 CMakeFiles/lab8.dir/Users/stein/pico-sdk/src/rp2_common/pico_stdio_usb/stdio_usb.c.o
 .bss.sd_table  0x20001240      0x100 CMakeFiles/lab8.dir/Users/stein/pico-sdk/src/rp2_common/pico_double/double_init_rom_rp2040.c.o
                0x20001240                sd_table
 .bss.xQueueRegistry
                0x20001340       0x40 CMakeFiles/lab8.dir/Users/stein/FreeRTOS/FreeRTOS/Source/queue.c.o
                0x20001340                xQueueRegistry
 .bss._app_driver
                0x20001380        0x4 CMakeFiles/lab8.dir/Users/stein/pico-sdk/lib/tinyusb/src/device/usbd.c.o
 .bss._cdcd_epbuf
                0x20001384       0x80 CMakeFiles/lab8.dir/Users/stein/pico-sdk/lib/tinyusb/src/class/cdc/cdc_device.c.o
 .bss._cdcd_fifo_cfg
                0x20001404        0x1 CMakeFiles/lab8.dir/Users/stein/pico-sdk/lib/tinyusb/src/class/cdc/cdc_device.c.o
 *fill*         0x20001405        0x3 
 .bss._cdcd_itf
                0x20001408       0xc8 CMakeFiles/lab8.dir/Users/stein/pico-sdk/lib/tinyusb/src/class/cdc/cdc_device.c.o
 .bss._ctrl_epbuf
                0x200014d0       0x40 CMakeFiles/lab8.dir/Users/stein/pico-sdk/lib/tinyusb/src/device/usbd_control.c.o
 .bss._ctrl_xfer
                0x20001510       0x14 CMakeFiles/lab8.dir/Users/stein/pico-sdk/lib/tinyusb/src/device/usbd_control.c.o
 .bss._tusb_rhport_role
                0x20001524        0x2 CMakeFiles/lab8.dir/Users/stein/pico-sdk/lib/tinyusb/src/tusb.c.o
                0x20001524                _tusb_rhport_role
 *fill*         0x20001526        0x2 
 .bss._ubsd_mutexdef
                0x20001528        0x8 CMakeFiles/lab8.dir/Users/stein/pico-sdk/lib/tinyusb/src/device/usbd.c.o
 .bss._usbd_dev
                0x20001530       0x54 CMakeFiles/lab8.dir/Users/stein/pico-sdk/lib/tinyusb/src/device/usbd.c.o
 .bss._usbd_mutex
                0x20001584        0x4 CMakeFiles/lab8.dir/Users/stein/pico-sdk/lib/tinyusb/src/device/usbd.c.o
 .bss._usbd_q   0x20001588        0x4 CMakeFiles/lab8.dir/Users/stein/pico-sdk/lib/tinyusb/src/device/usbd.c.o
 .bss._usbd_qdef_buf
                0x2000158c       0xc0 CMakeFiles/lab8.dir/Users/stein/pico-sdk/lib/tinyusb/src/device/usbd.c.o
                0x2000158c                _usbd_qdef_buf
 .bss._vendord_epbuf
                0x2000164c       0x80 CMakeFiles/lab8.dir/Users/stein/pico-sdk/lib/tinyusb/src/class/vendor/vendor_device.c.o
 .bss._vendord_itf
                0x200016cc      0x24c CMakeFiles/lab8.dir/Users/stein/pico-sdk/lib/tinyusb/src/class/vendor/vendor_device.c.o
 .bss.boot2_copyout
                0x20001918      0x100 CMakeFiles/lab8.dir/Users/stein/pico-sdk/src/rp2_common/hardware_flash/flash.c.o
 .bss.cbus      0x20001a18      0x118 CMakeFiles/lab8.dir/babbling.c.o
 .bss.chars_available_callback
                0x20001b30        0x4 CMakeFiles/lab8.dir/Users/stein/pico-sdk/src/rp2_common/pico_stdio_usb/stdio_usb.c.o
 .bss.chars_available_param
                0x20001b34        0x4 CMakeFiles/lab8.dir/Users/stein/pico-sdk/src/rp2_common/pico_stdio_usb/stdio_usb.c.o
 .bss.claimed   0x20001b38        0x4 CMakeFiles/lab8.dir/Users/stein/pico-sdk/src/rp2_common/hardware_sync/sync.c.o
 .bss.claimed   0x20001b3c        0x1 CMakeFiles/lab8.dir/Users/stein/pico-sdk/src/rp2_common/hardware_timer/timer.c.o
 *fill*         0x20001b3d        0x3 
 .bss.configured_freq
                0x20001b40       0x28 CMakeFiles/lab8.dir/Users/stein/pico-sdk/src/rp2_common/hardware_clocks/clocks.c.o
 .bss.desc_str.0
                0x20001b68       0x28 CMakeFiles/lab8.dir/Users/stein/pico-sdk/src/rp2_common/pico_stdio_usb/stdio_usb_descriptors.c.o
 .bss.drivers   0x20001b90        0x4 CMakeFiles/lab8.dir/Users/stein/pico-sdk/src/rp2_common/pico_stdio/stdio.c.o
 .bss.e15_last_sof
                0x20001b94        0x4 CMakeFiles/lab8.dir/Users/stein/pico-sdk/lib/tinyusb/src/portable/raspberrypi/rp2040/rp2040_usb.c.o
                0x20001b94                e15_last_sof
 .bss.filter    0x20001b98        0x4 CMakeFiles/lab8.dir/Users/stein/pico-sdk/src/rp2_common/pico_stdio/stdio.c.o
 .bss.hw_endpoints
                0x20001b9c      0x400 CMakeFiles/lab8.dir/Users/stein/pico-sdk/lib/tinyusb/src/portable/raspberrypi/rp2040/dcd_rp2040.c.o
 .bss.lazy_vsnprintf
                0x20001f9c        0x4 CMakeFiles/lab8.dir/Users/stein/pico-sdk/src/rp2_common/pico_printf/printf.c.o
 .bss.load_value
                0x20001fa0        0x4 CMakeFiles/lab8.dir/Users/stein/pico-sdk/src/rp2_common/hardware_watchdog/watchdog.c.o
 .bss.next_buffer_ptr
                0x20001fa4        0x4 CMakeFiles/lab8.dir/Users/stein/pico-sdk/lib/tinyusb/src/portable/raspberrypi/rp2040/dcd_rp2040.c.o
 .bss.object.0  0x20001fa8       0x18 /Applications/ArmGNUToolchain/14.3.rel1/arm-none-eabi/bin/../lib/gcc/arm-none-eabi/14.3.1/thumb/v6-m/nofp/crtbegin.o
 .bss.one_shot_timer_crit_sec
                0x20001fc0        0x8 CMakeFiles/lab8.dir/Users/stein/pico-sdk/src/rp2_common/pico_stdio_usb/stdio_usb.c.o
 .bss.pools     0x20001fc8       0x10 CMakeFiles/lab8.dir/Users/stein/pico-sdk/src/common/pico_time/time.c.o
 .bss.pxCrossCoreSpinLock
                0x20001fd8        0x4 CMakeFiles/lab8.dir/Users/stein/FreeRTOS/FreeRTOS/Source/portable/ThirdParty/GCC/RP2040/port.c.o
 .bss.pxCurrentTCB
                0x20001fdc        0x4 CMakeFiles/lab8.dir/Users/stein/FreeRTOS/FreeRTOS/Source/tasks.c.o
                0x20001fdc                pxCurrentTCB
 .bss.pxCurrentTimerList
                0x20001fe0        0x4 CMakeFiles/lab8.dir/Users/stein/FreeRTOS/FreeRTOS/Source/timers.c.o
 .bss.pxDelayedTaskList
                0x20001fe4        0x4 CMakeFiles/lab8.dir/Users/stein/FreeRTOS/FreeRTOS/Source/tasks.c.o
 .bss.pxEnd     0x20001fe8        0x4 CMakeFiles/lab8.dir/Users/stein/FreeRTOS/FreeRTOS/Source/portable/MemMang/heap_4.c.o
 .bss.pxOverflowDelayedTaskList
                0x20001fec        0x4 CMakeFiles/lab8.dir/Users/stein/FreeRTOS/FreeRTOS/Source/tasks.c.o
 .bss.pxOverflowTimerList
                0x20001ff0        0x4 CMakeFiles/lab8.dir/Users/stein/FreeRTOS/FreeRTOS/Source/timers.c.o
 .bss.pxReadyTasksLists
                0x20001ff4      0x280 CMakeFiles/lab8.dir/Users/stein/FreeRTOS/FreeRTOS/Source/tasks.c.o
 .bss.queue     0x20002274        0x4 CMakeFiles/lab8.dir/babbling.c.o
 .bss.retrieved_id
                0x20002278        0x8 CMakeFiles/lab8.dir/Users/stein/pico-sdk/src/rp2_common/pico_unique_id/unique_id.c.o
 .bss.sf_clz_func
                0x20002280        0x4 CMakeFiles/lab8.dir/Users/stein/pico-sdk/src/rp2_common/pico_double/double_init_rom_rp2040.c.o
                0x20002280                sf_clz_func
 .bss.sf_table  0x20002284      0x100 CMakeFiles/lab8.dir/Users/stein/pico-sdk/src/rp2_common/pico_float/float_init_rom_rp2040.c.o
                0x20002284                sf_table
 .bss.sleep_notifier
                0x20002384        0x4 CMakeFiles/lab8.dir/Users/stein/pico-sdk/src/common/pico_time/time.c.o
 .bss.stdio_usb_mutex
                0x20002388        0x8 CMakeFiles/lab8.dir/Users/stein/pico-sdk/src/rp2_common/pico_stdio_usb/stdio_usb.c.o
 .bss.ucHeap    0x20002390    0x20000 CMakeFiles/lab8.dir/Users/stein/FreeRTOS/FreeRTOS/Source/portable/MemMang/heap_4.c.o
 .bss.usbd_serial_str
                0x20022390       0x11 CMakeFiles/lab8.dir/Users/stein/pico-sdk/src/rp2_common/pico_stdio_usb/stdio_usb_descriptors.c.o
 *fill*         0x200223a1        0x3 
 .bss.uxCriticalNesting
                0x200223a4        0x4 CMakeFiles/lab8.dir/Users/stein/FreeRTOS/FreeRTOS/Source/portable/ThirdParty/GCC/RP2040/port.c.o
 .bss.uxCrossCoreEventBits
                0x200223a8        0x4 CMakeFiles/lab8.dir/Users/stein/FreeRTOS/FreeRTOS/Source/portable/ThirdParty/GCC/RP2040/port.c.o
 .bss.uxCurrentNumberOfTasks
                0x200223ac        0x4 CMakeFiles/lab8.dir/Users/stein/FreeRTOS/FreeRTOS/Source/tasks.c.o
 .bss.uxDeletedTasksWaitingCleanUp