Archive member included to satisfy reference by file (symbol)

../libcan2040.a(can2040.c.o)  CMakeFiles/lab8.dir/lab8.c.o (can2040_pio_irq_handler)
/Applications/ArmGNUToolchain/14.3.rel1/arm-none-eabi/bin/../lib/gcc/arm-none-eabi/14.3.1/thumb/v6-m/nofp/libgcc.a(_dvmd_tls.o)
                              CMakeFiles/lab8.dir/Users/stein/pico-sdk/src/rp2_common/pico_divider/divider_hardware.S.o (__aeabi_idiv0)
/Applications/ArmGNUToolchain/14.3.rel1/arm-none-eabi/bin/../lib/gcc/arm-none-eabi/14.3.1/../../../../arm-none-eabi/lib/thumb/v6-m/nofp/libg.a(libc_a-calloc.o)
                              CMakeFiles/lab8.dir/Users/stein/pico-sdk/src/rp2_common/pico_malloc/malloc.c.o (calloc)
/Applications/ArmGNUToolchain/14.3.rel1/arm-none-eabi/bin/../lib/gcc/arm-none-eabi/14.3.1/../../../../arm-none-eabi/lib/thumb/v6-m/nofp/libg.a(libc_a-callocr.o)
                              /Applications/ArmGNUToolchain/14.3.rel1/arm-none-eabi/bin/../lib/gcc/arm-none-eabi/14.3.1/../../../../arm-none-eabi/lib/thumb/v6-m/nofp/libg.a(libc_a-calloc.o) (_calloc_r)
/Applications/ArmGNUToolchain/14.3.rel1/arm-none-eabi/bin/../lib/gcc/arm-none-eabi/14.3.1/../../../../arm-none-eabi/lib/thumb/v6-m/nofp/libg.a(libc_a-malloc.o)
                              CMakeFiles/lab8.dir/Users/stein/pico-sdk/src/rp2_common/pico_malloc/malloc.c.o (malloc)
/Applications/ArmGNUToolchain/14.3.rel1/arm-none-eabi/bin/../lib/gcc/arm-none-eabi/14.3.1/../../../../arm-none-eabi/lib/thumb/v6-m/nofp/libg.a(libc_a-mallocr.o)
                              /Applications/ArmGNUToolchain/14.3.rel1/arm-none-eabi/bin/../lib/gcc/arm-none-eabi/14.3.1/../../../../arm-none-eabi/lib/thumb/v6-m/nofp/libg.a(libc_a-callocr.o) (_malloc_r)
/Applications/ArmGNUToolchain/14.3.rel1/arm-none-eabi/bin/../lib/gcc/arm-none-eabi/14.3.1/../../../../arm-none-eabi/lib/thumb/v6-m/nofp/libg.a(libc_a-mlock.o)
                              /Applications/ArmGNUToolchain/14.3.rel1/arm-none-eabi/bin/../lib/gcc/arm-none-eabi/14.3.1/../../../../arm-none-eabi/lib/thumb/v6-m/nofp/libg.a(libc_a-mallocr.o) (__malloc_lock)
/Applications/ArmGNUToolchain/14.3.rel1/arm-none-eabi/bin/../lib/gcc/arm-none-eabi/14.3.1/../../../../arm-none-eabi/lib/thumb/v6-m/nofp/libg.a(libc_a-realloc.o)
                              CMakeFiles/lab8.dir/Users/stein/pico-sdk/src/rp2_common/pico_malloc/malloc.c.o (realloc)
/Applications/ArmGNUToolchain/14.3.rel1/arm-none-eabi/bin/../lib/gcc/arm-none-eabi/14.3.1/../../../../arm-none-eabi/lib/thumb/v6-m/nofp/libg.a(libc_a-reallocr.o)
                              /Applications/ArmGNUToolchain/14.3.rel1/arm-none-eabi/bin/../lib/gcc/arm-none-eabi/14.3.1/../../../../arm-none-eabi/lib/thumb/v6-m/nofp/libg.a(libc_a-realloc.o) (_realloc_r)
/Applications/ArmGNUToolchain/14.3.rel1/arm-none-eabi/bin/../lib/gcc/arm-none-eabi/14.3.1/../../../../arm-none-eabi/lib/thumb/v6-m/nofp/libg.a(libc_a-memcmp.o)
                              CMakeFiles/lab8.dir/Users/stein/pico-sdk/src/rp2_common/pico_atomic/atomic.c.o (memcmp)
/Applications/ArmGNUToolchain/14.3.rel1/arm-none-eabi/bin/../lib/gcc/arm-none-eabi/14.3.1/../../../../arm-none-eabi/lib/thumb/v6-m/nofp/libg.a(libc_a-memmove.o)
                              CMakeFiles/lab8.dir/Users/stein/pico-sdk/lib/cyw43-driver/src/cyw43_ll.c.o (memmove)
/Applications/ArmGNUToolchain/14.3.rel1/arm-none-eabi/bin/../lib/gcc/arm-none-eabi/14.3.1/../../../../arm-none-eabi/lib/thumb/v6-m/nofp/libg.a(libc_a-strncmp.o)
                              CMakeFiles/lab8.dir/Users/stein/pico-sdk/lib/cyw43-driver/src/cyw43_ll.c.o (strncmp)
/Applications/ArmGNUToolchain/14.3.rel1/arm-none-eabi/bin/../lib/gcc/arm-none-eabi/14.3.1/../../../../arm-none-eabi/lib/thumb/v6-m/nofp/libg.a(libc_a-lcltime_r.o)
                              CMakeFiles/lab8.dir/Users/stein/pico-sdk/src/common/pico_util/datetime.c.o (localtime_r)
/Applications/ArmGNUToolchain/14.3.rel1/arm-none-eabi/bin/../lib/gcc/arm-none-eabi/14.3.1/../../../../arm-none-eabi/lib/thumb/v6-m/nofp/libg.a(libc_a-mktime.o)
                              CMakeFiles/lab8.dir/Users/stein/pico-sdk/src/common/pico_util/datetime.c.o (mktime)
/Applications/ArmGNUToolchain/14.3.rel1/arm-none-eabi/bin/../lib/gcc/arm-none-eabi/14.3.1/../../../../arm-none-eabi/lib/thumb/v6-m/nofp/libg.a(libc_a-month_lengths.o)
                              /Applications/ArmGNUToolchain/14.3.rel1/arm-none-eabi/bin/../lib/gcc/arm-none-eabi/14.3.1/../../../../arm-none-eabi/lib/thumb/v6-m/nofp/libg.a(libc_a-lcltime_r.o) (__month_lengths)
/Applications/ArmGNUToolchain/14.3.rel1/arm-none-eabi/bin/../lib/gcc/arm-none-eabi/14.3.1/../../../../arm-none-eabi/lib/thumb/v6-m/nofp/libg.a(libc_a-tzcalc_limits.o)
                              /Applications/ArmGNUToolchain/14.3.rel1/arm-none-eabi/bin/../lib/gcc/arm-none-eabi/14.3.1/../../../../arm-none-eabi/lib/thumb/v6-m/nofp/libg.a(libc_a-lcltime_r.o) (__tzcalc_limits)
[...]
Memory Configuration

Name             Origin             Length             Attributes
FLASH            0x10000000         0x00200000         xr
RAM              0x20000000         0x00040000         xrw
SCRATCH_X        0x20040000         0x00001000         xrw
SCRATCH_Y        0x20041000         0x00001000         xrw
*default*        0x00000000         0xffffffff

Linker script and memory map

LOAD /Applications/ArmGNUToolchain/14.3.rel1/arm-none-eabi/bin/../lib/gcc/arm-none-eabi/14.3.1/thumb/v6-m/nofp/crti.o
LOAD /Applications/ArmGNUToolchain/14.3.rel1/arm-none-eabi/bin/../lib/gcc/arm-none-eabi/14.3.1/thumb/v6-m/nofp/crtbegin.o
LOAD /Applications/ArmGNUToolchain/14.3.rel1/arm-none-eabi/bin/../lib/gcc/arm-none-eabi/14.3.1/../../../../arm-none-eabi/lib/thumb/v6-m/nofp/crt0.o

.flash_begin    0x10000000        0x0
                0x10000000                        __flash_binary_start = .

.boot2          0x10000000      0x100
                0x10000000                        __boot2_start__ = .
 *(.boot2)
 .boot2         0x10000000      0x100 ../pico-sdk/src/rp2040/boot_stage2/CMakeFiles/bs2_default_library.dir/bs2_default_padded_checksummed.S.o
                0x10000100                        __boot2_end__ = .
                0x00000001                        ASSERT (((__boot2_end__ - __boot2_start__) == 0x100), ERROR: Pico second stage bootloader must be 256 bytes in size)

.text           0x10000100     0x9930
                0x10000100                        __logical_binary_start = .
 *(.vectors)
 .vectors       0x10000100       0xd4 CMakeFiles/lab8.dir/Users/stein/pico-sdk/src/rp2_common/pico_crt0/crt0.S.o
                0x10000100                __VECTOR_TABLE
                0x10000100                __vectors
                0x100001c0                isr_irq13
                0x100001c0                isr_irq27
                0x100001c0                isr_irq31
                0x100001c0                isr_irq5
                0x100001c0                isr_irq11
                0x100001c0                isr_irq23
                0x100001c0                isr_irq18
                0x100001c0                isr_irq9
                0x100001c0                __unhandled_user_irq
                0x100001c0                isr_irq25
                0x100001c0                isr_irq4
                0x100001c0                isr_irq16
                0x100001c0                isr_irq29
                0x100001c0                isr_irq26
                0x100001c0                isr_irq3
                0x100001c0                isr_irq12
                0x100001c0                isr_irq30
                0x100001c0                isr_irq28
                0x100001c0                isr_irq19
                0x100001c0                isr_irq0
                0x100001c0                isr_irq6
                0x100001c0                isr_irq22
                0x100001c0                isr_irq17
                0x100001c0                isr_irq14
                0x100001c0                __vectors_end
                0x100001c0                __default_isrs_start
                0x100001c0                isr_irq2
                0x100001c0                isr_irq10
                0x100001c0                isr_irq8
                0x100001c0                isr_irq24
                0x100001c0                isr_irq1
                0x100001c0                isr_irq7
                0x100001c0                isr_irq21
                0x100001c0                isr_irq20
                0x100001c0                isr_irq15
                0x100001c6                unhandled_user_irq_num_in_r0
                0x100001c8                isr_invalid
                0x100001ca                isr_nmi
                0x100001cc                isr_hardfault
                0x100001ce                isr_svcall
                0x100001d0                isr_pendsv
                0x100001d2                isr_systick
                0x100001d4                __default_isrs_end
 *(.binary_info_header)
 .binary_info_header
                0x100001d4       0x14 CMakeFiles/lab8.dir/Users/stein/pico-sdk/src/rp2_common/pico_crt0/crt0.S.o
                0x100001e8                        __binary_info_header_end = .
 *(.embedded_block)
                0x100001e8                        __embedded_block_end = .
 *(.reset)
 .reset         0x100001e8       0x9c CMakeFiles/lab8.dir/Users/stein/pico-sdk/src/rp2_common/pico_crt0/crt0.S.o
                0x100001e8                _entry_point
 *(.init)
 .init          0x10000284        0x4 /Applications/ArmGNUToolchain/14.3.rel1/arm-none-eabi/bin/../lib/gcc/arm-none-eabi/14.3.1/thumb/v6-m/nofp/crti.o
                0x10000284                _init
 *(EXCLUDE_FILE(*libm.a: *libc.a:*lib_a-mem*.o *libgcc.a:) .text*)
 .text.register_tm_clones
                0x10000288       0x28 /Applications/ArmGNUToolchain/14.3.rel1/arm-none-eabi/bin/../lib/gcc/arm-none-eabi/14.3.1/thumb/v6-m/nofp/crtbegin.o
 .text.frame_dummy
                0x100002b0       0x24 /Applications/ArmGNUToolchain/14.3.rel1/arm-none-eabi/bin/../lib/gcc/arm-none-eabi/14.3.1/thumb/v6-m/nofp/crtbegin.o
 .text.PIOx_IRQHandler
                0x100002d4       0x10 CMakeFiles/lab8.dir/lab8.c.o
 .text.CanTransmitTask
                0x100002e4       0x44 CMakeFiles/lab8.dir/lab8.c.o
                0x100002e4                CanTransmitTask
 .text.can2040_cb
                0x10000328       0x20 CMakeFiles/lab8.dir/lab8.c.o
 .text.canbus_setup
                0x10000348       0x58 CMakeFiles/lab8.dir/lab8.c.o
                0x10000348                canbus_setup
 .text.startup.main
                0x100003a0       0x50 CMakeFiles/lab8.dir/lab8.c.o
                0x100003a0                main
 .text.rp2040_chip_version
                0x100003f0        0xc CMakeFiles/lab8.dir/Users/stein/pico-sdk/src/rp2040/pico_platform/platform.c.o
                0x100003f0                rp2040_chip_version
 .text.panic    0x100003fc       0x30 CMakeFiles/lab8.dir/Users/stein/pico-sdk/src/rp2_common/pico_platform_panic/panic.c.o
                0x100003fc                panic
 .text.panic_unsupported
                0x1000042c        0xc CMakeFiles/lab8.dir/Users/stein/pico-sdk/src/rp2_common/pico_platform_panic/panic.c.o
                0x1000042c                panic_unsupported
 .text.hw_claim_or_assert
                0x10000438       0x44 CMakeFiles/lab8.dir/Users/stein/pico-sdk/src/common/hardware_claim/claim.c.o
                0x10000438                hw_claim_or_assert
 .text.hw_claim_unused_from_range
                0x1000047c       0x88 CMakeFiles/lab8.dir/Users/stein/pico-sdk/src/common/hardware_claim/claim.c.o
                0x1000047c                hw_claim_unused_from_range
 .text.next_striped_spin_lock_num
                0x10000504       0x18 CMakeFiles/lab8.dir/Users/stein/pico-sdk/src/rp2_common/hardware_sync/sync.c.o
                0x10000504                next_striped_spin_lock_num
 .text.spin_lock_claim_unused
                0x1000051c       0x24 CMakeFiles/lab8.dir/Users/stein/pico-sdk/src/rp2_common/hardware_sync/sync.c.o
                0x1000051c                spin_lock_claim_unused
 .text.spin_locks_reset
                0x10000540       0x1c CMakeFiles/lab8.dir/Users/stein/pico-sdk/src/rp2_common/hardware_sync_spin_lock/sync_spin_lock.c.o
                0x10000540                spin_locks_reset
 .text.runtime_init_per_core_irq_priorities
                0x1000055c       0x24 CMakeFiles/lab8.dir/Users/stein/pico-sdk/src/rp2_common/hardware_irq/irq.c.o
                0x1000055c                runtime_init_per_core_irq_priorities
 .text.irq_set_enabled
                0x10000580       0x24 CMakeFiles/lab8.dir/Users/stein/pico-sdk/src/rp2_common/hardware_irq/irq.c.o
                0x10000580                irq_set_enabled
 .text.irq_is_enabled
                0x100005a4       0x18 CMakeFiles/lab8.dir/Users/stein/pico-sdk/src/rp2_common/hardware_irq/irq.c.o
                0x100005a4                irq_is_enabled
 .text.irq_set_pending
                0x100005bc       0x10 CMakeFiles/lab8.dir/Users/stein/pico-sdk/src/rp2_common/hardware_irq/irq.c.o
                0x100005bc                irq_set_pending
 .text.irq_has_shared_handler
                0x100005cc       0x24 CMakeFiles/lab8.dir/Users/stein/pico-sdk/src/rp2_common/hardware_irq/irq.c.o
                0x100005cc                irq_has_shared_handler
 .text.irq_set_exclusive_handler
                0x100005f0       0x54 CMakeFiles/lab8.dir/Users/stein/pico-sdk/src/rp2_common/hardware_irq/irq.c.o
                0x100005f0                irq_set_exclusive_handler
 .text.irq_add_shared_handler
                0x10000644      0x1f4 CMakeFiles/lab8.dir/Users/stein/pico-sdk/src/rp2_common/hardware_irq/irq.c.o
                0x10000644                irq_add_shared_handler
 .text.irq_set_priority
                0x10000838       0x28 CMakeFiles/lab8.dir/Users/stein/pico-sdk/src/rp2_common/hardware_irq/irq.c.o
                0x10000838                irq_set_priority
 .text.irq_add_tail_to_free_list
                0x10000860       0xb4 CMakeFiles/lab8.dir/Users/stein/pico-sdk/src/rp2_common/hardware_irq/irq.c.o
                0x10000860                irq_add_tail_to_free_list
 .text.user_irq_claim_unused
                0x10000914       0x2c CMakeFiles/lab8.dir/Users/stein/pico-sdk/src/rp2_common/hardware_irq/irq.c.o
                0x10000914                user_irq_claim_unused
 .text.lock_init
                0x10000940       0x10 CMakeFiles/lab8.dir/Users/stein/pico-sdk/src/common/pico_sync/lock_core.c.o
                0x10000940                lock_init
 .text.runtime_init_mutex
                0x10000950       0x54 CMakeFiles/lab8.dir/Users/stein/pico-sdk/src/common/pico_sync/mutex.c.o
                0x10000950                runtime_init_mutex
 .text.mutex_init
                0x100009a4       0x1c CMakeFiles/lab8.dir/Users/stein/pico-sdk/src/common/pico_sync/mutex.c.o
                0x100009a4                mutex_init
 .text.critical_section_init
                0x100009c0       0x1c CMakeFiles/lab8.dir/Users/stein/pico-sdk/src/common/pico_sync/critical_section.c.o
                0x100009c0                critical_section_init
 .text.critical_section_init_with_lock_num
                0x100009dc       0x14 CMakeFiles/lab8.dir/Users/stein/pico-sdk/src/common/pico_sync/critical_section.c.o
                0x100009dc                critical_section_init_with_lock_num
 .text.alarm_pool_irq_handler
                0x100009f0      0x2f8 CMakeFiles/lab8.dir/Users/stein/pico-sdk/src/common/pico_time/time.c.o
 .text.sleep_until_callback
                0x10000ce8       0x24 CMakeFiles/lab8.dir/Users/stein/pico-sdk/src/common/pico_time/time.c.o
 .text.runtime_init_default_alarm_pool
                0x10000d0c       0xdc CMakeFiles/lab8.dir/Users/stein/pico-sdk/src/common/pico_time/time.c.o
                0x10000d0c                runtime_init_default_alarm_pool
 .text.alarm_pool_get_default
                0x10000de8        0x8 CMakeFiles/lab8.dir/Users/stein/pico-sdk/src/common/pico_time/time.c.o
                0x10000de8                alarm_pool_get_default
 .text.alarm_pool_add_alarm_at
                0x10000df0       0xd0 CMakeFiles/lab8.dir/Users/stein/pico-sdk/src/common/pico_time/time.c.o
                0x10000df0                alarm_pool_add_alarm_at
 .text.alarm_pool_add_alarm_at_force_in_context
                0x10000ec0       0xb0 CMakeFiles/lab8.dir/Users/stein/pico-sdk/src/common/pico_time/time.c.o
                0x10000ec0                alarm_pool_add_alarm_at_force_in_context
 .text.alarm_pool_cancel_alarm
                0x10000f70       0x74 CMakeFiles/lab8.dir/Users/stein/pico-sdk/src/common/pico_time/time.c.o
                0x10000f70                alarm_pool_cancel_alarm
 .text.alarm_pool_core_num
                0x10000fe4        0x4 CMakeFiles/lab8.dir/Users/stein/pico-sdk/src/common/pico_time/time.c.o
                0x10000fe4                alarm_pool_core_num
 .text.sleep_ms
                0x10000fe8       0xf8 CMakeFiles/lab8.dir/Users/stein/pico-sdk/src/common/pico_time/time.c.o
                0x10000fe8                sleep_ms
 .text.best_effort_wfe_or_timeout
                0x100010e0      0x10c CMakeFiles/lab8.dir/Users/stein/pico-sdk/src/common/pico_time/time.c.o
                0x100010e0                best_effort_wfe_or_timeout
 .text.timer_hardware_alarm_claim
                0x100011ec       0x14 CMakeFiles/lab8.dir/Users/stein/pico-sdk/src/rp2_common/hardware_timer/timer.c.o
                0x100011ec                timer_hardware_alarm_claim
 .text.timer_time_us_64
                0x10001200       0x10 CMakeFiles/lab8.dir/Users/stein/pico-sdk/src/rp2_common/hardware_timer/timer.c.o
                0x10001200                timer_time_us_64
 .text.time_us_64
                0x10001210       0x14 CMakeFiles/lab8.dir/Users/stein/pico-sdk/src/rp2_common/hardware_timer/timer.c.o
                0x10001210                time_us_64
 .text.busy_wait_until
                0x10001224       0x20 CMakeFiles/lab8.dir/Users/stein/pico-sdk/src/rp2_common/hardware_timer/timer.c.o
                0x10001224                busy_wait_until
 .text.clock_configure_int_divider
                0x10001244       0xf4 CMakeFiles/lab8.dir/Users/stein/pico-sdk/src/rp2_common/hardware_clocks/clocks.c.o
                0x10001244                clock_configure_int_divider
 .text.clock_configure_undivided
                0x10001338       0xe8 CMakeFiles/lab8.dir/Users/stein/pico-sdk/src/rp2_common/hardware_clocks/clocks.c.o
                0x10001338                clock_configure_undivided
 .text.clock_get_hz
                0x10001420        0xc CMakeFiles/lab8.dir/Users/stein/pico-sdk/src/rp2_common/hardware_clocks/clocks.c.o
                0x10001420                clock_get_hz
 .text.pll_init
                0x1000142c       0xa4 CMakeFiles/lab8.dir/Users/stein/pico-sdk/src/rp2_common/hardware_pll/pll.c.o
                0x1000142c                pll_init
 .text.watchdog_reboot
                0x100014d0       0x9c CMakeFiles/lab8.dir/Users/stein/pico-sdk/src/rp2_common/hardware_watchdog/watchdog.c.o
                0x100014d0                watchdog_reboot
 .text.tick_start
                0x1000156c       0x10 CMakeFiles/lab8.dir/Users/stein/pico-sdk/src/rp2_common/hardware_ticks/ticks.c.o
                0x1000156c                tick_start
 .text.rom_func_lookup
                0x1000157c       0x10 CMakeFiles/lab8.dir/Users/stein/pico-sdk/src/rp2_common/pico_bootrom/bootrom.c.o
                0x1000157c                rom_func_lookup
 .text.rom_data_lookup
                0x1000158c       0x10 CMakeFiles/lab8.dir/Users/stein/pico-sdk/src/rp2_common/pico_bootrom/bootrom.c.o
                0x1000158c                rom_data_lookup
 .text.rom_funcs_lookup
                0x1000159c       0x44 CMakeFiles/lab8.dir/Users/stein/pico-sdk/src/rp2_common/pico_bootrom/bootrom.c.o
                0x1000159c                rom_funcs_lookup
 .text.rom_reset_usb_boot
                0x100015e0       0x1c CMakeFiles/lab8.dir/Users/stein/pico-sdk/src/rp2_common/pico_bootrom/bootrom.c.o
                0x100015e0                rom_reset_usb_boot
 .text.rom_reset_usb_boot_extra
                0x100015fc       0x24 CMakeFiles/lab8.dir/Users/stein/pico-sdk/src/rp2_common/pico_bootrom/bootrom.c.o
                0x100015fc                rom_reset_usb_boot_extra
 .text.xosc_init
                0x10001620       0x28 CMakeFiles/lab8.dir/Users/stein/pico-sdk/src/rp2_common/hardware_xosc/xosc.c.o
                0x10001620                xosc_init
 .text.first_per_core_initializer
                0x10001648        0x4 CMakeFiles/lab8.dir/Users/stein/pico-sdk/src/rp2_common/pico_runtime/runtime.c.o
 .text.hard_assertion_failure
                0x1000164c        0xc CMakeFiles/lab8.dir/Users/stein/pico-sdk/src/rp2_common/pico_runtime/runtime.c.o
                0x1000164c                hard_assertion_failure
 .text.runtime_run_initializers
                0x10001658       0x28 CMakeFiles/lab8.dir/Users/stein/pico-sdk/src/rp2_common/pico_runtime/runtime.c.o
                0x10001658                runtime_run_initializers
 .text.runtime_init_early_resets
                0x10001680       0x2c CMakeFiles/lab8.dir/Users/stein/pico-sdk/src/rp2_common/pico_runtime_init/runtime_init.c.o
                0x10001680                runtime_init_early_resets
 .text.runtime_init_usb_power_down
                0x100016ac       0x1c CMakeFiles/lab8.dir/Users/stein/pico-sdk/src/rp2_common/pico_runtime_init/runtime_init.c.o
                0x100016ac                runtime_init_usb_power_down
 .text.runtime_init_post_clock_resets
                0x100016c8       0x20 CMakeFiles/lab8.dir/Users/stein/pico-sdk/src/rp2_common/pico_runtime_init/runtime_init.c.o
                0x100016c8                runtime_init_post_clock_resets
 .text.runtime_init_rp2040_gpio_ie_disable
                0x100016e8       0x14 CMakeFiles/lab8.dir/Users/stein/pico-sdk/src/rp2_common/pico_runtime_init/runtime_init.c.o
                0x100016e8                runtime_init_rp2040_gpio_ie_disable
 .text.runtime_init_spin_locks_reset
                0x100016fc        0x8 CMakeFiles/lab8.dir/Users/stein/pico-sdk/src/rp2_common/pico_runtime_init/runtime_init.c.o
                0x100016fc                runtime_init_spin_locks_reset
 .text.runtime_init_install_ram_vector_table
                0x10001704       0xb4 CMakeFiles/lab8.dir/Users/stein/pico-sdk/src/rp2_common/pico_runtime_init/runtime_init.c.o
                0x10001704                runtime_init_install_ram_vector_table
 .text.runtime_init_clocks
                0x100017b8       0xd8 CMakeFiles/lab8.dir/Users/stein/pico-sdk/src/rp2_common/pico_runtime_init/runtime_init_clocks.c.o
                0x100017b8                runtime_init_clocks
 .text          0x10001890       0x10 CMakeFiles/lab8.dir/Users/stein/pico-sdk/src/rp2_common/pico_bit_ops/bit_ops_aeabi.S.o
 .text.__wrap___aeabi_idiv
                0x100018a0       0x50 CMakeFiles/lab8.dir/Users/stein/pico-sdk/src/rp2_common/pico_divider/divider_hardware.S.o
                0x100018a0                __wrap___aeabi_idivmod
                0x100018a0                divmod_s32s32
                0x100018a0                div_s32s32
                0x100018a0                __wrap___aeabi_idiv
                0x100018a8                divmod_s32s32_unsafe
                0x100018d4                divmod_s32s32_savestate
 .text.__wrap___aeabi_uidiv
                0x100018f0       0x4c CMakeFiles/lab8.dir/Users/stein/pico-sdk/src/rp2_common/pico_divider/divider_hardware.S.o
                0x100018f0                __wrap___aeabi_uidiv
                0x100018f0                __wrap___aeabi_uidivmod
                0x100018f0                div_u32u32
                0x100018f0                divmod_u32u32
                0x100018f8                divmod_u32u32_unsafe
                0x10001920                divmod_u32u32_savestate
 .text.__wrap___aeabi_ldiv
                0x1000193c      0x424 CMakeFiles/lab8.dir/Users/stein/pico-sdk/src/rp2_common/pico_divider/divider_hardware.S.o
                0x1000193c                __wrap___aeabi_ldivmod
                0x1000193c                div_s64s64
                0x1000193c                divmod_s64s64
                0x1000196c                divmod_u64u64
                0x1000196c                div_u64u64
                0x1000196c                __wrap___aeabi_uldivmod
                0x1000197c                divmod_u64u64_savestate
                0x1000199c                divmod_s64s64_unsafe
                0x10001a24                divmod_u64u64_unsafe
 .text.__wrap___aeabi_darithmetic
                0x10001d60       0x60 CMakeFiles/lab8.dir/Users/stein/pico-sdk/src/rp2_common/pico_double/double_aeabi_rp2040.S.o
                0x10001d60                __wrap___aeabi_drsub
                0x10001d66                __wrap___aeabi_dsub
                0x10001d70                __wrap___aeabi_dadd
                0x10001d7a                __wrap___aeabi_ddiv
                0x10001dae                __wrap___aeabi_dmul
 .text.__wrap___aeabi_cdcmple
                0x10001dc0       0x6c CMakeFiles/lab8.dir/Users/stein/pico-sdk/src/rp2_common/pico_double/double_aeabi_rp2040.S.o
                0x10001dc0                __wrap___aeabi_cdrcmple
                0x10001dd0                __wrap___aeabi_cdcmple
                0x10001dd0                __wrap___aeabi_cdcmpeq
 .text.__wrap___aeabi_dcmplt
                0x10001e2c        0xc CMakeFiles/lab8.dir/Users/stein/pico-sdk/src/rp2_common/pico_double/double_aeabi_rp2040.S.o
                0x10001e2c                __wrap___aeabi_dcmplt
 .text.__wrap___aeabi_dcmple
                0x10001e38       0x10 CMakeFiles/lab8.dir/Users/stein/pico-sdk/src/rp2_common/pico_double/double_aeabi_rp2040.S.o
                0x10001e38                __wrap___aeabi_dcmple
 .text.__wrap___aeabi_dcmpge
                0x10001e48       0x10 CMakeFiles/lab8.dir/Users/stein/pico-sdk/src/rp2_common/pico_double/double_aeabi_rp2040.S.o
                0x10001e48                __wrap___aeabi_dcmpge
 .text.__wrap___aeabi_dcmpgt
                0x10001e58        0xa CMakeFiles/lab8.dir/Users/stein/pico-sdk/src/rp2_common/pico_double/double_aeabi_rp2040.S.o
                0x10001e58                __wrap___aeabi_dcmpgt
 .text.__wrap___aeabi_dcmpun
                0x10001e62       0x18 CMakeFiles/lab8.dir/Users/stein/pico-sdk/src/rp2_common/pico_double/double_aeabi_rp2040.S.o
                0x10001e62                __wrap___aeabi_dcmpun
 *fill*         0x10001e7a        0x2 
 .text.__wrap___aeabi_i2d
                0x10001e7c       0x38 CMakeFiles/lab8.dir/Users/stein/pico-sdk/src/rp2_common/pico_double/double_aeabi_rp2040.S.o
                0x10001e7c                __wrap___aeabi_ui2d
                0x10001e7c                uint2double
                0x10001e84                __wrap___aeabi_i2d
                0x10001e84                int2double
 .text.__wrap___aeabi_d2iz
                0x10001eb4       0x48 CMakeFiles/lab8.dir/Users/stein/pico-sdk/src/rp2_common/pico_double/double_aeabi_rp2040.S.o
                0x10001eb4                __wrap___aeabi_d2iz
                0x10001eb4                double2int_z
 .text.__wrap___aeabi_d2uiz
                0x10001efc       0x10 CMakeFiles/lab8.dir/Users/stein/pico-sdk/src/rp2_common/pico_double/double_aeabi_rp2040.S.o
                0x10001efc                double2uint_z
                0x10001efc                double2uint
                0x10001efc                __wrap___aeabi_d2uiz
 .text.missing_double_func_shim
                0x10001f0c        0xc CMakeFiles/lab8.dir/Users/stein/pico-sdk/src/rp2_common/pico_double/double_init_rom_rp2040.c.o
 .text.__aeabi_double_init
                0x10001f18       0xa0 CMakeFiles/lab8.dir/Users/stein/pico-sdk/src/rp2_common/pico_double/double_init_rom_rp2040.c.o
                0x10001f18                __aeabi_double_init
 .text.double_table_shim_on_use_helper
                0x10001fb8       0x2c CMakeFiles/lab8.dir/Users/stein/pico-sdk/src/rp2_common/pico_double/double_v1_rom_shim_rp2040.S.o
                0x10001fb8                double_table_shim_on_use_helper
 .text.__aeabi_lmul
                0x10001fe4       0x32 CMakeFiles/lab8.dir/Users/stein/pico-sdk/src/rp2_common/pico_int64_ops/pico_int64_ops_aeabi.S.o
                0x10001fe4                __wrap___aeabi_lmul
 *fill*         0x10002016        0x2 
 .text.missing_float_func_shim
                0x10002018        0xc CMakeFiles/lab8.dir/Users/stein/pico-sdk/src/rp2_common/pico_float/float_init_rom_rp2040.c.o
 .text.__aeabi_float_init
                0x10002024       0x5c CMakeFiles/lab8.dir/Users/stein/pico-sdk/src/rp2_common/pico_float/float_init_rom_rp2040.c.o
                0x10002024                __aeabi_float_init
 .text          0x10002080       0x10 CMakeFiles/lab8.dir/Users/stein/pico-sdk/src/rp2_common/pico_mem_ops/mem_ops_aeabi.S.o
                0x10002080                __aeabi_mem_init
 .text.memset   0x10002090        0xc CMakeFiles/lab8.dir/Users/stein/pico-sdk/src/rp2_common/pico_mem_ops/mem_ops_aeabi.S.o
                0x10002090                __wrap_memset
 .text.memcpy   0x1000209c        0xc CMakeFiles/lab8.dir/Users/stein/pico-sdk/src/rp2_common/pico_mem_ops/mem_ops_aeabi.S.o
                0x1000209c                __wrap___aeabi_memcpy
                0x1000209c                __wrap_memcpy
 .text._out_null
                0x100020a8        0x4 CMakeFiles/lab8.dir/Users/stein/pico-sdk/src/rp2_common/pico_printf/printf.c.o
 .text._out_rev
                0x100020ac       0xac CMakeFiles/lab8.dir/Users/stein/pico-sdk/src/rp2_common/pico_printf/printf.c.o
 .text._ntoa_format
                0x10002158      0x1cc CMakeFiles/lab8.dir/Users/stein/pico-sdk/src/rp2_common/pico_printf/printf.c.o
 .text._out_char
                0x10002324       0x10 CMakeFiles/lab8.dir/Users/stein/pico-sdk/src/rp2_common/pico_printf/printf.c.o
 .text._out_fct
                0x10002334       0x10 CMakeFiles/lab8.dir/Users/stein/pico-sdk/src/rp2_common/pico_printf/printf.c.o
 .text._ftoa    0x10002344      0x4a8 CMakeFiles/lab8.dir/Users/stein/pico-sdk/src/rp2_common/pico_printf/printf.c.o
 .text._etoa    0x100027ec      0x57c CMakeFiles/lab8.dir/Users/stein/pico-sdk/src/rp2_common/pico_printf/printf.c.o
 .text._vsnprintf
                0x10002d68      0xbe0 CMakeFiles/lab8.dir/Users/stein/pico-sdk/src/rp2_common/pico_printf/printf.c.o
 .text.vfctprintf
                0x10003948       0x24 CMakeFiles/lab8.dir/Users/stein/pico-sdk/src/rp2_common/pico_printf/printf.c.o
                0x10003948                vfctprintf
 .text.weak_raw_vprintf
                0x1000396c       0x30 CMakeFiles/lab8.dir/Users/stein/pico-sdk/src/rp2_common/pico_printf/printf.c.o
                0x1000396c                weak_raw_vprintf
 .text._exit    0x1000399c        0xc CMakeFiles/lab8.dir/Users/stein/pico-sdk/src/rp2_common/pico_clib_interface/newlib_interface.c.o
                0x1000399c                _exit
 .text.exit     0x100039a8        0x8 CMakeFiles/lab8.dir/Users/stein/pico-sdk/src/rp2_common/pico_clib_interface/newlib_interface.c.o
                0x100039a8                exit
 .text.runtime_init
                0x100039b0       0x2c CMakeFiles/lab8.dir/Users/stein/pico-sdk/src/rp2_common/pico_clib_interface/newlib_interface.c.o
                0x100039b0                runtime_init
 .text.stdio_out_chars_no_crlf
                0x100039dc       0x10 CMakeFiles/lab8.dir/Users/stein/pico-sdk/src/rp2_common/pico_stdio/stdio.c.o
 .text.stdio_out_chars_crlf
                0x100039ec       0xb0 CMakeFiles/lab8.dir/Users/stein/pico-sdk/src/rp2_common/pico_stdio/stdio.c.o
 .text.stdio_buffered_printer
                0x10003a9c       0x64 CMakeFiles/lab8.dir/Users/stein/pico-sdk/src/rp2_common/pico_stdio/stdio.c.o
 .text.stdio_put_string
                0x10003b00       0xfc CMakeFiles/lab8.dir/Users/stein/pico-sdk/src/rp2_common/pico_stdio/stdio.c.o
                0x10003b00                stdio_put_string
 .text.stdio_set_driver_enabled
                0x10003bfc       0x30 CMakeFiles/lab8.dir/Users/stein/pico-sdk/src/rp2_common/pico_stdio/stdio.c.o
                0x10003bfc                stdio_set_driver_enabled
 .text.stdio_init_all
                0x10003c2c        0x8 CMakeFiles/lab8.dir/Users/stein/pico-sdk/src/rp2_common/pico_stdio/stdio.c.o
                0x10003c2c                stdio_init_all
 .text.__wrap_putchar
                0x10003c34       0x94 CMakeFiles/lab8.dir/Users/stein/pico-sdk/src/rp2_common/pico_stdio/stdio.c.o
                0x10003c34                stdio_putchar
                0x10003c34                __wrap_putchar
 .text.__wrap_puts
                0x10003cc8       0x3c CMakeFiles/lab8.dir/Users/stein/pico-sdk/src/rp2_common/pico_stdio/stdio.c.o
                0x10003cc8                __wrap_puts
                0x10003cc8                stdio_puts
 .text.__wrap_vprintf
                0x10003d04       0xcc CMakeFiles/lab8.dir/Users/stein/pico-sdk/src/rp2_common/pico_stdio/stdio.c.o
                0x10003d04                __wrap_vprintf
                0x10003d04                stdio_vprintf
 .text.__wrap_printf
                0x10003dd0       0x18 CMakeFiles/lab8.dir/Users/stein/pico-sdk/src/rp2_common/pico_stdio/stdio.c.o
                0x10003dd0                stdio_printf
                0x10003dd0                __wrap_printf
 .text.resetd_init
                0x10003de8        0x4 CMakeFiles/lab8.dir/Users/stein/pico-sdk/src/rp2_common/pico_stdio_usb/reset_interface.c.o
 .text.resetd_reset
                0x10003dec        0xc CMakeFiles/lab8.dir/Users/stein/pico-sdk/src/rp2_common/pico_stdio_usb/reset_interface.c.o
 .text.resetd_open
                0x10003df8       0x28 CMakeFiles/lab8.dir/Users/stein/pico-sdk/src/rp2_common/pico_stdio_usb/reset_interface.c.o
 .text.resetd_xfer_cb
                0x10003e20        0x4 CMakeFiles/lab8.dir/Users/stein/pico-sdk/src/rp2_common/pico_stdio_usb/reset_interface.c.o
 .text.resetd_control_xfer_cb
                0x10003e24       0x54 CMakeFiles/lab8.dir/Users/stein/pico-sdk/src/rp2_common/pico_stdio_usb/reset_interface.c.o
 .text.tud_descriptor_bos_cb
                0x10003e78        0x8 CMakeFiles/lab8.dir/Users/stein/pico-sdk/src/rp2_common/pico_stdio_usb/reset_interface.c.o
                0x10003e78                tud_descriptor_bos_cb
 .text.tud_vendor_control_xfer_cb
                0x10003e80       0x34 CMakeFiles/lab8.dir/Users/stein/pico-sdk/src/rp2_common/pico_stdio_usb/reset_interface.c.o
                0x10003e80                tud_vendor_control_xfer_cb
 .text.usbd_app_driver_get_cb
                0x10003eb4        0xc CMakeFiles/lab8.dir/Users/stein/pico-sdk/src/rp2_common/pico_stdio_usb/reset_interface.c.o
                0x10003eb4                usbd_app_driver_get_cb
 .text.tud_cdc_line_coding_cb
                0x10003ec0       0x2c CMakeFiles/lab8.dir/Users/stein/pico-sdk/src/rp2_common/pico_stdio_usb/reset_interface.c.o
                0x10003ec0                tud_cdc_line_coding_cb
 .text.stdio_usb_set_chars_available_callback
                0x10003eec       0x14 CMakeFiles/lab8.dir/Users/stein/pico-sdk/src/rp2_common/pico_stdio_usb/stdio_usb.c.o
                0x10003eec                stdio_usb_set_chars_available_callback
 .text.usb_irq  0x10003f00       0x10 CMakeFiles/lab8.dir/Users/stein/pico-sdk/src/rp2_common/pico_stdio_usb/stdio_usb.c.o
 .text.timer_task
                0x10003f10       0x64 CMakeFiles/lab8.dir/Users/stein/pico-sdk/src/rp2_common/pico_stdio_usb/stdio_usb.c.o
 .text.stdio_usb_in_chars
                0x10003f74       0x8c CMakeFiles/lab8.dir/Users/stein/pico-sdk/src/rp2_common/pico_stdio_usb/stdio_usb.c.o
                0x10003f74                stdio_usb_in_chars
 .text.stdio_usb_out_flush
                0x10004000       0x4c CMakeFiles/lab8.dir/Users/stein/pico-sdk/src/rp2_common/pico_stdio_usb/stdio_usb.c.o
 .text.stdio_usb_out_chars
                0x1000404c      0x100 CMakeFiles/lab8.dir/Users/stein/pico-sdk/src/rp2_common/pico_stdio_usb/stdio_usb.c.o
 .text.low_priority_worker_irq
                0x1000414c       0xc8 CMakeFiles/lab8.dir/Users/stein/pico-sdk/src/rp2_common/pico_stdio_usb/stdio_usb.c.o
 .text.stdio_usb_init
                0x10004214       0xe8 CMakeFiles/lab8.dir/Users/stein/pico-sdk/src/rp2_common/pico_stdio_usb/stdio_usb.c.o
                0x10004214                stdio_usb_init
 .text.tud_descriptor_device_cb
                0x100042fc        0x8 CMakeFiles/lab8.dir/Users/stein/pico-sdk/src/rp2_common/pico_stdio_usb/stdio_usb_descriptors.c.o
                0x100042fc                tud_descriptor_device_cb
 .text.tud_descriptor_configuration_cb
                0x10004304        0x8 CMakeFiles/lab8.dir/Users/stein/pico-sdk/src/rp2_common/pico_stdio_usb/stdio_usb_descriptors.c.o
                0x10004304                tud_descriptor_configuration_cb
 .text.tud_descriptor_string_cb
                0x1000430c       0x78 CMakeFiles/lab8.dir/Users/stein/pico-sdk/src/rp2_common/pico_stdio_usb/stdio_usb_descriptors.c.o
                0x1000430c                tud_descriptor_string_cb
 .text.startup._retrieve_unique_id_on_boot
                0x10004384       0x10 CMakeFiles/lab8.dir/Users/stein/pico-sdk/src/rp2_common/pico_unique_id/unique_id.c.o
 .text.pico_get_unique_board_id_string
                0x10004394      0x1a8 CMakeFiles/lab8.dir/Users/stein/pico-sdk/src/rp2_common/pico_unique_id/unique_id.c.o
                0x10004394                pico_get_unique_board_id_string
 .text.flash_get_unique_id
                0x1000453c       0x3c CMakeFiles/lab8.dir/Users/stein/pico-sdk/src/rp2_common/hardware_flash/flash.c.o
                0x1000453c                flash_get_unique_id
 .text.dcd_init
                0x10004578       0x90 CMakeFiles/lab8.dir/Users/stein/pico-sdk/lib/tinyusb/src/portable/raspberrypi/rp2040/dcd_rp2040.c.o
                0x10004578                dcd_init
 .text.dcd_int_enable
                0x10004608        0xc CMakeFiles/lab8.dir/Users/stein/pico-sdk/lib/tinyusb/src/portable/raspberrypi/rp2040/dcd_rp2040.c.o
                0x10004608                dcd_int_enable
 .text.dcd_set_address
                0x10004614       0x14 CMakeFiles/lab8.dir/Users/stein/pico-sdk/lib/tinyusb/src/portable/raspberrypi/rp2040/dcd_rp2040.c.o
                0x10004614                dcd_set_address
 .text.dcd_sof_enable
                0x10004628       0x1c CMakeFiles/lab8.dir/Users/stein/pico-sdk/lib/tinyusb/src/portable/raspberrypi/rp2040/dcd_rp2040.c.o
                0x10004628                dcd_sof_enable
 .text.dcd_edpt0_status_complete
                0x10004644       0x1c CMakeFiles/lab8.dir/Users/stein/pico-sdk/lib/tinyusb/src/portable/raspberrypi/rp2040/dcd_rp2040.c.o
                0x10004644                dcd_edpt0_status_complete
 .text.dcd_edpt_open
                0x10004660      0x114 CMakeFiles/lab8.dir/Users/stein/pico-sdk/lib/tinyusb/src/portable/raspberrypi/rp2040/dcd_rp2040.c.o
                0x10004660                dcd_edpt_open
 .text.dcd_edpt_close_all
                0x10004774        0x8 CMakeFiles/lab8.dir/Users/stein/pico-sdk/lib/tinyusb/src/portable/raspberrypi/rp2040/dcd_rp2040.c.o
                0x10004774                dcd_edpt_close_all
 .text.dcd_edpt_xfer
                0x1000477c       0x24 CMakeFiles/lab8.dir/Users/stein/pico-sdk/lib/tinyusb/src/portable/raspberrypi/rp2040/dcd_rp2040.c.o
                0x1000477c                dcd_edpt_xfer
 .text.dcd_edpt_stall
                0x100047a0       0x3c CMakeFiles/lab8.dir/Users/stein/pico-sdk/lib/tinyusb/src/portable/raspberrypi/rp2040/dcd_rp2040.c.o
                0x100047a0                dcd_edpt_stall
 .text.dcd_edpt_clear_stall
                0x100047dc       0x30 CMakeFiles/lab8.dir/Users/stein/pico-sdk/lib/tinyusb/src/portable/raspberrypi/rp2040/dcd_rp2040.c.o
                0x100047dc                dcd_edpt_clear_stall
 .text.rp2040_usb_init
                0x1000480c       0x40 CMakeFiles/lab8.dir/Users/stein/pico-sdk/lib/tinyusb/src/portable/raspberrypi/rp2040/rp2040_usb.c.o
                0x1000480c                rp2040_usb_init
 .text.hw_endpoint_xfer_start
                0x1000484c       0x40 CMakeFiles/lab8.dir/Users/stein/pico-sdk/lib/tinyusb/src/portable/raspberrypi/rp2040/rp2040_usb.c.o
                0x1000484c                hw_endpoint_xfer_start
 .text.tud_event_hook_cb
                0x1000488c        0x4 CMakeFiles/lab8.dir/Users/stein/pico-sdk/lib/tinyusb/src/device/usbd.c.o
                0x1000488c                tud_event_hook_cb
 .text.tud_sof_cb
                0x10004890        0x4 CMakeFiles/lab8.dir/Users/stein/pico-sdk/lib/tinyusb/src/device/usbd.c.o
                0x10004890                tud_sof_cb
 .text.tud_descriptor_device_qualifier_cb
                0x10004894        0x4 CMakeFiles/lab8.dir/Users/stein/pico-sdk/lib/tinyusb/src/device/usbd.c.o
                0x10004894                tud_descriptor_device_qualifier_cb
 .text.tud_descriptor_other_speed_configuration_cb
                0x10004898        0x4 CMakeFiles/lab8.dir/Users/stein/pico-sdk/lib/tinyusb/src/device/usbd.c.o
                0x10004898                tud_descriptor_other_speed_configuration_cb
 .text.tud_mount_cb
                0x1000489c        0x4 CMakeFiles/lab8.dir/Users/stein/pico-sdk/lib/tinyusb/src/device/usbd.c.o
                0x1000489c                tud_mount_cb
 .text.tud_umount_cb
                0x100048a0        0x4 CMakeFiles/lab8.dir/Users/stein/pico-sdk/lib/tinyusb/src/device/usbd.c.o
                0x100048a0                tud_umount_cb
 .text.tud_suspend_cb
                0x100048a4        0x4 CMakeFiles/lab8.dir/Users/stein/pico-sdk/lib/tinyusb/src/device/usbd.c.o
                0x100048a4                tud_suspend_cb
 .text.tud_resume_cb
                0x100048a8        0x4 CMakeFiles/lab8.dir/Users/stein/pico-sdk/lib/tinyusb/src/device/usbd.c.o
                0x100048a8                tud_resume_cb
 .text.tud_mounted
                0x100048ac       0x10 CMakeFiles/lab8.dir/Users/stein/pico-sdk/lib/tinyusb/src/device/usbd.c.o
                0x100048ac                tud_mounted
 .text.tud_suspended
                0x100048bc       0x10 CMakeFiles/lab8.dir/Users/stein/pico-sdk/lib/tinyusb/src/device/usbd.c.o
                0x100048bc                tud_suspended
 .text.tud_rhport_init
                0x100048cc       0xf4 CMakeFiles/lab8.dir/Users/stein/pico-sdk/lib/tinyusb/src/device/usbd.c.o
                0x100048cc                tud_rhport_init
 .text.tud_task_ext
                0x100049c0      0x800 CMakeFiles/lab8.dir/Users/stein/pico-sdk/lib/tinyusb/src/device/usbd.c.o
                0x100049c0                tud_task_ext
 .text.usbd_open_edpt_pair
                0x100051c0       0x9c CMakeFiles/lab8.dir/Users/stein/pico-sdk/lib/tinyusb/src/device/usbd.c.o
                0x100051c0                usbd_open_edpt_pair
 .text.usbd_edpt_open
                0x1000525c       0x34 CMakeFiles/lab8.dir/Users/stein/pico-sdk/lib/tinyusb/src/device/usbd.c.o
                0x1000525c                usbd_edpt_open
 .text.usbd_edpt_claim
                0x10005290       0x28 CMakeFiles/lab8.dir/Users/stein/pico-sdk/lib/tinyusb/src/device/usbd.c.o
                0x10005290                usbd_edpt_claim
 .text.usbd_edpt_release
                0x100052b8       0x28 CMakeFiles/lab8.dir/Users/stein/pico-sdk/lib/tinyusb/src/device/usbd.c.o
                0x100052b8                usbd_edpt_release
 .text.usbd_edpt_xfer
                0x100052e0       0x4c CMakeFiles/lab8.dir/Users/stein/pico-sdk/lib/tinyusb/src/device/usbd.c.o
                0x100052e0                usbd_edpt_xfer
 .text.tud_control_status
                0x1000532c       0x2c CMakeFiles/lab8.dir/Users/stein/pico-sdk/lib/tinyusb/src/device/usbd_control.c.o
                0x1000532c                tud_control_status
 .text.tud_control_xfer
                0x10005358       0xa8 CMakeFiles/lab8.dir/Users/stein/pico-sdk/lib/tinyusb/src/device/usbd_control.c.o
                0x10005358                tud_control_xfer
 .text.usbd_control_reset
                0x10005400       0x14 CMakeFiles/lab8.dir/Users/stein/pico-sdk/lib/tinyusb/src/device/usbd_control.c.o
                0x10005400                usbd_control_reset
 .text.usbd_control_set_complete_callback
                0x10005414        0xc CMakeFiles/lab8.dir/Users/stein/pico-sdk/lib/tinyusb/src/device/usbd_control.c.o
                0x10005414                usbd_control_set_complete_callback
 .text.usbd_control_set_request
                0x10005420       0x1c CMakeFiles/lab8.dir/Users/stein/pico-sdk/lib/tinyusb/src/device/usbd_control.c.o
                0x10005420                usbd_control_set_request
 .text.usbd_control_xfer_cb
                0x1000543c       0xec CMakeFiles/lab8.dir/Users/stein/pico-sdk/lib/tinyusb/src/device/usbd_control.c.o
                0x1000543c                usbd_control_xfer_cb
 .text._prep_out_transaction.isra.0
                0x10005528       0x6c CMakeFiles/lab8.dir/Users/stein/pico-sdk/lib/tinyusb/src/class/cdc/cdc_device.c.o
 .text.tud_cdc_n_connected
                0x10005594       0x2c CMakeFiles/lab8.dir/Users/stein/pico-sdk/lib/tinyusb/src/class/cdc/cdc_device.c.o
                0x10005594                tud_cdc_n_connected
 .text.tud_cdc_n_available
                0x100055c0       0x14 CMakeFiles/lab8.dir/Users/stein/pico-sdk/lib/tinyusb/src/class/cdc/cdc_device.c.o
                0x100055c0                tud_cdc_n_available
 .text.tud_cdc_n_read
                0x100055d4       0x88 CMakeFiles/lab8.dir/Users/stein/pico-sdk/lib/tinyusb/src/class/cdc/cdc_device.c.o
                0x100055d4                tud_cdc_n_read
 .text.tud_cdc_n_write_flush
                0x1000565c       0x74 CMakeFiles/lab8.dir/Users/stein/pico-sdk/lib/tinyusb/src/class/cdc/cdc_device.c.o
                0x1000565c                tud_cdc_n_write_flush
 .text.tud_cdc_n_write
                0x100056d0       0x40 CMakeFiles/lab8.dir/Users/stein/pico-sdk/lib/tinyusb/src/class/cdc/cdc_device.c.o
                0x100056d0                tud_cdc_n_write
 .text.tud_cdc_n_write_available
                0x10005710       0x14 CMakeFiles/lab8.dir/Users/stein/pico-sdk/lib/tinyusb/src/class/cdc/cdc_device.c.o
                0x10005710                tud_cdc_n_write_available
 .text.cdcd_init
                0x10005724       0x70 CMakeFiles/lab8.dir/Users/stein/pico-sdk/lib/tinyusb/src/class/cdc/cdc_device.c.o
                0x10005724                cdcd_init
 .text.cdcd_deinit
                0x10005794       0x30 CMakeFiles/lab8.dir/Users/stein/pico-sdk/lib/tinyusb/src/class/cdc/cdc_device.c.o
                0x10005794                cdcd_deinit
 .text.cdcd_reset
                0x100057c4       0x4c CMakeFiles/lab8.dir/Users/stein/pico-sdk/lib/tinyusb/src/class/cdc/cdc_device.c.o
                0x100057c4                cdcd_reset
 .text.cdcd_open
                0x10005810       0xa4 CMakeFiles/lab8.dir/Users/stein/pico-sdk/lib/tinyusb/src/class/cdc/cdc_device.c.o
                0x10005810                cdcd_open
 .text.cdcd_control_xfer_cb
                0x100058b4       0xe8 CMakeFiles/lab8.dir/Users/stein/pico-sdk/lib/tinyusb/src/class/cdc/cdc_device.c.o
                0x100058b4                cdcd_control_xfer_cb
 .text.cdcd_xfer_cb
                0x1000599c      0x100 CMakeFiles/lab8.dir/Users/stein/pico-sdk/lib/tinyusb/src/class/cdc/cdc_device.c.o
                0x1000599c                cdcd_xfer_cb
 .text.vendord_init
                0x10005a9c       0x5c CMakeFiles/lab8.dir/Users/stein/pico-sdk/lib/tinyusb/src/class/vendor/vendor_device.c.o
                0x10005a9c                vendord_init
 .text.vendord_deinit
                0x10005af8       0x1c CMakeFiles/lab8.dir/Users/stein/pico-sdk/lib/tinyusb/src/class/vendor/vendor_device.c.o
                0x10005af8                vendord_deinit
 .text.vendord_reset
                0x10005b14       0x28 CMakeFiles/lab8.dir/Users/stein/pico-sdk/lib/tinyusb/src/class/vendor/vendor_device.c.o
                0x10005b14                vendord_reset
 .text.vendord_open
                0x10005b3c      0x120 CMakeFiles/lab8.dir/Users/stein/pico-sdk/lib/tinyusb/src/class/vendor/vendor_device.c.o
                0x10005b3c                vendord_open
 .text.vendord_xfer_cb
                0x10005c5c       0x9c CMakeFiles/lab8.dir/Users/stein/pico-sdk/lib/tinyusb/src/class/vendor/vendor_device.c.o
                0x10005c5c                vendord_xfer_cb
 .text.tusb_rhport_init
                0x10005cf8       0x4c CMakeFiles/lab8.dir/Users/stein/pico-sdk/lib/tinyusb/src/tusb.c.o
                0x10005cf8                tusb_rhport_init
 .text.tu_edpt_claim
                0x10005d44       0x50 CMakeFiles/lab8.dir/Users/stein/pico-sdk/lib/tinyusb/src/tusb.c.o
                0x10005d44                tu_edpt_claim
 .text.tu_edpt_release
                0x10005d94       0x38 CMakeFiles/lab8.dir/Users/stein/pico-sdk/lib/tinyusb/src/tusb.c.o
                0x10005d94                tu_edpt_release
 .text.tu_edpt_validate
                0x10005dcc       0x7c CMakeFiles/lab8.dir/Users/stein/pico-sdk/lib/tinyusb/src/tusb.c.o
                0x10005dcc                tu_edpt_validate
 .text.tu_edpt_bind_driver
                0x10005e48       0x34 CMakeFiles/lab8.dir/Users/stein/pico-sdk/lib/tinyusb/src/tusb.c.o
                0x10005e48                tu_edpt_bind_driver
 .text.tu_edpt_stream_init
                0x10005e7c       0x6c CMakeFiles/lab8.dir/Users/stein/pico-sdk/lib/tinyusb/src/tusb.c.o
                0x10005e7c                tu_edpt_stream_init
 .text.tu_edpt_stream_deinit
                0x10005ee8        0x4 CMakeFiles/lab8.dir/Users/stein/pico-sdk/lib/tinyusb/src/tusb.c.o
                0x10005ee8                tu_edpt_stream_deinit
 .text.tu_edpt_stream_write_zlp_if_needed
                0x10005eec       0x68 CMakeFiles/lab8.dir/Users/stein/pico-sdk/lib/tinyusb/src/tusb.c.o
                0x10005eec                tu_edpt_stream_write_zlp_if_needed
 .text.tu_edpt_stream_write_xfer
                0x10005f54       0x68 CMakeFiles/lab8.dir/Users/stein/pico-sdk/lib/tinyusb/src/tusb.c.o
                0x10005f54                tu_edpt_stream_write_xfer
 .text.tu_edpt_stream_read_xfer
                0x10005fbc       0xd8 CMakeFiles/lab8.dir/Users/stein/pico-sdk/lib/tinyusb/src/tusb.c.o
                0x10005fbc                tu_edpt_stream_read_xfer
 .text.tu_fifo_config
                0x10006094       0x6c CMakeFiles/lab8.dir/Users/stein/pico-sdk/lib/tinyusb/src/common/tusb_fifo.c.o
                0x10006094                tu_fifo_config
 .text.tu_fifo_count
                0x10006100       0x2c CMakeFiles/lab8.dir/Users/stein/pico-sdk/lib/tinyusb/src/common/tusb_fifo.c.o
                0x10006100                tu_fifo_count
 .text.tu_fifo_empty
                0x1000612c       0x10 CMakeFiles/lab8.dir/Users/stein/pico-sdk/lib/tinyusb/src/common/tusb_fifo.c.o
                0x1000612c                tu_fifo_empty
 .text.tu_fifo_remaining
                0x1000613c       0x2c CMakeFiles/lab8.dir/Users/stein/pico-sdk/lib/tinyusb/src/common/tusb_fifo.c.o
                0x1000613c                tu_fifo_remaining
 .text.tu_fifo_read
                0x10006168       0x9c CMakeFiles/lab8.dir/Users/stein/pico-sdk/lib/tinyusb/src/common/tusb_fifo.c.o
                0x10006168                tu_fifo_read
 .text.tu_fifo_read_n
                0x10006204       0xe8 CMakeFiles/lab8.dir/Users/stein/pico-sdk/lib/tinyusb/src/common/tusb_fifo.c.o
                0x10006204                tu_fifo_read_n
 .text.tu_fifo_write
                0x100062ec       0xa4 CMakeFiles/lab8.dir/Users/stein/pico-sdk/lib/tinyusb/src/common/tusb_fifo.c.o
                0x100062ec                tu_fifo_write
 .text.tu_fifo_write_n
                0x10006390      0x168 CMakeFiles/lab8.dir/Users/stein/pico-sdk/lib/tinyusb/src/common/tusb_fifo.c.o
                0x10006390                tu_fifo_write_n
 .text.tu_fifo_clear
                0x100064f8       0x40 CMakeFiles/lab8.dir/Users/stein/pico-sdk/lib/tinyusb/src/common/tusb_fifo.c.o
                0x100064f8                tu_fifo_clear
 .text.tu_fifo_set_overwritable
                0x10006538       0x48 CMakeFiles/lab8.dir/Users/stein/pico-sdk/lib/tinyusb/src/common/tusb_fifo.c.o
                0x10006538                tu_fifo_set_overwritable
 .text.pvPortMalloc
                0x10006580      0x124 CMakeFiles/lab8.dir/Users/stein/FreeRTOS/FreeRTOS/Source/portable/MemMang/heap_4.c.o
                0x10006580                pvPortMalloc
 .text.vPortFree
                0x100066a4       0x98 CMakeFiles/lab8.dir/Users/stein/FreeRTOS/FreeRTOS/Source/portable/MemMang/heap_4.c.o
                0x100066a4                vPortFree
 *fill*         0x1000673c        0x4 
 .text.vPortStartFirstTask
                0x10006740       0x34 CMakeFiles/lab8.dir/Users/stein/FreeRTOS/FreeRTOS/Source/portable/ThirdParty/GCC/RP2040/port.c.o
 *fill*         0x10006774        0xc 
 .text.xPortPendSVHandler
                0x10006780       0x64 CMakeFiles/lab8.dir/Users/stein/FreeRTOS/FreeRTOS/Source/portable/ThirdParty/GCC/RP2040/port.c.o
                0x10006780                xPortPendSVHandler
 .text.prvTaskExitError
                0x100067e4        0x8 CMakeFiles/lab8.dir/Users/stein/FreeRTOS/FreeRTOS/Source/portable/ThirdParty/GCC/RP2040/port.c.o
 .text.prvFIFOInterruptHandler
                0x100067ec       0x78 CMakeFiles/lab8.dir/Users/stein/FreeRTOS/FreeRTOS/Source/portable/ThirdParty/GCC/RP2040/port.c.o
 .text.vPortSVCHandler
                0x10006864        0x4 CMakeFiles/lab8.dir/Users/stein/FreeRTOS/FreeRTOS/Source/portable/ThirdParty/GCC/RP2040/port.c.o
                0x10006864                vPortSVCHandler
 .text.pxPortInitialiseStack
                0x10006868       0x20 CMakeFiles/lab8.dir/Users/stein/FreeRTOS/FreeRTOS/Source/portable/ThirdParty/GCC/RP2040/port.c.o
                0x10006868                pxPortInitialiseStack
 .text.vPortYield
                0x10006888       0x18 CMakeFiles/lab8.dir/Users/stein/FreeRTOS/FreeRTOS/Source/portable/ThirdParty/GCC/RP2040/port.c.o
                0x10006888                vPortYield
 .text.vPortEnterCritical
                0x100068a0       0x18 CMakeFiles/lab8.dir/Users/stein/FreeRTOS/FreeRTOS/Source/portable/ThirdParty/GCC/RP2040/port.c.o
                0x100068a0                vPortEnterCritical
 .text.vPortExitCritical
                0x100068b8       0x14 CMakeFiles/lab8.dir/Users/stein/FreeRTOS/FreeRTOS/Source/portable/ThirdParty/GCC/RP2040/port.c.o
                0x100068b8                vPortExitCritical
 .text.ulSetInterruptMaskFromISR
                0x100068cc        0x8 CMakeFiles/lab8.dir/Users/stein/FreeRTOS/FreeRTOS/Source/portable/ThirdParty/GCC/RP2040/port.c.o
                0x100068cc                ulSetInterruptMaskFromISR
 .text.vClearInterruptMaskFromISR
                0x100068d4        0x8 CMakeFiles/lab8.dir/Users/stein/FreeRTOS/FreeRTOS/Source/portable/ThirdParty/GCC/RP2040/port.c.o
                0x100068d4                vClearInterruptMaskFromISR
 .text.xPortSysTickHandler
                0x100068dc       0x24 CMakeFiles/lab8.dir/Users/stein/FreeRTOS/FreeRTOS/Source/portable/ThirdParty/GCC/RP2040/port.c.o
                0x100068dc                xPortSysTickHandler
 .text.vPortSetupTimerInterrupt
                0x10006900       0x34 CMakeFiles/lab8.dir/Users/stein/FreeRTOS/FreeRTOS/Source/portable/ThirdParty/GCC/RP2040/port.c.o
                0x10006900                vPortSetupTimerInterrupt
 .text.xPortStartScheduler
                0x10006934       0x9c CMakeFiles/lab8.dir/Users/stein/FreeRTOS/FreeRTOS/Source/portable/ThirdParty/GCC/RP2040/port.c.o
                0x10006934                xPortStartScheduler
 .text.ulPortLockGetCurrentOwnerId
                0x100069d0       0x2c CMakeFiles/lab8.dir/Users/stein/FreeRTOS/FreeRTOS/Source/portable/ThirdParty/GCC/RP2040/port.c.o
                0x100069d0                ulPortLockGetCurrentOwnerId
 .text.vPortLockInternalSpinUnlockWithWait
                0x100069fc       0x68 CMakeFiles/lab8.dir/Users/stein/FreeRTOS/FreeRTOS/Source/portable/ThirdParty/GCC/RP2040/port.c.o
                0x100069fc                vPortLockInternalSpinUnlockWithWait
 .text.vPortLockInternalSpinUnlockWithNotify
                0x10006a64       0xc8 CMakeFiles/lab8.dir/Users/stein/FreeRTOS/FreeRTOS/Source/portable/ThirdParty/GCC/RP2040/port.c.o
                0x10006a64                vPortLockInternalSpinUnlockWithNotify
 .text.xPortLockInternalSpinUnlockWithBestEffortWaitOrTimeout
                0x10006b2c       0xf4 CMakeFiles/lab8.dir/Users/stein/FreeRTOS/FreeRTOS/Source/portable/ThirdParty/GCC/RP2040/port.c.o
                0x10006b2c                xPortLockInternalSpinUnlockWithBestEffortWaitOrTimeout
 .text.startup.prvRuntimeInitializer
                0x10006c20       0x28 CMakeFiles/lab8.dir/Users/stein/FreeRTOS/FreeRTOS/Source/portable/ThirdParty/GCC/RP2040/port.c.o
 .text.vEventGroupSetBitsCallback
                0x10006c48       0x98 CMakeFiles/lab8.dir/Users/stein/FreeRTOS/FreeRTOS/Source/event_groups.c.o
                0x10006c48                vEventGroupSetBitsCallback
 .text.xEventGroupCreate
                0x10006ce0       0x18 CMakeFiles/lab8.dir/Users/stein/FreeRTOS/FreeRTOS/Source/event_groups.c.o
                0x10006ce0                xEventGroupCreate
 .text.xEventGroupWaitBits
                0x10006cf8       0xb8 CMakeFiles/lab8.dir/Users/stein/FreeRTOS/FreeRTOS/Source/event_groups.c.o
                0x10006cf8                xEventGroupWaitBits
 .text.xEventGroupSetBits
                0x10006db0       0xa8 CMakeFiles/lab8.dir/Users/stein/FreeRTOS/FreeRTOS/Source/event_groups.c.o
                0x10006db0                xEventGroupSetBits
 .text.xEventGroupSetBitsFromISR
                0x10006e58       0x18 CMakeFiles/lab8.dir/Users/stein/FreeRTOS/FreeRTOS/Source/event_groups.c.o
                0x10006e58                xEventGroupSetBitsFromISR
 .text.vListInitialise
                0x10006e70       0x18 CMakeFiles/lab8.dir/Users/stein/FreeRTOS/FreeRTOS/Source/list.c.o
                0x10006e70                vListInitialise
 .text.vListInitialiseItem
                0x10006e88        0x8 CMakeFiles/lab8.dir/Users/stein/FreeRTOS/FreeRTOS/Source/list.c.o
                0x10006e88                vListInitialiseItem
 .text.vListInsert
                0x10006e90       0x30 CMakeFiles/lab8.dir/Users/stein/FreeRTOS/FreeRTOS/Source/list.c.o
                0x10006e90                vListInsert
 .text.uxListRemove
                0x10006ec0       0x20 CMakeFiles/lab8.dir/Users/stein/FreeRTOS/FreeRTOS/Source/list.c.o
                0x10006ec0                uxListRemove
 .text.prvUnlockQueue
                0x10006ee0      0x17c CMakeFiles/lab8.dir/Users/stein/FreeRTOS/FreeRTOS/Source/queue.c.o
 .text.prvNotifyQueueSetContainer
                0x1000705c       0x90 CMakeFiles/lab8.dir/Users/stein/FreeRTOS/FreeRTOS/Source/queue.c.o
 .text.xQueueGenericCreate
                0x100070ec       0xa4 CMakeFiles/lab8.dir/Users/stein/FreeRTOS/FreeRTOS/Source/queue.c.o
                0x100070ec                xQueueGenericCreate
 .text.xQueueGenericSendFromISR
                0x10007190      0x150 CMakeFiles/lab8.dir/Users/stein/FreeRTOS/FreeRTOS/Source/queue.c.o
                0x10007190                xQueueGenericSendFromISR
 .text.xQueueReceive
                0x100072e0      0x11c CMakeFiles/lab8.dir/Users/stein/FreeRTOS/FreeRTOS/Source/queue.c.o
                0x100072e0                xQueueReceive
 .text.vQueueAddToRegistry
                0x100073fc      0x118 CMakeFiles/lab8.dir/Users/stein/FreeRTOS/FreeRTOS/Source/queue.c.o
                0x100073fc                vQueueAddToRegistry
 .text.vQueueWaitForMessageRestricted
                0x10007514       0x48 CMakeFiles/lab8.dir/Users/stein/FreeRTOS/FreeRTOS/Source/queue.c.o
                0x10007514                vQueueWaitForMessageRestricted
 .text.prvAddNewTaskToReadyList
                0x1000755c      0x124 CMakeFiles/lab8.dir/Users/stein/FreeRTOS/FreeRTOS/Source/tasks.c.o
 .text.prvCreateTask
                0x10007680      0x130 CMakeFiles/lab8.dir/Users/stein/FreeRTOS/FreeRTOS/Source/tasks.c.o
 .text.prvIdleTask
                0x100077b0       0x60 CMakeFiles/lab8.dir/Users/stein/FreeRTOS/FreeRTOS/Source/tasks.c.o
 .text.xTaskIncrementTick.part.0
                0x10007810      0x1a0 CMakeFiles/lab8.dir/Users/stein/FreeRTOS/FreeRTOS/Source/tasks.c.o
 .text.xTaskCreate
                0x100079b0       0x24 CMakeFiles/lab8.dir/Users/stein/FreeRTOS/FreeRTOS/Source/tasks.c.o
                0x100079b0                xTaskCreate
 .text.vTaskStartScheduler
                0x100079d4       0x74 CMakeFiles/lab8.dir/Users/stein/FreeRTOS/FreeRTOS/Source/tasks.c.o
                0x100079d4                vTaskStartScheduler
 .text.vTaskSuspendAll
                0x10007a48       0x10 CMakeFiles/lab8.dir/Users/stein/FreeRTOS/FreeRTOS/Source/tasks.c.o
                0x10007a48                vTaskSuspendAll
 .text.xTaskResumeAll
                0x10007a58      0x18c CMakeFiles/lab8.dir/Users/stein/FreeRTOS/FreeRTOS/Source/tasks.c.o
                0x10007a58                xTaskResumeAll
 .text.vTaskDelay
                0x10007be4       0x84 CMakeFiles/lab8.dir/Users/stein/FreeRTOS/FreeRTOS/Source/tasks.c.o
                0x10007be4                vTaskDelay
 .text.xTaskGetTickCount
                0x10007c68        0xc CMakeFiles/lab8.dir/Users/stein/FreeRTOS/FreeRTOS/Source/tasks.c.o
                0x10007c68                xTaskGetTickCount
 .text.uxTaskGetNumberOfTasks
                0x10007c74        0xc CMakeFiles/lab8.dir/Users/stein/FreeRTOS/FreeRTOS/Source/tasks.c.o
                0x10007c74                uxTaskGetNumberOfTasks
 .text.xTaskIncrementTick
                0x10007c80       0x24 CMakeFiles/lab8.dir/Users/stein/FreeRTOS/FreeRTOS/Source/tasks.c.o
                0x10007c80                xTaskIncrementTick
 .text.vTaskSwitchContext
                0x10007ca4       0x7c CMakeFiles/lab8.dir/Users/stein/FreeRTOS/FreeRTOS/Source/tasks.c.o
                0x10007ca4                vTaskSwitchContext
 .text.vTaskPlaceOnEventList
                0x10007d20       0xa0 CMakeFiles/lab8.dir/Users/stein/FreeRTOS/FreeRTOS/Source/tasks.c.o
                0x10007d20                vTaskPlaceOnEventList
 .text.vTaskPlaceOnUnorderedEventList
                0x10007dc0       0xc4 CMakeFiles/lab8.dir/Users/stein/FreeRTOS/FreeRTOS/Source/tasks.c.o
                0x10007dc0                vTaskPlaceOnUnorderedEventList
 .text.vTaskPlaceOnEventListRestricted
                0x10007e84       0xf4 CMakeFiles/lab8.dir/Users/stein/FreeRTOS/FreeRTOS/Source/tasks.c.o
                0x10007e84                vTaskPlaceOnEventListRestricted
 .text.xTaskRemoveFromEventList
                0x10007f78       0xd8 CMakeFiles/lab8.dir/Users/stein/FreeRTOS/FreeRTOS/Source/tasks.c.o
                0x10007f78                xTaskRemoveFromEventList
 .text.vTaskRemoveFromUnorderedEventList
                0x10008050       0x98 CMakeFiles/lab8.dir/Users/stein/FreeRTOS/FreeRTOS/Source/tasks.c.o
                0x10008050                vTaskRemoveFromUnorderedEventList
 .text.vTaskInternalSetTimeOutState
                0x100080e8       0x18 CMakeFiles/lab8.dir/Users/stein/FreeRTOS/FreeRTOS/Source/tasks.c.o
                0x100080e8                vTaskInternalSetTimeOutState
 .text.xTaskCheckForTimeOut
                0x10008100       0x74 CMakeFiles/lab8.dir/Users/stein/FreeRTOS/FreeRTOS/Source/tasks.c.o
                0x10008100                xTaskCheckForTimeOut
 .text.vTaskMissedYield
                0x10008174        0xc CMakeFiles/lab8.dir/Users/stein/FreeRTOS/FreeRTOS/Source/tasks.c.o
                0x10008174                vTaskMissedYield
 .text.xTaskGetCurrentTaskHandle
                0x10008180        0xc CMakeFiles/lab8.dir/Users/stein/FreeRTOS/FreeRTOS/Source/tasks.c.o
                0x10008180                xTaskGetCurrentTaskHandle
 .text.xTaskPriorityDisinherit
                0x1000818c       0x64 CMakeFiles/lab8.dir/Users/stein/FreeRTOS/FreeRTOS/Source/tasks.c.o
                0x1000818c                xTaskPriorityDisinherit
 .text.uxTaskResetEventItemValue
                0x100081f0       0x18 CMakeFiles/lab8.dir/Users/stein/FreeRTOS/FreeRTOS/Source/tasks.c.o
                0x100081f0                uxTaskResetEventItemValue
 .text.prvTimerTask
                0x10008208      0x39c CMakeFiles/lab8.dir/Users/stein/FreeRTOS/FreeRTOS/Source/timers.c.o
 .text.xTimerCreateTimerTask
                0x100085a4       0x8c CMakeFiles/lab8.dir/Users/stein/FreeRTOS/FreeRTOS/Source/timers.c.o
                0x100085a4                xTimerCreateTimerTask
 .text.xTimerPendFunctionCallFromISR
                0x10008630       0x2c CMakeFiles/lab8.dir/Users/stein/FreeRTOS/FreeRTOS/Source/timers.c.o
                0x10008630                xTimerPendFunctionCallFromISR
 .text.exception_set_exclusive_handler
                0x1000865c       0x48 CMakeFiles/lab8.dir/Users/stein/pico-sdk/src/rp2_common/hardware_exception/exception.c.o
                0x1000865c                exception_set_exclusive_handler
 .text.pio_sm_setup
                0x100086a4       0xfc ../libcan2040.a(can2040.c.o)
 .text.bitstuff_rp2040
                0x100087a0       0x84 ../libcan2040.a(can2040.c.o)
 .text.data_state_go_discard
                0x10008824       0x64 ../libcan2040.a(can2040.c.o)
 .text.tx_schedule_transmit
                0x10008888       0xdc ../libcan2040.a(can2040.c.o)
 .text.data_state_go_crc
                0x10008964      0x10c ../libcan2040.a(can2040.c.o)
 .text.can2040_pio_irq_handler
                0x10008a70      0x968 ../libcan2040.a(can2040.c.o)
                0x10008a70                can2040_pio_irq_handler
 .text.can2040_transmit
                0x100093d8      0x3bc ../libcan2040.a(can2040.c.o)
                0x100093d8                can2040_transmit
 .text.can2040_setup
                0x10009794       0x30 ../libcan2040.a(can2040.c.o)
                0x10009794                can2040_setup
 .text.can2040_callback_config
                0x100097c4        0x4 ../libcan2040.a(can2040.c.o)
                0x100097c4                can2040_callback_config
 .text.can2040_start
                0x100097c8      0x100 ../libcan2040.a(can2040.c.o)
                0x100097c8                can2040_start
 .text.strlen   0x100098c8       0x5c /Applications/ArmGNUToolchain/14.3.rel1/arm-none-eabi/bin/../lib/gcc/arm-none-eabi/14.3.1/../../../../arm-none-eabi/lib/thumb/v6-m/nofp/libg.a(libc_a-strlen-stub.o)
                0x100098c8                strlen
 *(.fini)
 .fini          0x10009924        0x4 /Applications/ArmGNUToolchain/14.3.rel1/arm-none-eabi/bin/../lib/gcc/arm-none-eabi/14.3.1/thumb/v6-m/nofp/crti.o
                0x10009924                _fini
 .fini.__stub   0x10009928       0xc0 linker stubs
 *crtbegin.o(.ctors)
 *crtbegin?.o(.ctors)
 *(EXCLUDE_FILE(*crtend.o *crtend?.o) .ctors)
 *(SORT_BY_NAME(.ctors.*))
 *(.ctors)
 *crtbegin.o(.dtors)
 *crtbegin?.o(.dtors)
 *(EXCLUDE_FILE(*crtend.o *crtend?.o) .dtors)
 *(SORT_BY_NAME(.dtors.*))
 *(.dtors)
                0x100099e8                        . = ALIGN (0x4)
                0x100099e8                        PROVIDE (__preinit_array_start = .)
 *(SORT_BY_NAME(.preinit_array.*))
 .preinit_array.00100
                0x100099e8        0x4 CMakeFiles/lab8.dir/Users/stein/pico-sdk/src/rp2_common/pico_runtime_init/runtime_init.c.o
                0x100099e8                __pre_init_runtime_init_early_resets
 .preinit_array.00101
                0x100099ec        0x4 CMakeFiles/lab8.dir/Users/stein/pico-sdk/src/rp2_common/pico_runtime_init/runtime_init.c.o
                0x100099ec                __pre_init_runtime_init_usb_power_down
 .preinit_array.00275
                0x100099f0        0x4 CMakeFiles/lab8.dir/Users/stein/pico-sdk/src/rp2_common/pico_bit_ops/bit_ops_aeabi.S.o
 .preinit_array.00300
                0x100099f4        0x4 CMakeFiles/lab8.dir/Users/stein/pico-sdk/src/rp2_common/pico_mem_ops/mem_ops_aeabi.S.o
 .preinit_array.00350
                0x100099f8        0x4 CMakeFiles/lab8.dir/Users/stein/pico-sdk/src/rp2_common/pico_double/double_aeabi_rp2040.S.o
 .preinit_array.00350
                0x100099fc        0x4 CMakeFiles/lab8.dir/Users/stein/pico-sdk/src/rp2_common/pico_float/float_aeabi_rp2040.S.o
 .preinit_array.00500
                0x10009a00        0x4 CMakeFiles/lab8.dir/Users/stein/pico-sdk/src/rp2_common/pico_runtime_init/runtime_init.c.o
                0x10009a00                __pre_init_runtime_init_clocks
 .preinit_array.00600
                0x10009a04        0x4 CMakeFiles/lab8.dir/Users/stein/pico-sdk/src/rp2_common/pico_runtime_init/runtime_init.c.o
                0x10009a04                __pre_init_runtime_init_post_clock_resets
 .preinit_array.00700
                0x10009a08        0x4 CMakeFiles/lab8.dir/Users/stein/pico-sdk/src/rp2_common/pico_runtime_init/runtime_init.c.o
                0x10009a08                __pre_init_runtime_init_rp2040_gpio_ie_disable
 .preinit_array.01000
                0x10009a0c        0x4 CMakeFiles/lab8.dir/Users/stein/pico-sdk/src/rp2_common/pico_runtime_init/runtime_init.c.o
                0x10009a0c                __pre_init_runtime_init_spin_locks_reset
 .preinit_array.01100
                0x10009a10        0x4 CMakeFiles/lab8.dir/Users/stein/pico-sdk/src/common/pico_sync/mutex.c.o
                0x10009a10                __pre_init_runtime_init_mutex
 .preinit_array.10080
                0x10009a14        0x4 CMakeFiles/lab8.dir/Users/stein/pico-sdk/src/rp2_common/pico_runtime_init/runtime_init.c.o
                0x10009a14                __pre_init_runtime_init_install_ram_vector_table
 .preinit_array.11000
                0x10009a18        0x4 CMakeFiles/lab8.dir/Users/stein/pico-sdk/src/common/pico_time/time.c.o
                0x10009a18                __pre_init_runtime_init_default_alarm_pool
 .preinit_array.YYYYY
                0x10009a1c        0x4 CMakeFiles/lab8.dir/Users/stein/pico-sdk/src/rp2_common/pico_runtime/runtime.c.o
                0x10009a1c                __pre_init_first_per_core_initializer
 .preinit_array.ZZZZZ.01200
                0x10009a20        0x4 CMakeFiles/lab8.dir/Users/stein/pico-sdk/src/rp2_common/hardware_irq/irq.c.o
                0x10009a20                __pre_init_runtime_init_per_core_irq_priorities
 *(.preinit_array)
                0x10009a24                        PROVIDE (__preinit_array_end = .)
                0x10009a24                        . = ALIGN (0x4)
                0x10009a24                        PROVIDE (__init_array_start = .)
 *(SORT_BY_NAME(.init_array.*))
 .init_array.01000
                0x10009a24        0x4 CMakeFiles/lab8.dir/Users/stein/pico-sdk/src/rp2_common/pico_unique_id/unique_id.c.o
 *(.init_array)
 .init_array    0x10009a28        0x4 /Applications/ArmGNUToolchain/14.3.rel1/arm-none-eabi/bin/../lib/gcc/arm-none-eabi/14.3.1/thumb/v6-m/nofp/crtbegin.o
 .init_array    0x10009a2c        0x4 CMakeFiles/lab8.dir/Users/stein/FreeRTOS/FreeRTOS/Source/portable/ThirdParty/GCC/RP2040/port.c.o
                0x10009a30                        PROVIDE (__init_array_end = .)
                0x10009a30                        . = ALIGN (0x4)
                [!provide]                        PROVIDE (__fini_array_start = .)
 *(SORT_BY_NAME(.fini_array.*))
 *(.fini_array)
                [!provide]                        PROVIDE (__fini_array_end = .)
 *(.eh_frame*)
 .eh_frame      0x10009a30        0x0 /Applications/ArmGNUToolchain/14.3.rel1/arm-none-eabi/bin/../lib/gcc/arm-none-eabi/14.3.1/thumb/v6-m/nofp/crtbegin.o
                0x10009a30                        . = ALIGN (0x4)

.glue_7         0x10009a30        0x0
 .glue_7        0x10009a30        0x0 linker stubs

.glue_7t        0x10009a30        0x0
 .glue_7t       0x10009a30        0x0 linker stubs

.vfp11_veneer   0x10009a30        0x0
 .vfp11_veneer  0x10009a30        0x0 linker stubs

.v4_bx          0x10009a30        0x0
 .v4_bx         0x10009a30        0x0 linker stubs

.iplt           0x10009a30        0x0
 .iplt          0x10009a30        0x0 /Applications/ArmGNUToolchain/14.3.rel1/arm-none-eabi/bin/../lib/gcc/arm-none-eabi/14.3.1/thumb/v6-m/nofp/crtbegin.o

.rodata         0x10009a30      0x928
 *(EXCLUDE_FILE(*libm.a: *libc.a:*lib_a-mem*.o *libgcc.a:) .rodata*)
 .rodata.CanTransmitTask.str1.4
                0x10009a30      0x1e0 CMakeFiles/lab8.dir/lab8.c.o
                                 0x26 (size before relaxing)
 .rodata.main.str1.4
                0x10009c10       0x10 CMakeFiles/lab8.dir/lab8.c.o
 .rodata.panic.str1.4
                0x10009c10       0x12 CMakeFiles/lab8.dir/Users/stein/pico-sdk/src/rp2_common/pico_platform_panic/panic.c.o
 .rodata.panic_unsupported.str1.4
                0x10009c10        0xe CMakeFiles/lab8.dir/Users/stein/pico-sdk/src/rp2_common/pico_platform_panic/panic.c.o
 .rodata.spin_lock_claim_unused.str1.4
                0x10009c10       0x1b CMakeFiles/lab8.dir/Users/stein/pico-sdk/src/rp2_common/hardware_sync/sync.c.o
 .rodata.user_irq_claim_unused.str1.4
                0x10009c10       0x1b CMakeFiles/lab8.dir/Users/stein/pico-sdk/src/rp2_common/hardware_irq/irq.c.o
 .rodata.timer_hardware_alarm_claim.str1.4
                0x10009c10       0x22 CMakeFiles/lab8.dir/Users/stein/pico-sdk/src/rp2_common/hardware_timer/timer.c.o
 .rodata.hard_assertion_failure.str1.4
                0x10009c10        0xc CMakeFiles/lab8.dir/Users/stein/pico-sdk/src/rp2_common/pico_runtime/runtime.c.o
 .rodata.missing_double_func_shim.str1.4
                0x10009c10       0x18 CMakeFiles/lab8.dir/Users/stein/pico-sdk/src/rp2_common/pico_double/double_init_rom_rp2040.c.o
 .rodata.missing_float_func_shim.str1.4
                0x10009c10        0x1 CMakeFiles/lab8.dir/Users/stein/pico-sdk/src/rp2_common/pico_float/float_init_rom_rp2040.c.o
 .rodata.str1.4
                0x10009c10       0x40 CMakeFiles/lab8.dir/Users/stein/pico-sdk/src/rp2_common/pico_standard_binary_info/standard_binary_info.c.o
 .rodata.__bi_84
                0x10009c10        0xc CMakeFiles/lab8.dir/Users/stein/pico-sdk/src/rp2_common/pico_standard_binary_info/standard_binary_info.c.o
 .rodata.__bi_78
                0x10009c1c        0xc CMakeFiles/lab8.dir/Users/stein/pico-sdk/src/rp2_common/pico_standard_binary_info/standard_binary_info.c.o
 .rodata.__bi_60
                0x10009c28        0xc CMakeFiles/lab8.dir/Users/stein/pico-sdk/src/rp2_common/pico_standard_binary_info/standard_binary_info.c.o
 .rodata.__bi_54
                0x10009c34        0xc CMakeFiles/lab8.dir/Users/stein/pico-sdk/src/rp2_common/pico_standard_binary_info/standard_binary_info.c.o
 .rodata.__bi_48
                0x10009c40        0xc CMakeFiles/lab8.dir/Users/stein/pico-sdk/src/rp2_common/pico_standard_binary_info/standard_binary_info.c.o
 .rodata.__bi_42
                0x10009c4c        0xc CMakeFiles/lab8.dir/Users/stein/pico-sdk/src/rp2_common/pico_standard_binary_info/standard_binary_info.c.o
 .rodata.__bi_34
                0x10009c58        0xc CMakeFiles/lab8.dir/Users/stein/pico-sdk/src/rp2_common/pico_standard_binary_info/standard_binary_info.c.o
 .rodata.__bi_26
                0x10009c64        0xc CMakeFiles/lab8.dir/Users/stein/pico-sdk/src/rp2_common/pico_standard_binary_info/standard_binary_info.c.o
 .rodata._ftoa.str1.4
                0x10009c70       0x15 CMakeFiles/lab8.dir/Users/stein/pico-sdk/src/rp2_common/pico_printf/printf.c.o
 .rodata._vsnprintf
                0x10009c70      0x19c CMakeFiles/lab8.dir/Users/stein/pico-sdk/src/rp2_common/pico_printf/printf.c.o
 *fill*         0x10009e0c        0x4 
 .rodata.pow10.0
                0x10009e10       0x50 CMakeFiles/lab8.dir/Users/stein/pico-sdk/src/rp2_common/pico_printf/printf.c.o
 .rodata.crlf_str.0
                0x10009e60        0x2 CMakeFiles/lab8.dir/Users/stein/pico-sdk/src/rp2_common/pico_stdio/stdio.c.o
 *fill*         0x10009e62        0x2 
 .rodata._resetd_driver
                0x10009e64       0x20 CMakeFiles/lab8.dir/Users/stein/pico-sdk/src/rp2_common/pico_stdio_usb/reset_interface.c.o
 .rodata.desc_ms_os_20
                0x10009e84       0xa6 CMakeFiles/lab8.dir/Users/stein/pico-sdk/src/rp2_common/pico_stdio_usb/reset_interface.c.o
 *fill*         0x10009f2a        0x2 
 .rodata.desc_bos
                0x10009f2c       0x21 CMakeFiles/lab8.dir/Users/stein/pico-sdk/src/rp2_common/pico_stdio_usb/reset_interface.c.o
                0x10009f2c                desc_bos
 .rodata.str1.4
                0x10009f4d       0x13 CMakeFiles/lab8.dir/Users/stein/pico-sdk/src/rp2_common/pico_stdio_usb/stdio_usb.c.o
 *fill*         0x10009f4d        0x3 
 .rodata.__bi_202.0
                0x10009f50        0xc CMakeFiles/lab8.dir/Users/stein/pico-sdk/src/rp2_common/pico_stdio_usb/stdio_usb.c.o
 .rodata.str1.4
                0x10009f5c       0x2a CMakeFiles/lab8.dir/Users/stein/pico-sdk/src/rp2_common/pico_stdio_usb/stdio_usb_descriptors.c.o
 .rodata.usbd_desc_str
                0x10009f5c       0x18 CMakeFiles/lab8.dir/Users/stein/pico-sdk/src/rp2_common/pico_stdio_usb/stdio_usb_descriptors.c.o
 .rodata.usbd_desc_cfg
                0x10009f74       0x54 CMakeFiles/lab8.dir/Users/stein/pico-sdk/src/rp2_common/pico_stdio_usb/stdio_usb_descriptors.c.o
 .rodata.usbd_desc_device
                0x10009fc8       0x12 CMakeFiles/lab8.dir/Users/stein/pico-sdk/src/rp2_common/pico_stdio_usb/stdio_usb_descriptors.c.o
 .rodata.str1.4
                0x10009fda       0x14 CMakeFiles/lab8.dir/Users/stein/pico-sdk/lib/tinyusb/src/portable/raspberrypi/rp2040/dcd_rp2040.c.o
 .rodata.str1.4
                0x10009fda       0x48 CMakeFiles/lab8.dir/Users/stein/pico-sdk/lib/tinyusb/src/portable/raspberrypi/rp2040/rp2040_usb.c.o
 *fill*         0x10009fda        0x2 
 .rodata.tud_task_ext
                0x10009fdc       0x8c CMakeFiles/lab8.dir/Users/stein/pico-sdk/lib/tinyusb/src/device/usbd.c.o
 .rodata        0x1000a068       0x1c CMakeFiles/lab8.dir/Users/stein/pico-sdk/lib/tinyusb/src/device/usbd.c.o
 .rodata._usbd_driver
                0x1000a084       0x40 CMakeFiles/lab8.dir/Users/stein/pico-sdk/lib/tinyusb/src/device/usbd.c.o
 .rodata.uxTopUsedPriority
                0x1000a0c4        0x4 CMakeFiles/lab8.dir/Users/stein/FreeRTOS/FreeRTOS/Source/tasks.c.o
 .rodata.prvTimerTask
                0x1000a0c8       0x28 CMakeFiles/lab8.dir/Users/stein/FreeRTOS/FreeRTOS/Source/timers.c.o
 .rodata.xTimerCreateTimerTask.str1.4
                0x1000a0f0       0x10 CMakeFiles/lab8.dir/Users/stein/FreeRTOS/FreeRTOS/Source/timers.c.o
 .rodata.can2040_pio_irq_handler
                0x1000a0f0       0x28 ../libcan2040.a(can2040.c.o)
 .rodata.crc_table
                0x1000a118      0x200 ../libcan2040.a(can2040.c.o)
 .rodata.can2040_program_instructions
                0x1000a318       0x40 ../libcan2040.a(can2040.c.o)
                0x1000a358                        . = ALIGN (0x4)
 *(SORT_BY_ALIGNMENT(SORT_BY_NAME(.flashdata*)))
                0x1000a358                        . = ALIGN (0x4)

.ARM.extab
 *(.ARM.extab* .gnu.linkonce.armextab.*)
                0x1000a358                        __exidx_start = .

.ARM.exidx
 *(.ARM.exidx* .gnu.linkonce.armexidx.*)
                0x1000a358                        __exidx_end = .
                0x1000a358                        . = ALIGN (0x4)
                0x1000a358                        __binary_info_start = .

.binary_info    0x1000a358       0x24
 *(.binary_info.keep.*)
 .binary_info.keep.__bi_ptr84
                0x1000a358        0x4 CMakeFiles/lab8.dir/Users/stein/pico-sdk/src/rp2_common/pico_standard_binary_info/standard_binary_info.c.o
 .binary_info.keep.__bi_ptr78
                0x1000a35c        0x4 CMakeFiles/lab8.dir/Users/stein/pico-sdk/src/rp2_common/pico_standard_binary_info/standard_binary_info.c.o
 .binary_info.keep.__bi_ptr60
                0x1000a360        0x4 CMakeFiles/lab8.dir/Users/stein/pico-sdk/src/rp2_common/pico_standard_binary_info/standard_binary_info.c.o
 .binary_info.keep.__bi_ptr54
                0x1000a364        0x4 CMakeFiles/lab8.dir/Users/stein/pico-sdk/src/rp2_common/pico_standard_binary_info/standard_binary_info.c.o
 .binary_info.keep.__bi_ptr48
                0x1000a368        0x4 CMakeFiles/lab8.dir/Users/stein/pico-sdk/src/rp2_common/pico_standard_binary_info/standard_binary_info.c.o
 .binary_info.keep.__bi_ptr42
                0x1000a36c        0x4 CMakeFiles/lab8.dir/Users/stein/pico-sdk/src/rp2_common/pico_standard_binary_info/standard_binary_info.c.o
 .binary_info.keep.__bi_ptr34
                0x1000a370        0x4 CMakeFiles/lab8.dir/Users/stein/pico-sdk/src/rp2_common/pico_standard_binary_info/standard_binary_info.c.o
 .binary_info.keep.__bi_ptr26
                0x1000a374        0x4 CMakeFiles/lab8.dir/Users/stein/pico-sdk/src/rp2_common/pico_standard_binary_info/standard_binary_info.c.o
 *(.binary_info.*)
 .binary_info.__bi_ptr202
                0x1000a378        0x4 CMakeFiles/lab8.dir/Users/stein/pico-sdk/src/rp2_common/pico_stdio_usb/stdio_usb.c.o
                0x1000a37c                        __binary_info_end = .
                0x1000a37c                        . = ALIGN (0x4)

.ram_vector_table
                0x20000000       0xc0
 *(.ram_vector_table)
 .ram_vector_table
                0x20000000       0xc0 CMakeFiles/lab8.dir/Users/stein/pico-sdk/src/rp2_common/pico_runtime_init/runtime_init.c.o
                0x20000000                ram_vector_table

.uninitialized_data
                0x200000c0        0x0
                0x200000c0                        . = ALIGN (0x4)
 *(.uninitialized_data*)

.data           0x200000c0      0xff8 load address 0x1000a37c
                0x200000c0                        __data_start__ = .
 *(vtable)
 *(.time_critical*)
 .time_critical.mutex_try_enter
                0x200000c0       0x40 CMakeFiles/lab8.dir/Users/stein/pico-sdk/src/common/pico_sync/mutex.c.o
                0x200000c0                mutex_try_enter
 .time_critical.mutex_try_enter_block_until
                0x20000100       0xa0 CMakeFiles/lab8.dir/Users/stein/pico-sdk/src/common/pico_sync/mutex.c.o
                0x20000100                mutex_try_enter_block_until
 .time_critical.mutex_enter_timeout_ms
                0x200001a0       0x74 CMakeFiles/lab8.dir/Users/stein/pico-sdk/src/common/pico_sync/mutex.c.o
                0x200001a0                mutex_enter_timeout_ms
 .time_critical.mutex_exit
                0x20000214       0x20 CMakeFiles/lab8.dir/Users/stein/pico-sdk/src/common/pico_sync/mutex.c.o
                0x20000214                mutex_exit
 .time_critical.flash_init_boot2_copyout
                0x20000234       0x30 CMakeFiles/lab8.dir/Users/stein/pico-sdk/src/rp2_common/hardware_flash/flash.c.o
 .time_critical.flash_enable_xip_via_boot2
                0x20000264        0xc CMakeFiles/lab8.dir/Users/stein/pico-sdk/src/rp2_common/hardware_flash/flash.c.o
 .time_critical.flash_save_hardware_state
                0x20000270       0x20 CMakeFiles/lab8.dir/Users/stein/pico-sdk/src/rp2_common/hardware_flash/flash.c.o
 .time_critical.flash_restore_hardware_state
                0x20000290       0x20 CMakeFiles/lab8.dir/Users/stein/pico-sdk/src/rp2_common/hardware_flash/flash.c.o
 .time_critical.flash_cs_force
                0x200002b0       0x38 CMakeFiles/lab8.dir/Users/stein/pico-sdk/src/rp2_common/hardware_flash/flash.c.o
 .time_critical.flash_do_cmd
                0x200002e8      0x13c CMakeFiles/lab8.dir/Users/stein/pico-sdk/src/rp2_common/hardware_flash/flash.c.o
                0x200002e8                flash_do_cmd
 .time_critical.reset_non_control_endpoints
                0x20000424       0x68 CMakeFiles/lab8.dir/Users/stein/pico-sdk/lib/tinyusb/src/portable/raspberrypi/rp2040/dcd_rp2040.c.o
 .time_critical.hw_handle_buff_status
                0x2000048c       0xa0 CMakeFiles/lab8.dir/Users/stein/pico-sdk/lib/tinyusb/src/portable/raspberrypi/rp2040/dcd_rp2040.c.o
 .time_critical.dcd_rp2040_irq
                0x2000052c      0x548 CMakeFiles/lab8.dir/Users/stein/pico-sdk/lib/tinyusb/src/portable/raspberrypi/rp2040/dcd_rp2040.c.o
 .time_critical.prepare_ep_buffer
                0x20000a74       0xc8 CMakeFiles/lab8.dir/Users/stein/pico-sdk/lib/tinyusb/src/portable/raspberrypi/rp2040/rp2040_usb.c.o
 .time_critical.sync_ep_buffer
                0x20000b3c       0x9c CMakeFiles/lab8.dir/Users/stein/pico-sdk/lib/tinyusb/src/portable/raspberrypi/rp2040/rp2040_usb.c.o
 .time_critical._hw_endpoint_xfer_sync
                0x20000bd8       0x28 CMakeFiles/lab8.dir/Users/stein/pico-sdk/lib/tinyusb/src/portable/raspberrypi/rp2040/rp2040_usb.c.o
 .time_critical.e15_is_bulkin_ep
                0x20000c00       0x28 CMakeFiles/lab8.dir/Users/stein/pico-sdk/lib/tinyusb/src/portable/raspberrypi/rp2040/rp2040_usb.c.o
 .time_critical.e15_is_critical_frame_period
                0x20000c28       0x34 CMakeFiles/lab8.dir/Users/stein/pico-sdk/lib/tinyusb/src/portable/raspberrypi/rp2040/rp2040_usb.c.o
 .time_critical.hw_endpoint_reset_transfer
                0x20000c5c        0xc CMakeFiles/lab8.dir/Users/stein/pico-sdk/lib/tinyusb/src/portable/raspberrypi/rp2040/rp2040_usb.c.o
                0x20000c5c                hw_endpoint_reset_transfer
 .time_critical._hw_endpoint_buffer_control_update32
                0x20000c68       0x50 CMakeFiles/lab8.dir/Users/stein/pico-sdk/lib/tinyusb/src/portable/raspberrypi/rp2040/rp2040_usb.c.o
                0x20000c68                _hw_endpoint_buffer_control_update32
 .time_critical.hw_endpoint_start_next_buffer
                0x20000cb8       0x68 CMakeFiles/lab8.dir/Users/stein/pico-sdk/lib/tinyusb/src/portable/raspberrypi/rp2040/rp2040_usb.c.o
                0x20000cb8                hw_endpoint_start_next_buffer
 .time_critical.hw_endpoint_xfer_continue
                0x20000d20       0x40 CMakeFiles/lab8.dir/Users/stein/pico-sdk/lib/tinyusb/src/portable/raspberrypi/rp2040/rp2040_usb.c.o
                0x20000d20                hw_endpoint_xfer_continue
 .time_critical.tinyusb
                0x20000d60      0x1e4 CMakeFiles/lab8.dir/Users/stein/pico-sdk/lib/tinyusb/src/device/usbd.c.o
                0x20000d60                dcd_event_handler
 *(.text*)
 .text          0x20000f44        0x4 /Applications/ArmGNUToolchain/14.3.rel1/arm-none-eabi/bin/../lib/gcc/arm-none-eabi/14.3.1/thumb/v6-m/nofp/libgcc.a(_dvmd_tls.o)
                0x20000f44                __aeabi_ldiv0
                0x20000f44                __aeabi_idiv0
 .text.__stub   0x20000f48       0xa0 linker stubs
                0x20000fe8                        . = ALIGN (0x4)
 *(.rodata*)
                0x20000fe8                        . = ALIGN (0x4)
 *(.data*)
 .data.striped_spin_lock_num
                0x20000fe8        0x1 CMakeFiles/lab8.dir/Users/stein/pico-sdk/src/rp2_common/hardware_sync/sync.c.o
 *fill*         0x20000fe9        0x3 
 .data          0x20000fec       0x48 CMakeFiles/lab8.dir/Users/stein/pico-sdk/src/rp2_common/hardware_irq/irq_handler_chain.S.o
                0x20000fec                irq_handler_chain_slots
                0x2000101c                irq_handler_chain_first_slot
                0x20001026                irq_handler_chain_remove_tail
 .data.default_alarm_pool
                0x20001034       0x18 CMakeFiles/lab8.dir/Users/stein/pico-sdk/src/common/pico_time/time.c.o
 *fill*         0x2000104c        0x4 
 .data.aeabi_bits_funcs
                0x20001050       0x10 CMakeFiles/lab8.dir/Users/stein/pico-sdk/src/rp2_common/pico_bit_ops/bit_ops_aeabi.S.o
                0x20001050                aeabi_bits_funcs
                0x20001060                aeabi_bits_funcs_end
 .data.aeabi_mem_funcs
                0x20001060       0x10 CMakeFiles/lab8.dir/Users/stein/pico-sdk/src/rp2_common/pico_mem_ops/mem_ops_aeabi.S.o
                0x20001060                aeabi_mem_funcs
                0x20001070                aeabi_mem_funcs_end
 .data.stdio_usb
                0x20001070       0x18 CMakeFiles/lab8.dir/Users/stein/pico-sdk/src/rp2_common/pico_stdio_usb/stdio_usb.c.o
                0x20001070                stdio_usb
 .data._usbd_qdef
                0x20001088       0x1c CMakeFiles/lab8.dir/Users/stein/pico-sdk/lib/tinyusb/src/device/usbd.c.o
                0x20001088                _usbd_qdef
 .data._usbd_rhport
                0x200010a4        0x1 CMakeFiles/lab8.dir/Users/stein/pico-sdk/lib/tinyusb/src/device/usbd.c.o
 .data.ucPrimaryCoreNum
                0x200010a5        0x1 CMakeFiles/lab8.dir/Users/stein/FreeRTOS/FreeRTOS/Source/portable/ThirdParty/GCC/RP2040/port.c.o
                0x200010a8                        . = ALIGN (0x4)
 *fill*         0x200010a6        0x2 
 *(.after_data.*)
                0x200010a8                        . = ALIGN (0x4)
                0x200010a8                        PROVIDE (__mutex_array_start = .)
 *(SORT_BY_NAME(.mutex_array.*))
 *(.mutex_array)
 .mutex_array   0x200010a8        0x8 CMakeFiles/lab8.dir/Users/stein/pico-sdk/src/rp2_common/pico_malloc/malloc.c.o
 .mutex_array   0x200010b0        0x8 CMakeFiles/lab8.dir/Users/stein/pico-sdk/src/rp2_common/pico_stdio/stdio.c.o
                0x200010b8                        PROVIDE (__mutex_array_end = .)
                0x200010b8                        . = ALIGN (0x4)
 *(.jcr)
                0x200010b8                        . = ALIGN (0x4)

.tm_clone_table
                0x200010b8        0x0 load address 0x1000b374
 .tm_clone_table
                0x200010b8        0x0 /Applications/ArmGNUToolchain/14.3.rel1/arm-none-eabi/bin/../lib/gcc/arm-none-eabi/14.3.1/thumb/v6-m/nofp/crtbegin.o
 .tm_clone_table
                0x200010b8        0x0 /Applications/ArmGNUToolchain/14.3.rel1/arm-none-eabi/bin/../lib/gcc/arm-none-eabi/14.3.1/thumb/v6-m/nofp/crtend.o

.igot.plt       0x200010b8        0x0 load address 0x1000b374
 .igot.plt      0x200010b8        0x0 /Applications/ArmGNUToolchain/14.3.rel1/arm-none-eabi/bin/../lib/gcc/arm-none-eabi/14.3.1/thumb/v6-m/nofp/crtbegin.o

.tdata          0x200010b8        0x0 load address 0x1000b374
                0x200010b8                        . = ALIGN (0x4)
 *(.tdata .tdata.* .gnu.linkonce.td.*)
                0x200010b8                        __tdata_end = .
                0x200010b8                        PROVIDE (__data_end__ = .)
                0x1000a37c                        __etext = LOADADDR (.data)

.tbss           0x200010b8        0x0 load address 0x1000b374
                0x200010b8                        . = ALIGN (0x4)
                0x200010b8                        __bss_start__ = .
                0x200010b8                        __tls_base = .
 *(.tbss .tbss.* .gnu.linkonce.tb.*)
 *(.tcommon)
                0x200010b8                        __tls_end = .

.bss            0x200010b8    0x213e4 load address 0x1000b374
                0x200010b8                        . = ALIGN (0x4)
                0x200010b8                        __tbss_end = .
 *(SORT_BY_ALIGNMENT(SORT_BY_NAME(.bss*)))
 .bss.default_alarm_pool_entries
                0x200010b8      0x180 CMakeFiles/lab8.dir/Users/stein/pico-sdk/src/common/pico_time/time.c.o
 .bss.last_avail_time.1
                0x20001238        0x8 CMakeFiles/lab8.dir/Users/stein/pico-sdk/src/rp2_common/pico_stdio_usb/stdio_usb.c.o
 .bss.sd_table  0x20001240      0x100 CMakeFiles/lab8.dir/Users/stein/pico-sdk/src/rp2_common/pico_double/double_init_rom_rp2040.c.o
                0x20001240                sd_table
 .bss.xQueueRegistry
                0x20001340       0x40 CMakeFiles/lab8.dir/Users/stein/FreeRTOS/FreeRTOS/Source/queue.c.o
                0x20001340                xQueueRegistry
 .bss._app_driver
                0x20001380        0x4 CMakeFiles/lab8.dir/Users/stein/pico-sdk/lib/tinyusb/src/device/usbd.c.o
 .bss._cdcd_epbuf
                0x20001384       0x80 CMakeFiles/lab8.dir/Users/stein/pico-sdk/lib/tinyusb/src/class/cdc/cdc_device.c.o
 .bss._cdcd_fifo_cfg
                0x20001404        0x1 CMakeFiles/lab8.dir/Users/stein/pico-sdk/lib/tinyusb/src/class/cdc/cdc_device.c.o
 *fill*         0x20001405        0x3 
 .bss._cdcd_itf
                0x20001408       0xc8 CMakeFiles/lab8.dir/Users/stein/pico-sdk/lib/tinyusb/src/class/cdc/cdc_device.c.o
 .bss._ctrl_epbuf
                0x200014d0       0x40 CMakeFiles/lab8.dir/Users/stein/pico-sdk/lib/tinyusb/src/device/usbd_control.c.o
 .bss._ctrl_xfer
                0x20001510       0x14 CMakeFiles/lab8.dir/Users/stein/pico-sdk/lib/tinyusb/src/device/usbd_control.c.o
 .bss._tusb_rhport_role
                0x20001524        0x2 CMakeFiles/lab8.dir/Users/stein/pico-sdk/lib/tinyusb/src/tusb.c.o
                0x20001524                _tusb_rhport_role
 *fill*         0x20001526        0x2 
 .bss._ubsd_mutexdef
                0x20001528        0x8 CMakeFiles/lab8.dir/Users/stein/pico-sdk/lib/tinyusb/src/device/usbd.c.o
 .bss._usbd_dev
                0x20001530       0x54 CMakeFiles/lab8.dir/Users/stein/pico-sdk/lib/tinyusb/src/device/usbd.c.o
 .bss._usbd_mutex
                0x20001584        0x4 CMakeFiles/lab8.dir/Users/stein/pico-sdk/lib/tinyusb/src/device/usbd.c.o
 .bss._usbd_q   0x20001588        0x4 CMakeFiles/lab8.dir/Users/stein/pico-sdk/lib/tinyusb/src/device/usbd.c.o
 .bss._usbd_qdef_buf
                0x2000158c       0xc0 CMakeFiles/lab8.dir/Users/stein/pico-sdk/lib/tinyusb/src/device/usbd.c.o
                0x2000158c                _usbd_qdef_buf
 .bss._vendord_epbuf
                0x2000164c       0x80 CMakeFiles/lab8.dir/Users/stein/pico-sdk/lib/tinyusb/src/class/vendor/vendor_device.c.o
 .bss._vendord_itf
                0x200016cc      0x24c CMakeFiles/lab8.dir/Users/stein/pico-sdk/lib/tinyusb/src/class/vendor/vendor_device.c.o
 .bss.boot2_copyout
                0x20001918      0x100 CMakeFiles/lab8.dir/Users/stein/pico-sdk/src/rp2_common/hardware_flash/flash.c.o
 .bss.cbus      0x20001a18      0x118 CMakeFiles/lab8.dir/lab8.c.o
 .bss.chars_available_callback
                0x20001b30        0x4 CMakeFiles/lab8.dir/Users/stein/pico-sdk/src/rp2_common/pico_stdio_usb/stdio_usb.c.o
 .bss.chars_available_param
                0x20001b34        0x4 CMakeFiles/lab8.dir/Users/stein/pico-sdk/src/rp2_common/pico_stdio_usb/stdio_usb.c.o
 .bss.claimed   0x20001b38        0x4 CMakeFiles/lab8.dir/Users/stein/pico-sdk/src/rp2_common/hardware_sync/sync.c.o
 .bss.claimed   0x20001b3c        0x1 CMakeFiles/lab8.dir/Users/stein/pico-sdk/src/rp2_common/hardware_timer/timer.c.o
 *fill*         0x20001b3d        0x3 
 .bss.configured_freq
                0x20001b40       0x28 CMakeFiles/lab8.dir/Users/stein/pico-sdk/src/rp2_common/hardware_clocks/clocks.c.o
 .bss.desc_str.0
                0x20001b68       0x28 CMakeFiles/lab8.dir/Users/stein/pico-sdk/src/rp2_common/pico_stdio_usb/stdio_usb_descriptors.c.o
 .bss.drivers   0x20001b90        0x4 CMakeFiles/lab8.dir/Users/stein/pico-sdk/src/rp2_common/pico_stdio/stdio.c.o
 .bss.e15_last_sof
                0x20001b94        0x4 CMakeFiles/lab8.dir/Users/stein/pico-sdk/lib/tinyusb/src/portable/raspberrypi/rp2040/rp2040_usb.c.o
                0x20001b94                e15_last_sof
 .bss.filter    0x20001b98        0x4 CMakeFiles/lab8.dir/Users/stein/pico-sdk/src/rp2_common/pico_stdio/stdio.c.o
 .bss.hw_endpoints
                0x20001b9c      0x400 CMakeFiles/lab8.dir/Users/stein/pico-sdk/lib/tinyusb/src/portable/raspberrypi/rp2040/dcd_rp2040.c.o
 .bss.lazy_vsnprintf
                0x20001f9c        0x4 CMakeFiles/lab8.dir/Users/stein/pico-sdk/src/rp2_common/pico_printf/printf.c.o
 .bss.load_value
                0x20001fa0        0x4 CMakeFiles/lab8.dir/Users/stein/pico-sdk/src/rp2_common/hardware_watchdog/watchdog.c.o
 .bss.next_buffer_ptr
                0x20001fa4        0x4 CMakeFiles/lab8.dir/Users/stein/pico-sdk/lib/tinyusb/src/portable/raspberrypi/rp2040/dcd_rp2040.c.o
 .bss.object.0  0x20001fa8       0x18 /Applications/ArmGNUToolchain/14.3.rel1/arm-none-eabi/bin/../lib/gcc/arm-none-eabi/14.3.1/thumb/v6-m/nofp/crtbegin.o
 .bss.one_shot_timer_crit_sec
                0x20001fc0        0x8 CMakeFiles/lab8.dir/Users/stein/pico-sdk/src/rp2_common/pico_stdio_usb/stdio_usb.c.o
 .bss.pools     0x20001fc8       0x10 CMakeFiles/lab8.dir/Users/stein/pico-sdk/src/common/pico_time/time.c.o
 .bss.pxCrossCoreSpinLock
                0x20001fd8        0x4 CMakeFiles/lab8.dir/Users/stein/FreeRTOS/FreeRTOS/Source/portable/ThirdParty/GCC/RP2040/port.c.o
 .bss.pxCurrentTCB
                0x20001fdc        0x4 CMakeFiles/lab8.dir/Users/stein/FreeRTOS/FreeRTOS/Source/tasks.c.o
                0x20001fdc                pxCurrentTCB
 .bss.pxCurrentTimerList
                0x20001fe0        0x4 CMakeFiles/lab8.dir/Users/stein/FreeRTOS/FreeRTOS/Source/timers.c.o
 .bss.pxDelayedTaskList
                0x20001fe4        0x4 CMakeFiles/lab8.dir/Users/stein/FreeRTOS/FreeRTOS/Source/tasks.c.o
 .bss.pxEnd     0x20001fe8        0x4 CMakeFiles/lab8.dir/Users/stein/FreeRTOS/FreeRTOS/Source/portable/MemMang/heap_4.c.o
 .bss.pxOverflowDelayedTaskList
                0x20001fec        0x4 CMakeFiles/lab8.dir/Users/stein/FreeRTOS/FreeRTOS/Source/tasks.c.o
 .bss.pxOverflowTimerList
                0x20001ff0        0x4 CMakeFiles/lab8.dir/Users/stein/FreeRTOS/FreeRTOS/Source/timers.c.o
 .bss.pxReadyTasksLists
                0x20001ff4      0x280 CMakeFiles/lab8.dir/Users/stein/FreeRTOS/FreeRTOS/Source/tasks.c.o
 .bss.queue     0x20002274        0x4 CMakeFiles/lab8.dir/lab8.c.o
 .bss.retrieved_id
                0x20002278        0x8 CMakeFiles/lab8.dir/Users/stein/pico-sdk/src/rp2_common/pico_unique_id/unique_id.c.o
 .bss.sf_clz_func
                0x20002280        0x4 CMakeFiles/lab8.dir/Users/stein/pico-sdk/src/rp2_common/pico_double/double_init_rom_rp2040.c.o
                0x20002280                sf_clz_func
 .bss.sf_table  0x20002284      0x100 CMakeFiles/lab8.dir/Users/stein/pico-sdk/src/rp2_common/pico_float/float_init_rom_rp2040.c.o
                0x20002284                sf_table
 .bss.sleep_notifier
                0x20002384        0x4 CMakeFiles/lab8.dir/Users/stein/pico-sdk/src/common/pico_time/time.c.o
 .bss.stdio_usb_mutex
                0x20002388        0x8 CMakeFiles/lab8.dir/Users/stein/pico-sdk/src/rp2_common/pico_stdio_usb/stdio_usb.c.o
 .bss.ucHeap    0x20002390    0x20000 CMakeFiles/lab8.dir/Users/stein/FreeRTOS/FreeRTOS/Source/portable/MemMang/heap_4.c.o
 .bss.usbd_serial_str
                0x20022390       0x11 CMakeFiles/lab8.dir/Users/stein/pico-sdk/src/rp2_common/pico_stdio_usb/stdio_usb_descriptors.c.o
 *fill*         0x200223a1        0x3 
 .bss.uxCriticalNesting
                0x200223a4        0x4 CMakeFiles/lab8.dir/Users/stein/FreeRTOS/FreeRTOS/Source/portable/ThirdParty/GCC/RP2040/port.c.o
 .bss.uxCrossCoreEventBits
                0x200223a8        0x4 CMakeFiles/lab8.dir/Users/stein/FreeRTOS/FreeRTOS/Source/portable/ThirdParty/GCC/RP2040/port.c.o
 .bss.uxCurrentNumberOfTasks
                0x200223ac        0x4 CMakeFiles/lab8.dir/Users/stein/FreeRTOS/FreeRTOS/Source/tasks.c.o
 .bss.uxDeletedTasksWaitingCleanUp
                0x200223b0        0x4 CMakeFiles/lab8.dir/Users/stein/FreeRTOS/FreeRTOS/Source/tasks.c.o
 .bss.uxSchedulerSuspended